******************************************************************************
            TI ARM Clang Linker PC v3.2.2                      
******************************************************************************
>> Linked Tue Apr  1 21:25:53 2025

OUTPUT FILE NAME:   <Irwin_EnhancedSmartThermostat.out>
ENTRY POINT SYMBOL: "_c_int00"  address: 20017495


MEMORY CONFIGURATION

         name            origin    length      used     unused   attr    fill
----------------------  --------  ---------  --------  --------  ----  --------
  SRAM0                 20000000   00004000  00000400  00003c00  RW X
  SRAM                  20004000   0003c000  0001fda3  0001c25d  RW X
  LOG_DATA              90000000   00040000  00000000  00040000  R   
  LOG_PTR               94000008   00040000  00000000  00040000  R   


SEGMENT ALLOCATION MAP

run origin  load origin   length   init length attrs members
----------  ----------- ---------- ----------- ----- -------
20003c00    20003c00    00000400   00000000    rw-
  20003c00    20003c00    00000400   00000000    rw- .stack
20004000    20004000    0001c5f0   000145ec    r-x
  20004000    20004000    0000003c   0000003c    r-- .resetVecs
  20004040    20004040    000145ac   000145ac    r-x .text
  200185f0    200185f0    00008000   00000000    r-- .priheap
200205f0    200205f0    000001e8   000001e8    r--
  200205f0    200205f0    000001e8   000001e8    r-- .cinit
20020800    20020800    00001714   00000000    rw-
  20020800    20020800    00001714   00000000    rw- .bss
20021f20    20021f20    000015dc   000015dc    r--
  20021f20    20021f20    000015dc   000015dc    r-- .rodata
20023500    20023500    000005d7   00000000    rw-
  20023500    20023500    000005d7   00000000    rw- .data


SECTION ALLOCATION MAP

 output                                  attributes/
section   page    origin      length       input sections
--------  ----  ----------  ----------   ----------------
.resetVecs 
*          0    20004000    0000003c     
                  20004000    0000003c     ti_sysbios_config.o (.resetVecs)

.text      0    20004040    000145ac     
                  20004040    00000c20     libc.a : _scanfi.c.obj (.text.__TI_scanfi)
                  20004c60    00000a36     simplelink.a : driver.obj (.text._SlDrvMsgRead)
                  20005696    00000002     ti_sysbios_config.o (.text.BIOS_nullFunc)
                  20005698    0000086c     libc.a : _printfi.c.obj (.text:__TI_printfi_nofloat)
                  20005f04    0000050a     simplelink.a : sl_socket.obj (.text._SlSocketHandleAsync_Select)
                  2000640e    000004b8     driverlib.a : prcm.obj (.text.PRCMCC3200MCUInit)
                  200068c6    00000414     simplelink.a : driver.obj (.text._SlDrvMsgWrite)
                  20006cda    00000002     ti_drivers_config.o (.text.Board_initHook)
                  20006cdc    000003e4     drivers_cc32xx.a : PowerCC32XX.c.obj (.text.Power_sleep)
                  200070c0    000003b2     simplelink.a : driver.obj (.text._SlDrvReleasePoolObj)
                  20007472    000003ae                  : driver.obj (.text._SlDrvRxHdrRead)
                  20007820    000003a4                  : driver.obj (.text._SlDrvWaitForPoolObj)
                  20007bc4    000003a0     libc.a : strtod.c.obj (.text.strtod)
                  20007f64    00000368     simplelink.a : sl_socket.obj (.text.sl_Select)
                  200082cc    00000338     enhancedsmartthermostat.o (.text.ServerTask)
                  20008604    000002f6     simplelink.a : driver.obj (.text._SlDrvDataReadOp)
                  200088fa    000002ee     net_utils.a : clock_sync.obj (.text.ClockSync_convert)
                  20008be8    000002dc     simplelink.a : wlan.obj (.text.sl_WlanConnect)
                  20008ec4    000002be                  : driver.obj (.text._SlDrvDataWriteOp)
                  20009182    000002aa                  : driver.obj (.text._SlDrvMsgReadCmdCtx)
                  2000942c    000002a2                  : driver.obj (.text._SlDrvDriverCBInit)
                  200096ce    00000272                  : device.obj (.text.sl_Stop)
                  20009940    00000258                  : netapp.obj (.text.sl_NetAppPing)
                  20009b98    00000226                  : netapp.obj (.text._SlNetAppEventHandler)
                  20009dbe    00000222     drivers_cc32xx.a : UART2CC32XX.c.obj (.text.UART2CC32XX_hwiIntFxn)
                  20009fe0    00000218     simplelink.a : driver.obj (.text._SlDrvReleaseAllActivePendingPoolObj)
                  2000a1f8    00000202                  : sl_socket.obj (.text.sl_Accept)
                  2000a3fa    000001ea                  : sl_socket.obj (.text._SlDrvRegisterForSelectAsync)
                  2000a5e4    000001de                  : driver.obj (.text._SlDrvFindAndSetActiveObj)
                  2000a7c2    00000002     drivers_cc32xx.a : I2C.c.obj (.text.I2C_init)
                  2000a7c4    000001dc     enhancedsmartthermostat.o (.text.initWiFi)
                  2000a9a0    000001cc     drivers_cc32xx.a : UART2CC32XX.c.obj (.text.UART2_open)
                  2000ab6c    000001bc     simplelink.a : sl_socket.obj (.text.sl_Connect)
                  2000ad28    000001b8     libc.a : strtoll.c.obj (.text.strtoll)
                  2000aee0    000001b6     libclang_rt.builtins.a : adddf3.S.obj (.text.adddf3_subdf3)
                  2000b096    000001ac     simplelink.a : netapp.obj (.text.sl_NetAppDnsGetHostByName)
                  2000b242    000001a4     drivers_cc32xx.a : SPICC32XXDMA.c.obj (.text.SPICC32XXDMA_transfer)
                  2000b3e6    0000019c     simplelink.a : sl_socket.obj (.text.sl_RecvFrom)
                  2000b582    00000002     enhancedsmartthermostat.o (.text.SimpleLinkHttpServerEventHandler)
                  2000b584    00000194     simplelink.a : driver.obj (.text._SlDrvMsgReadSpawnCtx)
                  2000b718    00000188                  : sl_socket.obj (.text.sl_StartTLS)
                  2000b8a0    00000180                  : sl_socket.obj (.text._SlDrvGetNextTimeoutValue)
                  2000ba20    0000017c     enhancedsmartthermostat.o (.text.initI2C)
                  2000bb9c    0000017a     simplelink.a : driver.obj (.text._SlDrvDriverCBDeinit)
                  2000bd16    0000017a                  : driver.obj (.text._SlSpawnMsgListInsert)
                  2000be90    00000176                  : device.obj (.text.sl_Start)
                  2000c006    00000174     drivers_cc32xx.a : UART2.c.obj (.text.UART2_writeTimeoutBlocking)
                  2000c17a    00000002     enhancedsmartthermostat.o (.text.SimpleLinkNetAppEventHandler)
                  2000c17c    00000170     libc.a : strtoull.c.obj (.text.strtoull)
                  2000c2ec    0000016c     simplelink.a : sl_socket.obj (.text._SlSocketHandleAsync_StartTLS)
                  2000c458    0000016a                  : driver.obj (.text._SlDrvObjGlobalLockWaitForever)
                  2000c5c2    00000166                  : driver.obj (.text._SlDrvAsyncEventGenericHandler)
                  2000c728    00000162                  : driver.obj (.text._SlDrvClassifyRxMsg)
                  2000c88a    00000002     enhancedsmartthermostat.o (.text.SimpleLinkNetAppRequestEventHandler)
                  2000c88c    0000015c     slnetsock_release.a : slnetutils.om4 (.text.SlNetUtil_inetPton)
                  2000c9e8    00000158     sntp_release.a : sntp.om4 (.text.getTime)
                  2000cb40    00000154     simplelink.a : driver.obj (.text._SlDrvCmdOp)
                  2000cc94    0000014e                  : fs.obj (.text.sl_FsOpen)
                  2000cde2    00000002     enhancedsmartthermostat.o (.text.SimpleLinkNetAppRequestMemFreeEventHandler)
                  2000cde4    0000014c     drivers_cc32xx.a : SPICC32XXDMA.c.obj (.text.configDMA)
                  2000cf30    00000140                      : GPIOCC32XX.c.obj (.text.GPIO_setConfig)
                  2000d070    00000140     simplelink.a : device.obj (.text._SlDeviceEventHandler)
                  2000d1b0    00000138     drivers_cc32xx.a : I2CCC32XX.c.obj (.text.I2CCC32XX_hwiFxn)
                  2000d2e8    00000138                      : SPICC32XXDMA.c.obj (.text.SPICC32XXDMA_open)
                  2000d420    00000138     libc.a : strtol.c.obj (.text.strtol)
                  2000d558    00000136     libclang_rt.builtins.a : divdf3.S.obj (.text.__divdf3)
                  2000d68e    00000130     simplelink.a : fs.obj (.text.sl_FsWrite)
                  2000d7be    0000012e                  : driver.obj (.text._SlDrvWaitForInternalAsyncEvent)
                  2000d8ec    0000012a                  : sl_socket.obj (.text.sl_SendTo)
                  2000da16    00000128                  : netapp.obj (.text._SlNetAppHandleAsync_DnsGetHostByService)
                  2000db3e    00000126     drivers_cc32xx.a : I2C.c.obj (.text.I2C_transferTimeout)
                  2000dc64    00000126     slnetifwifi.a : slnetifwifi.obj (.text.SlNetIfWifi_loadSecObj)
                  2000dd8a    00000002     enhancedsmartthermostat.o (.text.SimpleLinkSockEventHandler)
                  2000dd8c    00000120     slnetsock_release.a : slnetif.om4 (.text.SlNetIf_add)
                  2000deac    0000011c     libc.a : strtoul.c.obj (.text.strtoul)
                  2000dfc8    0000011a     drivers_cc32xx.a : UART2.c.obj (.text.UART2_writeTimeoutNonblocking)
                  2000e0e2    00000116     net_utils.a : clock_sync.obj (.text.ClockSync_update)
                  2000e1f8    00000116     simplelink.a : sl_socket.obj (.text.sl_Close)
                  2000e30e    00000002     enhancedsmartthermostat.o (.text.SimpleLinkWlanEventHandler)
                  2000e310    00000114     sntp_release.a : sntp.om4 (.text.SNTP_getTime)
                  2000e424    00000112     driverlib.a : udma.obj (.text.uDMAChannelTransferSet)
                  2000e536    00000002     drivers_cc32xx.a : UART2CC32XX.c.obj (.text.UART2CC32XX_eventCallback)
                  2000e538    00000108     ti_sysbios_config.o (.text.PowerCC32XX_sleepPolicy)
                  2000e640    00000106     simplelink.a : device.obj (.text._SlDeviceHandleAsync_InitComplete)
                  2000e746    00000002     libclang_rt.builtins.a : aeabi_div0.c.obj (.text.__aeabi_ldiv0)
                  2000e748    00000104     ti_sysbios_config.o (.text.ti_sysbios_family_arm_m3_Timer_Instance_init)
                  2000e84c    000000fc     libclang_rt.builtins.a : muldf3.S.obj (.text.__muldf3)
                  2000e948    000000f4     ti_sysbios_config.o (.text.ti_sysbios_knl_Event_pend)
                  2000ea3c    000000f4     ti_sysbios_config.o (.text.ti_sysbios_knl_Semaphore_pend)
                  2000eb30    000000ee     simplelink.a : driver.obj (.text._SlDrvRemoveFromList)
                  2000ec1e    000000ec                  : driver.obj (.text._SlDrvDriverIsApiAllowed)
                  2000ed0a    00000002     libc.a : _lock.c.obj (.text._nop)
                  2000ed0c    000000ec     sysbios.a : Hwi_asm_gcc.s.obj (.text.ti_sysbios_family_arm_m3_Hwi_dispatch)
                  2000edf8    000000ea     simplelink.a : netcfg.obj (.text.sl_NetCfgGet)
                  2000eee2    00000002     ti_sysbios_config.o (.text._system_pre_init)
                  2000eee4    000000e8     drivers_cc32xx.a : I2CCC32XX.c.obj (.text.I2C_open)
                  2000efcc    000000e8                      : UART2CC32XX.c.obj (.text.UART2_close)
                  2000f0b4    000000e2     simplelink.a : wlan.obj (.text.sl_WlanGet)
                  2000f196    000000e0                  : cc_pal.obj (.text.NwpPowerOff)
                  2000f276    000000dc                  : netapp.obj (.text._SlNetAppHandleAsync_NetAppReceive)
                  2000f352    000000dc                  : sl_socket.obj (.text.sl_GetSockOpt)
                  2000f42e    000000da                  : sl_socket.obj (.text.sl_Send)
                  2000f508    000000d8     ti_sysbios_config.o (.text.pthread_create)
                  2000f5e0    000000d8     ti_sysbios_config.o (.text.ti_sysbios_family_arm_m3_Hwi_excFillContext)
                  2000f6b8    000000d6     slnetifwifi.a : slnetifwifi.obj (.text.SlNetIfWifi_getSockOpt)
                  2000f78e    00000002     ti_sysbios_config.o (.text.ti_sysbios_runtime_System_exitSpin)
                  2000f790    000000d4     drivers_cc32xx.a : SPICC32XXDMA.c.obj (.text.SPICC32XXDMA_transferCancel)
                  2000f864    000000d4     simplelink.a : cc_pal.obj (.text.Semaphore_pend_handle)
                  2000f938    000000d4     ti_sysbios_config.o (.text.clock_gettime)
                  2000fa0c    000000d0     slnetifwifi.a : slnetifwifi.obj (.text.matchModeByRole)
                  2000fadc    000000ce     simplelink.a : netapp.obj (.text._SlNetAppHandleAsync_DnsGetHostByName)
                  2000fbaa    000000ce                  : sl_socket.obj (.text.sl_Bind)
                  2000fc78    000000cc     drivers_cc32xx.a : UART2CC32XX.c.obj (.text.UART2Support_dmaStartRx)
                  2000fd44    000000cc     enhancedsmartthermostat.o (.text.createTasks)
                  2000fe10    000000ca     simplelink.a : driver.obj (.text._SlDrvHandleFatalError)
                  2000feda    000000ca                  : netapp.obj (.text._SlNetAppHandleAsync_PingResponse)
                  2000ffa4    000000c6     driverlib.a : prcm.obj (.text.PRCMPeripheralClockGet)
                  2001006a    00000002     --HOLE-- [fill = 0]
                  2001006c    000000c4     drivers_cc32xx.a : UART2CC32XX.c.obj (.text.UART2CC32XX_initHw)
                  20010130    000000c4     simplelink.a : driver.obj (.text._SlDrvIsTimeoutExpired)
                  200101f4    000000c4     libc.a : s_scalbn.c.obj (.text.scalbn)
                  200102b8    000000c4     simplelink.a : fs.obj (.text.sl_FsClose)
                  2001037c    000000c0                  : netutil.obj (.text._SlNetUtilHandleAsync_Cmd)
                  2001043c    000000be                  : netapp.obj (.text._SlNetAppSendResponse)
                  200104fa    00000002     --HOLE-- [fill = 0]
                  200104fc    000000bc     enhancedsmartthermostat.o (.text.mainThread)
                  200105b8    000000b8     drivers_cc32xx.a : UART2CC32XX.c.obj (.text.UART2Support_dmaStartTx)
                  20010670    000000b8     simplelink.a : sl_socket.obj (.text._SlDrvUnRegisterForSelectAsync)
                  20010728    000000b8                  : driver.obj (.text._SlSpawnMsgListProcess)
                  200107e0    000000b8     ti_sysbios_config.o (.text.ti_sysbios_knl_Task_Instance_finalize)
                  20010898    000000b8     ti_sysbios_config.o (.text.ti_sysbios_knl_Task_setPri)
                  20010950    000000b4     enhancedsmartthermostat.o (.text.ButtonCheck)
                  20010a04    000000b4     drivers_cc32xx.a : SPICC32XXDMA.c.obj (.text.SPICC32XXDMA_close)
                  20010ab8    000000b4     driverlib.a : spi.obj (.text.SPIConfigSetExpClk)
                  20010b6c    000000b4     simplelink.a : cc_pal.obj (.text.spi_Read)
                  20010c20    000000b4                  : cc_pal.obj (.text.spi_Write)
                  20010cd4    000000b2                  : driver.obj (.text._SlDrvProtectAsyncRespSetting)
                  20010d86    00000002     --HOLE-- [fill = 0]
                  20010d88    000000b0     enhancedsmartthermostat.o (.text.readTemp)
                  20010e38    000000b0     libclang_rt.builtins.a : udivmoddi4.S.obj (.text)
                  20010ee8    000000ac     driverlib.a : gpio.obj (.text.GPIOIntTypeSet)
                  20010f94    000000ac     simplelink.a : sl_socket.obj (.text._SlSocketHandleAsync_Close)
                  20011040    000000ac                  : sl_socket.obj (.text._SlSocketHandleAsync_Connect)
                  200110ec    000000aa     slnetsock_release.a : slnetsock.om4 (.text.SlNetSock_create)
                  20011196    000000a6     slnetifwifi.a : slnetifwifi.obj (.text.SlNetIfWifi_ping)
                  2001123c    000000a4     simplelink.a : fs.obj (.text.FsGetCreateFsMode)
                  200112e0    000000a4                  : sl_socket.obj (.text.sl_Recv)
                  20011384    000000a4                  : sl_socket.obj (.text.sl_SetSockOpt)
                  20011428    000000a4     ti_sysbios_config.o (.text.ti_sysbios_knl_Task_Instance_init)
                  200114cc    000000a4     ti_sysbios_config.o (.text.ti_sysbios_knl_Task_sleep)
                  20011570    000000a2     driverlib.a : pin.obj (.text.PinConfigSet)
                  20011612    0000009e     simplelink.a : sl_socket.obj (.text._SlDrvOpenCtrlSocket)
                  200116b0    0000009c     drivers_cc32xx.a : I2CCC32XX.c.obj (.text.I2CCC32XX_completeTransfer)
                  2001174c    0000009c     enhancedsmartthermostat.o (.text.ScheduleCheck)
                  200117e8    0000009c     simplelink.a : sl_socket.obj (.text._SlSocketHandleAsync_Accept)
                  20011884    00000098     driverlib.a : i2c.obj (.text.I2CMasterInitExpClk)
                  2001191c    00000098     slnetifwifi.a : slnetifwifi.obj (.text.SlNetIfWifi_sockstartSec)
                  200119b4    00000098     simplelink.a : device.obj (.text._SlDeviceHandleAsync_Stop)
                  20011a4c    00000098                  : device.obj (.text.sl_DeviceSet)
                  20011ae4    00000096                  : eventreg.obj (.text.sl_UnregisterLibsEventHandler)
                  20011b7a    00000006     ti_sysbios_config.o (.text.ClockP_getSystemTickPeriod)
                  20011b80    00000096     drivers_cc32xx.a : PowerCC32XX_ticlang.asm.obj (.text)
                  20011c16    00000094     simplelink.a : sl_socket.obj (.text.sl_Socket)
                  20011caa    00000094                  : wlan.obj (.text.sl_WlanPolicySet)
                  20011d3e    00000094     drivers_cc32xx.a : SPICC32XXDMA.c.obj (.text.spiHwiFxn)
                  20011dd2    00000092     driverlib.a : spi.obj (.text.SPIIntStatus)
                  20011e64    00000092                 : udma.obj (.text.uDMAChannelAttributeDisable)
                  20011ef6    00000002     --HOLE-- [fill = 0]
                  20011ef8    00000090     drivers_cc32xx.a : GPIOCC32XX.c.obj (.text.GPIO_init)
                  20011f88    0000008e     driverlib.a : prcm.obj (.text.PRCMSysResetCauseGet)
                  20012016    00000002     --HOLE-- [fill = 0]
                  20012018    0000008c     ti_sysbios_config.o (.text.ti_sysbios_knl_Mailbox_post)
                  200120a4    00000088     drivers_cc32xx.a : PowerCC32XX.c.obj (.text.PowerCC32XX_configureWakeup)
                  2001212c    00000088     slnetsock_release.a : slnetsock.om4 (.text.SlNetSock_getVirtualSdConf)
                  200121b4    00000084                         : slnetutils.om4 (.text.SlNetUtil_getHostByName)
                  20012238    00000084     drivers_cc32xx.a : SPICC32XXDMA.c.obj (.text.initHw)
                  200122bc    00000080     ti_sysbios_config.o (.text._pthread_abstime2ticks)
                  2001233c    0000007c     simplelink.a : netapp.obj (.text._SlNetAppSendTokenValue)
                  200123b8    0000007c     ti_sysbios_config.o (.text.ti_sysbios_family_arm_m3_Hwi_postInit)
                  20012434    0000007a     drivers_cc32xx.a : I2CCC32XX.c.obj (.text.I2CCC32XX_primeReadBurst)
                  200124ae    00000078     net_utils.a : clock_syncCC32XX.obj (.text.ClockSync_getRTC)
                  20012526    00000002     --HOLE-- [fill = 0]
                  20012528    00000078     drivers_cc32xx.a : PowerCC32XX.c.obj (.text.Power_init)
                  200125a0    00000078     enhancedsmartthermostat.o (.text.UARTUpdate)
                  20012618    00000078     simplelink.a : driver.obj (.text._SlDrvRxIrqHandler)
                  20012690    00000078     libc.a : sscanf.c.obj (.text._chkmbc)
                  20012708    00000078     ti_sysbios_config.o (.text._pthread_removeThreadKeys)
                  20012780    00000078     ti_sysbios_config.o (.text.ti_sysbios_knl_Task_postInit)
                  200127f8    00000076     simplelink.a : cc_pal.obj (.text.spi_Open)
                  2001286e    00000074     driverlib.a : prcm.obj (.text.PRCMHibernateWakeUpGPIOSelect)
                  200128e2    00000074     slnetifwifi.a : slnetifwifi.obj (.text.SlNetIfWifi_setSockOpt)
                  20012956    00000074     driverlib.a : uart.obj (.text.UARTConfigSetExpClk)
                  200129ca    00000074     simplelink.a : driver.obj (.text._SlSpawnMsgListGetCount)
                  20012a3e    00000002     --HOLE-- [fill = 0]
                  20012a40    00000074     ti_sysbios_config.o (.text.acquireMutex)
                  20012ab4    00000074     ti_sysbios_config.o (.text.ti_sysbios_family_arm_m3_Hwi_initNVIC)
                  20012b28    00000074     ti_sysbios_config.o (.text.ti_sysbios_knl_Swi_restoreHwi)
                  20012b9c    00000072     simplelink.a : device.obj (.text._SlDeviceHandleResetRequestInternally)
                  20012c0e    00000072                  : sl_socket.obj (.text._SlDrvCloseCtrlSocket)
                  20012c80    00000072                  : spawn.obj (.text._SlInternalSpawn)
                  20012cf2    00000072                  : sl_socket.obj (.text.sl_Listen)
                  20012d64    00000070     ti_sysbios_config.o (.text.ti_sysbios_family_arm_m3_Hwi_Instance_init)
                  20012dd4    00000070     ti_sysbios_config.o (.text.ti_sysbios_heaps_HeapMem_allocUnprotected)
                  20012e44    00000070     ti_sysbios_config.o (.text.ti_sysbios_knl_Task_startup)
                  20012eb4    00000070     libc.a : copy_decompress_lzss.c.obj (.text:decompress:lzss)
                  20012f24    0000006e     libclang_rt.builtins.a : comparedf2.c.obj (.text.__gedf2)
                  20012f92    00000002     --HOLE-- [fill = 0]
                  20012f94    0000006e                            : comparedf2.c.obj (.text.__ledf2)
                  20013002    00000002     --HOLE-- [fill = 0]
                  20013004    0000006e                            : truncdfsf2.S.obj (.text.__truncdfsf2)
                  20013072    0000006c     driverlib.a : pin.obj (.text.PinLockLevelSet)
                  200130de    00000002     --HOLE-- [fill = 0]
                  200130e0    0000006c     drivers_cc32xx.a : PowerCC32XX.c.obj (.text.Power_setDependency)
                  2001314c    0000006c     driverlib.a : spi.obj (.text.SPIIntDisable)
                  200131b8    0000006c     drivers_cc32xx.a : UDMACC32XX.c.obj (.text.UDMACC32XX_open)
                  20013224    0000006c     simplelink.a : driver.obj (.text._SlDrvCmdSend_noLock)
                  20013290    0000006c     drivers_cc32xx.a : GPIOCC32XX.c.obj (.text.powerNotifyFxn)
                  200132fc    0000006c     ti_sysbios_config.o (.text.ti_sysbios_family_arm_m3_Hwi_dispatchC)
                  20013368    0000006c     ti_sysbios_config.o (.text.ti_sysbios_hal_Seconds_getTime)
                  200133d4    0000006c     ti_sysbios_config.o (.text.ti_sysbios_knl_Clock_workFunc)
                  20013440    0000006a     net_utils.a : clock_sync.obj (.text.ClockSync_get)
                  200134aa    0000006a     driverlib.a : prcm.obj (.text.PRCMPeripheralReset)
                  20013514    0000006a     slnetifwifi.a : slwificonn.obj (.text.SignalEvent)
                  2001357e    00000002     --HOLE-- [fill = 0]
                  20013580    00000068     drivers_cc32xx.a : I2CCC32XX.c.obj (.text.I2CCC32XX_initHw)
                  200135e8    00000068     driverlib.a : spi.obj (.text.SPIIntEnable)
                  20013650    00000068     slnetsock_release.a : slnetsock.om4 (.text.SlNetSock_AllocVirtualSocket)
                  200136b8    00000068     simplelink.a : eventreg.obj (.text.sl_RegisterLibsEventHandler)
                  20013720    00000068     enhancedsmartthermostat.o (.text.syncTimeWithNTP)
                  20013788    00000068     ti_sysbios_config.o (.text.ti_sysbios_knl_Clock_init)
                  200137f0    00000068     ti_sysbios_config.o (.text.ti_sysbios_knl_Event_post)
                  20013858    00000068     ti_sysbios_config.o (.text.ti_sysbios_knl_Swi_run)
                  200138c0    00000066     drivers_cc32xx.a : I2CCC32XX.c.obj (.text.I2CCC32XX_primeWriteBurst)
                  20013926    00000066     simplelink.a : wlan.obj (.text.sl_WlanProfileDel)
                  2001398c    00000066                  : wlan.obj (.text.sl_WlanSetMode)
                  200139f2    00000064                  : cc_pal.obj (.text.NwpRegisterInterruptHandler)
                  20013a56    00000064     slnetifwifi.a : slwificonn.obj (.text.SlWifiConn_enable)
                  20013aba    00000002     --HOLE-- [fill = 0]
                  20013abc    00000064     ti_sysbios_config.o (.text.ti_sysbios_knl_Idle_init)
                  20013b20    00000062     driverlib.a : spi.obj (.text.SPIIntClear)
                  20013b82    00000062     simplelink.a : eventreg.obj (.text._SlNetAppHttpServerHdlr)
                  20013be4    00000062                  : eventreg.obj (.text._SlNetAppRequestHdlr)
                  20013c46    00000002     --HOLE-- [fill = 0]
                  20013c48    00000062     libclang_rt.builtins.a : aeabi_dcmp.S.obj (.text.__aeabi_dcmp)
                  20013caa    00000002     --HOLE-- [fill = 0]
                  20013cac    00000060     drivers_cc32xx.a : GPIOCC32XX.c.obj (.text.GPIO_write)
                  20013d0c    00000060     slnetsock_release.a : slnetif.om4 (.text.SlNetIf_queryIf)
                  20013d6c    00000060     drivers_cc32xx.a : UART2CC32XX.c.obj (.text.UART2Support_dmaStopTx)
                  20013dcc    00000060     simplelink.a : driver.obj (.text._SlDrvSyncObjWaitTimeout)
                  20013e2c    00000060     ti_sysbios_config.o (.text.ti_sysbios_knl_Semaphore_post)
                  20013e8c    00000060     ti_sysbios_config.o (.text.ti_sysbios_knl_Swi_schedule)
                  20013eec    0000005c     driverlib.a : flash.obj (.text.FlashDisable)
                  20013f48    0000005c     drivers_cc32xx.a : I2CCC32XX.c.obj (.text.I2CSupport_primeTransfer)
                  20013fa4    0000005c     driverlib.a : prcm.obj (.text.PRCMHibernateWakeupSourceDisable)
                  20014000    0000005c     simplelink.a : driver.obj (.text._SlDrvUpdateApiInProgress)
                  2001405c    0000005c                  : eventreg.obj (.text._SlIsEventRegistered)
                  200140b8    0000005c     ti_sysbios_config.o (.text.pthread_exit)
                  20014114    0000005a     driverlib.a : prcm.obj (.text.PRCMPeripheralClkEnable)
                  2001416e    0000005a     simplelink.a : eventreg.obj (.text._SlDeviceFatalErrorEvtHdlr)
                  200141c8    0000005a                  : eventreg.obj (.text._SlDeviceGeneralEvtHdlr)
                  20014222    0000005a                  : driver.obj (.text._SlDrvGlobalObjUnLock)
                  2001427c    0000005a                  : eventreg.obj (.text._SlNetAppEvtHdlr)
                  200142d6    0000005a                  : eventreg.obj (.text._SlNetAppRequestMemFree)
                  20014330    0000005a                  : eventreg.obj (.text._SlSockEvtHdlr)
                  2001438a    0000005a                  : eventreg.obj (.text._SlWlanEvtHdlr)
                  200143e4    00000058     slnetsock_release.a : slnetsock.om4 (.text.SlNetSock_recv)
                  2001443c    00000058                         : slnetsock.om4 (.text.SlNetSock_send)
                  20014494    00000058     simplelink.a : sl_socket.obj (.text._SlDrvClearCtrlSocket)
                  200144ec    00000058     main_tirtos.o (.text.main)
                  20014544    00000056     driverlib.a : prcm.obj (.text.PRCMLPDSEnter)
                  2001459a    00000056     slnetifwifi.a : slnetifwifi.obj (.text.SlNetIfWifi_getIPAddr)
                  200145f0    00000054     ti_sysbios_config.o (.text.HwiP_create)
                  20014644    00000054     drivers_cc32xx.a : PowerCC32XX.c.obj (.text.PowerCC32XX_setParkState)
                  20014698    00000054                      : PowerCC32XX.c.obj (.text.Power_releaseDependency)
                  200146ec    00000054     driverlib.a : spi.obj (.text.SPIDmaMaskGet)
                  20014740    00000054     slnetifwifi.a : slnetifwifi.obj (.text.SlNetIfWifi_getConnectionStatus)
                  20014794    00000054     simplelink.a : driver.obj (.text._SlFindAndReleasePendingCmd)
                  200147e8    00000054     ti_sysbios_config.o (.text.mq_send)
                  2001483c    00000054     ti_sysbios_config.o (.text.ti_sysbios_family_arm_m3_Timer_start)
                  20014890    00000052     simplelink.a : sl_socket.obj (.text._SlSocketBuildAddress)
                  200148e2    00000050     net_utils.a : clock_sync.obj (.text.ClockSync_mutexLock)
                  20014932    00000002     --HOLE-- [fill = 0]
                  20014934    00000050     drivers_cc32xx.a : GPIOCC32XX.c.obj (.text.GPIO_hwiIntFxn)
                  20014984    00000050     simplelink.a : cc_pal.obj (.text.NwpWaitForShutDownInd)
                  200149d4    00000050     driverlib.a : prcm.obj (.text.PRCMHibernateWakeupSourceEnable)
                  20014a24    00000050     simplelink.a : driver.obj (.text._SlDrvCmdSend_noWait)
                  20014a74    00000050     ti_sysbios_config.o (.text.ti_sysbios_knl_Swi_post)
                  20014ac4    00000050     ti_sysbios_config.o (.text.ti_sysbios_knl_Swi_runLoop)
                  20014b14    0000004e     slnetifwifi.a : slnetifwifi.obj (.text.SlNetIfWifi_sendTo)
                  20014b62    0000004e     ti_sysbios_config.o (.text.ti_sysbios_heaps_HeapMem_freeUnprotected)
                  20014bb0    0000004e     driverlib.a : udma.obj (.text.uDMAChannelAssign)
                  20014bfe    00000002     --HOLE-- [fill = 0]
                  20014c00    0000004c     ti_sysbios_config.o (.text.BIOS_startFunc)
                  20014c4c    0000004c     net_utils.a : clock_sync.obj (.text.ClockSync_getTimeZone)
                  20014c98    0000004c     drivers_cc32xx.a : GPIOCC32XX.c.obj (.text.GPIO_setInterruptConfig)
                  20014ce4    0000004c     driverlib.a : prcm.obj (.text.PRCMLPDSRestoreInfoSet)
                  20014d30    0000004c     slnetsock_release.a : slnetsock.om4 (.text.SlNetSock_freeVirtualSocket)
                  20014d7c    0000004c     ti_sysbios_config.o (.text.ti_sysbios_knl_Swi_Instance_init)
                  20014dc8    0000004c     simplelink.a : sl_socket.obj (.text.to_mSec)
                  20014e14    0000004a     drivers_cc32xx.a : UART2CC32XX.c.obj (.text.UART2Support_dmaStopRx)
                  20014e5e    0000004a     simplelink.a : spawn.obj (.text._SlInternalSpawnWaitForEvent)
                  20014ea8    0000004a                  : sl_socket.obj (.text.sl_Htons)
                  20014ef2    0000004a     driverlib.a : udma.obj (.text.uDMAChannelSizeGet)
                  20014f3c    00000048     ti_sysbios_config.o (.text.BIOS_init)
                  20014f84    00000048     driverlib.a : prcm.obj (.text.PRCMIntEnable)
                  20014fcc    00000048                 : prcm.obj (.text.PRCMPeripheralStatusGet)
                  20015014    00000048                 : pin.obj (.text.PinConfigGet)
                  2001505c    00000048     slnetifwifi.a : slnetifwifi.obj (.text.SlNetIfWifi_recvFrom)
                  200150a4    00000048     enhancedsmartthermostat.o (.text.TimeUpdate)
                  200150ec    00000048     libclang_rt.builtins.a : fixdfsi.S.obj (.text.__fixdfsi)
                  20015134    00000048     libc.a : asctime.c.obj (.text.asctime)
                  2001517c    00000048     ti_sysbios_config.o (.text.ti_sysbios_family_arm_m3_Hwi_create)
                  200151c4    00000048     sysbios.a : Hwi_asm_switch_gcc.s.obj (.text.ti_sysbios_family_arm_m3_Hwi_initStacks)
                  2001520c    00000048     ti_sysbios_config.o (.text.ti_sysbios_family_arm_m3_Timer_initDevice)
                  20015254    00000048     ti_sysbios_config.o (.text.ti_sysbios_hal_Seconds_getCount)
                  2001529c    00000048     ti_sysbios_config.o (.text.ti_sysbios_heaps_HeapMem_Instance_init)
                  200152e4    00000048     ti_sysbios_config.o (.text.ti_sysbios_heaps_HeapMem_alloc)
                  2001532c    00000048     ti_sysbios_config.o (.text.ti_sysbios_knl_Task_schedule)
                  20015374    00000048     ti_sysbios_config.o (.text.ti_sysbios_runtime_Startup_exec)
                  200153bc    00000046     drivers_cc32xx.a : I2CCC32XX.c.obj (.text.I2CCC32XX_fillTransmitFifo)
                  20015402    00000046     driverlib.a : prcm.obj (.text.PRCMLPDSEnterKeepDebugIf)
                  20015448    00000046     drivers_cc32xx.a : RingBuf.c.obj (.text.RingBuf_put)
                  2001548e    00000046     slnetifwifi.a : slnetifwifi.obj (.text.SlNetIfWifi_getHostByName)
                  200154d4    00000046                   : slwificonn.obj (.text.SlWifiConn_disable)
                  2001551a    00000002     --HOLE-- [fill = 0]
                  2001551c    00000044     ti_sysbios_config.o (.text.BIOS_atExitFunc)
                  20015560    00000044     driverlib.a : gpio.obj (.text.GPIODirModeSet)
                  200155a4    00000044     drivers_cc32xx.a : GPIOCC32XX.c.obj (.text.GPIO_disableInt)
                  200155e8    00000044                      : GPIOCC32XX.c.obj (.text.GPIO_enableInt)
                  2001562c    00000044                      : PowerCC32XX.c.obj (.text.Power_releaseConstraint)
                  20015670    00000044                      : SPI.c.obj (.text.SPI_init)
                  200156b4    00000044     slnetsock_release.a : slnetsock.om4 (.text.SlNetSock_init)
                  200156f8    00000044                         : slnetsock.om4 (.text.SlNetSock_setOpt)
                  2001573c    00000044     libc.a : snprintf.c.obj (.text.snprintf)
                  20015780    00000044     ti_net_config.o (.text.ti_net_SlNet_initConfig)
                  200157c4    00000044     ti_sysbios_config.o (.text.ti_sysbios_family_arm_m3_Hwi_Instance_finalize)
                  20015808    00000044     ti_sysbios_config.o (.text.ti_sysbios_family_arm_m3_Hwi_construct2)
                  2001584c    00000044     ti_sysbios_config.o (.text.ti_sysbios_family_arm_m3_Hwi_disableInterrupt)
                  20015890    00000044     ti_sysbios_config.o (.text.ti_sysbios_family_arm_m3_Hwi_enableInterrupt)
                  200158d4    00000044     ti_sysbios_config.o (.text.ti_sysbios_family_arm_m3_Timer_setPeriodMicroSecs)
                  20015918    00000044     ti_sysbios_config.o (.text.ti_sysbios_knl_Swi_restore)
                  2001595c    00000044     ti_sysbios_config.o (.text.ti_sysbios_knl_Task_create)
                  200159a0    00000042     driverlib.a : pin.obj (.text.PinModeSet)
                  200159e2    00000042     slnetifwifi.a : slnetifwifi.obj (.text.SlNetIfWifi_select)
                  20015a24    00000042                   : slnetifwifi.obj (.text.SlNetIfWifi_socket)
                  20015a66    00000042     simplelink.a : spawn.obj (.text._SlInternalSpawnTaskEntry)
                  20015aa8    00000042     ti_sysbios_config.o (.text.getCountsRTC)
                  20015aea    00000002     --HOLE-- [fill = 0]
                  20015aec    00000040     drivers_cc32xx.a : SPI.c.obj (.text.SPI_open)
                  20015b2c    00000040     slnetsock_release.a : slnetsock.om4 (.text.SlNetSock_connect)
                  20015b6c    00000040     simplelink.a : driver.obj (.text._SlDrvSyncObjWaitForever)
                  20015bac    00000040     libc.a : atoi.c.obj (.text.atoi)
                  20015bec    00000040            : strtok.c.obj (.text.strtok)
                  20015c2c    00000040     ti_sysbios_config.o (.text.ti_sysbios_heaps_HeapMem_getStats)
                  20015c6c    00000040     ti_sysbios_config.o (.text.ti_sysbios_knl_ClockSupport_init)
                  20015cac    00000040     ti_sysbios_config.o (.text.ti_sysbios_knl_Task_exit)
                  20015cec    00000040     driverlib.a : udma.obj (.text.uDMAChannelControlSet)
                  20015d2c    0000003e                 : pin.obj (.text.PinDirModeSet)
                  20015d6a    0000003e     ti_sysbios_config.o (.text.sem_timedwait)
                  20015da8    0000003c     simplelink.a : sl_socket.obj (.text.CountSetBits)
                  20015de4    0000003c     ti_sysbios_config.o (.text.HwiP_construct)
                  20015e20    0000003c     enhancedsmartthermostat.o (.text.LEDUpdate)
                  20015e5c    0000003c     drivers_cc32xx.a : UDMACC32XX.c.obj (.text.UDMACC32XX_init)
                  20015e98    0000003c     simplelink.a : driver.obj (.text._SlDrvIsApiInProgress)
                  20015ed4    0000003c                  : driver.obj (.text._SlDrvProtectionObjLockWaitForever)
                  20015f10    0000003c                  : driver.obj (.text._SlDrvProtectionObjUnLock)
                  20015f4c    0000003c     ti_sysbios_config.o (.text.ti_sysbios_heaps_HeapMem_construct)
                  20015f88    0000003c     ti_sysbios_config.o (.text.ti_sysbios_knl_Task_blockI)
                  20015fc4    0000003c     ti_sysbios_config.o (.text.ti_sysbios_knl_Task_restore)
                  20016000    0000003c     ti_sysbios_config.o (.text.ti_sysbios_runtime_Memory_alloc)
                  2001603c    0000003a     simplelink.a : cc_pal.obj (.text.Mutex_create_handle)
                  20016076    0000003a                  : netapp.obj (.text._SlNetAppCopyPingResultsToReport)
                  200160b0    00000038     ti_sysbios_config.o (.text.MemAlloc_alloc)
                  200160e8    00000038     drivers_cc32xx.a : PowerCC32XX.c.obj (.text.Power_setConstraint)
                  20016120    00000038                      : RingBuf.c.obj (.text.RingBuf_putAdvance)
                  20016158    00000038     enhancedsmartthermostat.o (.text.SimpleLinkFatalErrorEventHandler)
                  20016190    00000038     enhancedsmartthermostat.o (.text.SimpleLinkGeneralEventHandler)
                  200161c8    00000038     drivers_cc32xx.a : UDMACC32XX.c.obj (.text.UDMACC32XX_close)
                  20016200    00000038     ti_sysbios_config.o (.text.pthread_mutex_init)
                  20016238    00000038     ti_sysbios_config.o (.text.ti_sysbios_family_arm_m3_Timer_Instance_finalize)
                  20016270    00000038     ti_sysbios_config.o (.text.ti_sysbios_knl_TaskSupport_buildTaskStack)
                  200162a8    00000038     ti_sysbios_config.o (.text.ti_sysbios_knl_Task_processVitalTaskFlag)
                  200162e0    00000038     libc.a : autoinit.c.obj (.text:__TI_auto_init_nobinit_nopinit)
                  20016318    00000036     driverlib.a : pin.obj (.text.PinLock)
                  2001634e    00000036                 : spi.obj (.text.SPIFIFOLevelSet)
                  20016384    00000036     slnetsock_release.a : slnetsock.om4 (.text.SlNetSock_close)
                  200163ba    00000036     driverlib.a : uart.obj (.text.UARTCharPutNonBlocking)
                  200163f0    00000034                 : i2c.obj (.text.I2CFIFODataPutNonBlocking)
                  20016424    00000034                 : pin.obj (.text.PinDirModeGet)
                  20016458    00000034                 : pin.obj (.text.PinModeGet)
                  2001648c    00000034     drivers_cc32xx.a : PowerCC32XX.c.obj (.text.PowerCC32XX_parkPin)
                  200164c0    00000034     slnetsock_release.a : slnetutils.om4 (.text.SlNetUtil_strTok)
                  200164f4    00000034     drivers_cc32xx.a : UART2.c.obj (.text.UART2_rxDisable)
                  20016528    00000034     simplelink.a : fs.obj (.text._SlFsStrlen)
                  2001655c    00000034     ti_sysbios_config.o (.text._pthread_cleanupFxn)
                  20016590    00000034     ti_sysbios_config.o (.text.pthread_mutex_unlock)
                  200165c4    00000034     ti_sysbios_config.o (.text.ti_sysbios_family_arm_m3_Hwi_getStackInfo)
                  200165f8    00000034     ti_sysbios_config.o (.text.ti_sysbios_family_arm_m3_Hwi_init)
                  2001662c    00000034     ti_sysbios_config.o (.text.ti_sysbios_family_arm_m3_Timer_periodicStub)
                  20016660    00000034     ti_sysbios_config.o (.text.ti_sysbios_knl_Task_unblockI)
                  20016694    00000034     ti_sysbios_config.o (.text.ti_sysbios_runtime_Error_raiseX)
                  200166c8    00000032     slnetifwifi.a : slnetifwifi.obj (.text.SlNetIfWifi_CreateContext)
                  200166fa    00000032     simplelink.a : driver.obj (.text._SlDrvObjLockWaitForever)
                  2001672c    00000032                  : driver.obj (.text._SlDrvObjUnLock)
                  2001675e    00000032                  : driver.obj (.text._SlDrvSyncObjSignal)
                  20016790    00000032     ti_sysbios_config.o (.text.ti_sysbios_knl_Event_pendTimeout)
                  200167c2    00000032     ti_sysbios_config.o (.text.ti_sysbios_knl_Semaphore_pendTimeout)
                  200167f4    00000030     driverlib.a : i2c.obj (.text.I2CFIFODataGetNonBlocking)
                  20016824    00000030                 : prcm.obj (.text.PRCMLPDSIntervalSet)
                  20016854    00000030                 : prcm.obj (.text.PRCMSlowClkCtrFastGet)
                  20016884    00000030     slnetifwifi.a : slnetifwifi.obj (.text.SlNetIfWifi_recv)
                  200168b4    00000030                   : slnetifwifi.obj (.text.SlNetIfWifi_send)
                  200168e4    00000030     simplelink.a : driver.obj (.text._SlDrvStartMeasureTimeout)
                  20016914    00000030     libc.a : snprintf.c.obj (.text._outs)
                  20016944    00000030     ti_sysbios_config.o (.text.getTime)
                  20016974    00000030     drivers_cc32xx.a : PowerCC32XX.c.obj (.text.notify)
                  200169a4    00000030     libc.a : sscanf.c.obj (.text.sscanf)
                  200169d4    00000030     ti_sysbios_config.o (.text.ti_sysbios_family_arm_m3_Hwi_excHandlerMin)
                  20016a04    00000030     ti_sysbios_config.o (.text.ti_sysbios_heaps_HeapMem_free)
                  20016a34    00000030     ti_sysbios_config.o (.text.ti_sysbios_knl_Clock_walkQueuePeriodic)
                  20016a64    00000030     ti_sysbios_config.o (.text.ti_sysbios_knl_TaskSupport_start)
                  20016a94    00000030     ti_sysbios_config.o (.text.ti_sysbios_runtime_System_atexit)
                  20016ac4    00000030     ti_sysbios_config.o (.text.ti_sysbios_runtime_System_processAtExit)
                  20016af4    00000030     ti_sysbios_config.o (.text.usleep)
                  20016b24    0000002e     driverlib.a : gpio.obj (.text.GPIOIntStatus)
                  20016b52    0000002e     simplelink.a : cc_pal.obj (.text.NwpPowerOn)
                  20016b80    0000002e     drivers_cc32xx.a : RingBuf.c.obj (.text.RingBuf_getConsume)
                  20016bae    0000002e                      : RingBuf.c.obj (.text.RingBuf_putPointer)
                  20016bdc    0000002e     driverlib.a : uart.obj (.text.UARTDisable)
                  20016c0a    00000002     --HOLE-- [fill = 0]
                  20016c0c    0000002e     libclang_rt.builtins.a : floatsidf.S.obj (.text.__floatsidf)
                  20016c3a    0000002c     driverlib.a : i2c.obj (.text.I2CMasterIntStatusEx)
                  20016c66    00000002     --HOLE-- [fill = 0]
                  20016c68    0000002c     slnetsock_release.a : slnetif.om4 (.text.SlNetIf_init)
                  20016c94    0000002c     drivers_cc32xx.a : UART2CC32XX.c.obj (.text.UART2CC32XX_getRxData)
                  20016cc0    0000002c     ti_sysbios_config.o (.text._pthread_delete)
                  20016cec    0000002c     enhancedsmartthermostat.o (.text.initUART)
                  20016d18    0000002c     ti_sysbios_config.o (.text.ti_sysbios_family_arm_m3_Timer_construct)
                  20016d44    0000002c     ti_sysbios_config.o (.text.ti_sysbios_gates_GateMutex_enter)
                  20016d70    0000002c     ti_sysbios_config.o (.text.ti_sysbios_knl_Task_restoreHwi)
                  20016d9c    0000002a     driverlib.a : prcm.obj (.text.PRCMLPDSWakeUpGPIOSelect)
                  20016dc6    0000002a                 : prcm.obj (.text.PRCMPeripheralClkDisable)
                  20016df0    0000002a     slnetifwifi.a : slnetifwifi.obj (.text.SlNetIfWifi_connect)
                  20016e1a    0000002a     driverlib.a : uart.obj (.text.UARTIntStatus)
                  20016e44    0000002a     simplelink.a : flowcont.obj (.text._SlFlowContSet)
                  20016e6e    0000002a     ti_sysbios_config.o (.text.ti_sysbios_knl_Task_allBlockedFunction)
                  20016e98    00000028     ti_sysbios_config.o (.text.BIOS_registerRTSLock)
                  20016ec0    00000028     driverlib.a : i2c.obj (.text.I2CMasterBusBusy)
                  20016ee8    00000028                 : i2c.obj (.text.I2CMasterSlaveAddrSet)
                  20016f10    00000028                 : i2c.obj (.text.I2CTxFIFOConfigSet)
                  20016f38    00000028     drivers_cc32xx.a : I2C.c.obj (.text.I2C_cancel)
                  20016f60    00000028                      : List.c.obj (.text.List_remove)
                  20016f88    00000028     driverlib.a : prcm.obj (.text.PRCMSRAMRetentionEnable)
                  20016fb0    00000028     drivers_cc32xx.a : PowerCC32XX.c.obj (.text.PowerCC32XX_getParkState)
                  20016fd8    00000028     driverlib.a : spi.obj (.text.SPIReset)
                  20017000    00000028     slnetifwifi.a : slnetifwifi.obj (.text.SlNetIfWifi_accept)
                  20017028    00000028                   : slwificonn.obj (.text.SlWifiConn_registerNetIFCallback)
                  20017050    00000028     enhancedsmartthermostat.o (.text.TempUpdate)
                  20017078    00000028     ti_sysbios_config.o (.text.calloc)
                  200170a0    00000028     ti_sysbios_config.o (.text.sem_init)
                  200170c8    00000028     sysbios.a : Hwi_asm_gcc.s.obj (.text.ti_sysbios_family_arm_m3_Hwi_excHandlerAsm)
                  200170f0    00000028     ti_sysbios_config.o (.text.ti_sysbios_family_arm_m3_Timer_oneShotStub)
                  20017118    00000028     ti_sysbios_config.o (.text.ti_sysbios_family_arm_m3_Timer_setPeriod)
                  20017140    00000028     ti_sysbios_config.o (.text.ti_sysbios_gates_GateMutex_Instance_init)
                  20017168    00000028     ti_sysbios_config.o (.text.ti_sysbios_knl_Semaphore_Instance_init)
                  20017190    00000028     ti_sysbios_config.o (.text.ti_sysbios_knl_Swi_init)
                  200171b8    00000028     ti_sysbios_config.o (.text.ti_sysbios_knl_Task_construct)
                  200171e0    00000028     ti_sysbios_config.o (.text.ti_sysbios_knl_Task_init)
                  20017208    00000026     driverlib.a : spi.obj (.text.SPIDataGet)
                  2001722e    00000002     --HOLE-- [fill = 0]
                  20017230    00000024     ti_sysbios_config.o (.text.BIOS_removeRTSLock)
                  20017254    00000024     driverlib.a : i2c.obj (.text.I2CRxFIFOConfigSet)
                  20017278    00000024     drivers_cc32xx.a : List.c.obj (.text.List_put)
                  2001729c    00000024     driverlib.a : prcm.obj (.text.PRCMLPDSWakeupSourceEnable)
                  200172c0    00000024     drivers_cc32xx.a : PowerCC32XX.c.obj (.text.PowerCC32XX_restoreParkState)
                  200172e4    00000024                      : PowerCC32XX.c.obj (.text.PowerCC32XX_restoreParkedPin)
                  20017308    00000024                      : PowerCC32XX.c.obj (.text.Power_registerNotify)
                  2001732c    00000024     driverlib.a : spi.obj (.text.SPIDataPut)
                  20017350    00000024     ti_sysbios_config.o (.text.SemaphoreP_createBinary)
                  20017374    00000024     slnetsock_release.a : slnetif.om4 (.text.SlNetIf_callback)
                  20017398    00000024                         : slnetif.om4 (.text.SlNetIf_getIfByID)
                  200173bc    00000024     drivers_cc32xx.a : UART2CC32XX.c.obj (.text.UART2Support_disableRx)
                  200173e0    00000024     ti_sysbios_config.o (.text.ti_sysbios_family_arm_m3_Hwi_construct)
                  20017404    00000024     ti_sysbios_config.o (.text.ti_sysbios_family_arm_m3_Timer_postInit)
                  20017428    00000024     ti_sysbios_config.o (.text.ti_sysbios_family_arm_m3_Timer_startup)
                  2001744c    00000024     ti_sysbios_config.o (.text.ti_sysbios_knl_Semaphore_destruct)
                  20017470    00000024     ti_sysbios_config.o (.text.ti_sysbios_knl_Task_enter)
                  20017494    00000024     sysbios.a : boot_cortex_m.c.obj (.text:_c_int00)
                  200174b8    00000022     driverlib.a : gpio.obj (.text.GPIOPinWrite)
                  200174da    00000022                 : pin.obj (.text.PinUnlock)
                  200174fc    00000022     drivers_cc32xx.a : RingBuf.c.obj (.text.RingBuf_getPointer)
                  2001751e    00000022     driverlib.a : spi.obj (.text.SPIWordCountSet)
                  20017540    00000022     slnetifwifi.a : slnetifwifi.obj (.text.SlNetIfWifi_bind)
                  20017562    00000022     drivers_cc32xx.a : UART2CC32XX.c.obj (.text.UART2Support_sendData)
                  20017584    00000022     libc.a : strspn.c.obj (.text.strspn)
                  200175a6    00000002     --HOLE-- [fill = 0]
                  200175a8    00000020     ti_sysbios_config.o (.text.HwiP_clearInterrupt)
                  200175c8    00000020     driverlib.a : pin.obj (.text.PinTypeI2C)
                  200175e8    00000020     drivers_cc32xx.a : PowerCC32XX.c.obj (.text.PowerCC32XX_reset)
                  20017608    00000020                      : PowerCC32XX.c.obj (.text.Power_unregisterNotify)
                  20017628    00000020     ti_sysbios_config.o (.text.SemaphoreP_constructBinary)
                  20017648    00000020     ti_sysbios_config.o (.text.getClockTicks)
                  20017668    00000020     libc.a : strcspn.c.obj (.text.strcspn)
                  20017688    00000020     ti_sysbios_config.o (.text.ti_sysbios_family_arm_m3_Hwi_delete)
                  200176a8    00000020     ti_sysbios_config.o (.text.ti_sysbios_family_arm_m3_Hwi_initStack)
                  200176c8    00000020     ti_sysbios_config.o (.text.ti_sysbios_knl_Clock_addI)
                  200176e8    00000020     ti_sysbios_config.o (.text.ti_sysbios_knl_Clock_tick)
                  20017708    00000020     ti_sysbios_config.o (.text.ti_sysbios_knl_Semaphore_delete)
                  20017728    00000020     sysbios.a : TaskSupport_asm_gcc.s.obj (.text.ti_sysbios_knl_TaskSupport_swap)
                  20017748    00000020     ti_sysbios_config.o (.text.ti_sysbios_knl_Task_delete)
                  20017768    00000020     ti_sysbios_config.o (.text.ti_sysbios_knl_Task_destruct)
                  20017788    0000001e     enhancedsmartthermostat.o (.text.OUTLINED_FUNCTION_1)
                  200177a6    0000001e     enhancedsmartthermostat.o (.text.OUTLINED_FUNCTION_4)
                  200177c4    0000001e     driverlib.a : pin.obj (.text.PinTypeSPI)
                  200177e2    0000001e                 : pin.obj (.text.PinTypeUART)
                  20017800    0000001e     slnetifwifi.a : slnetifwifi.obj (.text.SlNetIfWifi_listen)
                  2001781e    0000001e     drivers_cc32xx.a : UART2.c.obj (.text.UART2_writeTimeout)
                  2001783c    0000001e     driverlib.a : uart.obj (.text.UARTEnable)
                  2001785a    0000001e     libc.a : memccpy.c.obj (.text.memccpy)
                  20017878    0000001e     enhancedsmartthermostat.o (.text.strncmp)
                  20017896    0000001e     sysbios.a : Hwi_asm_switch_gcc.s.obj (.text.ti_sysbios_family_arm_m3_Hwi_switchAndRunFunc)
                  200178b4    0000001e     ti_sysbios_config.o (.text.ti_sysbios_knl_Semaphore_create)
                  200178d2    0000001e     driverlib.a : udma.obj (.text.uDMAChannelDisable)
                  200178f0    0000001e                 : udma.obj (.text.uDMAChannelEnable)
                  2001790e    0000001e                 : udma.obj (.text.uDMAChannelIsEnabled)
                  2001792c    0000001c     ti_sysbios_config.o (.text.BIOS_rtsLock)
                  20017948    0000001c     drivers_cc32xx.a : GPIO.c.obj (.text.GPIO_setCallback)
                  20017964    0000001c     slnetsock_release.a : slnetif.om4 (.text.SlNetIf_getConnectionStatus)
                  20017980    0000001c     simplelink.a : spawn.obj (.text._SlInternalIsItSpawnThread)
                  2001799c    0000001c     ti_sysbios_config.o (.text.free)
                  200179b8    0000001c     ti_sysbios_config.o (.text.ti_sysbios_gates_GateMutex_create)
                  200179d4    0000001c     ti_sysbios_config.o (.text.ti_sysbios_knl_Event_checkEvents)
                  200179f0    0000001c     ti_sysbios_config.o (.text.ti_sysbios_knl_Event_create)
                  20017a0c    0000001c     ti_sysbios_config.o (.text.ti_sysbios_knl_Idle_run)
                  20017a28    0000001c     ti_sysbios_config.o (.text.ti_sysbios_knl_Queue_put)
                  20017a44    0000001c     ti_sysbios_config.o (.text.ti_sysbios_knl_Semaphore_construct)
                  20017a60    0000001a     net_utils.a : clock_sync.obj (.text.ClockSync_mutexUnlock)
                  20017a7a    0000001a     driverlib.a : gpio.obj (.text.GPIOIntDisable)
                  20017a94    0000001a     enhancedsmartthermostat.o (.text.OUTLINED_FUNCTION_0)
                  20017aae    0000001a     driverlib.a : prcm.obj (.text.PRCMHIBRegRead)
                  20017ac8    0000001a                 : prcm.obj (.text.PRCMHIBRegWrite)
                  20017ae2    0000001a                 : prcm.obj (.text.PRCMLPDSWakeupSourceDisable)
                  20017afc    0000001a                 : pin.obj (.text.PinToPadGet)
                  20017b16    0000001a                 : spi.obj (.text.SPIDmaDisable)
                  20017b30    0000001a                 : spi.obj (.text.SPIFIFODisable)
                  20017b4a    0000001a                 : uart.obj (.text.UARTFlowControlSet)
                  20017b64    0000001a     simplelink.a : device.obj (.text._SlDeviceGetStartResponseConvert)
                  20017b7e    0000001a     sntp_release.a : sntp.om4 (.text.strncmp)
                  20017b98    0000001a     ti_sysbios_config.o (.text.ti_sysbios_knl_Task_sleepTimeout)
                  20017bb2    00000002     --HOLE-- [fill = 0]
                  20017bb4    00000018     ti_sysbios_config.o (.text.BIOS_exitFunc)
                  20017bcc    00000018     ti_sysbios_config.o (.text.BIOS_rtsUnlock)
                  20017be4    00000018     driverlib.a : gpio.obj (.text.GPIOIntEnable)
                  20017bfc    00000018                 : spi.obj (.text.SPIDmaEnable)
                  20017c14    00000018                 : spi.obj (.text.SPIFIFOEnable)
                  20017c2c    00000018     simplelink.a : driver.obj (.text._SlDrvMemZero)
                  20017c44    00000018     libc.a : snprintf.c.obj (.text._outc)
                  20017c5c    00000018     ti_sysbios_config.o (.text.pthread_attr_init)
                  20017c74    00000018     ti_sysbios_config.o (.text.ti_sysbios_family_arm_m3_Timer_stop)
                  20017c8c    00000018     ti_sysbios_config.o (.text.ti_sysbios_knl_Event_Instance_init)
                  20017ca4    00000018     sysbios.a : TaskSupport_asm_gcc.s.obj (.text.ti_sysbios_knl_TaskSupport_glue)
                  20017cbc    00000018     ti_sysbios_config.o (.text.ti_sysbios_knl_Task_unblock)
                  20017cd4    00000016     ti_drivers_config.o (.text.Board_init)
                  20017cea    00000016     ti_sysbios_config.o (.text.HwiP_interruptsEnabled)
                  20017d00    00000016     driverlib.a : i2c.obj (.text.I2CMasterBurstLengthSet)
                  20017d16    00000016                 : i2c.obj (.text.I2CMasterIntDisableEx)
                  20017d2c    00000016                 : i2c.obj (.text.I2CRxFIFOFlush)
                  20017d42    00000016                 : i2c.obj (.text.I2CTxFIFOFlush)
                  20017d58    00000016                 : spi.obj (.text.SPICSDisable)
                  20017d6e    00000016                 : spi.obj (.text.SPICSEnable)
                  20017d84    00000016                 : spi.obj (.text.SPIDisable)
                  20017d9a    00000016                 : spi.obj (.text.SPIEnable)
                  20017db0    00000016     slnetifwifi.a : slnetifwifi.obj (.text.SlNetIfWifi_close)
                  20017dc6    00000016     driverlib.a : uart.obj (.text.UARTCharsAvail)
                  20017ddc    00000016                 : uart.obj (.text.UARTDMADisable)
                  20017df2    00000016                 : uart.obj (.text.UARTFIFOLevelSet)
                  20017e08    00000016                 : uart.obj (.text.UARTIntDisable)
                  20017e1e    00000016     ti_sysbios_config.o (.text.clockFxn)
                  20017e34    00000014     driverlib.a : cpu.obj (.text.CPUcpsid)
                  20017e48    00000014                 : cpu.obj (.text.CPUcpsie)
                  20017e5c    00000014                 : i2c.obj (.text.I2CMasterIntEnableEx)
                  20017e70    00000014     drivers_cc32xx.a : PowerCC32XX.c.obj (.text.Power_getTransitionLatency)
                  20017e84    00000014                      : PowerCC32XX.c.obj (.text.Power_idleFunc)
                  20017e98    00000014     driverlib.a : uart.obj (.text.UARTDMAEnable)
                  20017eac    00000014                 : uart.obj (.text.UARTIntEnable)
                  20017ec0    00000014     simplelink.a : driver.obj (.text._SlDrvDispatchHttpServerEvents)
                  20017ed4    00000014                  : driver.obj (.text._SlDrvDispatchNetAppRequestEvents)
                  20017ee8    00000014                  : driver.obj (.text._SlDrvIsSpawnOwnGlobalLock)
                  20017efc    00000014     libclang_rt.builtins.a : aeabi_uldivmod.S.obj (.text.__aeabi_uldivmod)
                  20017f10    00000014     libc.a : args_main.c.obj (.text._args_main)
                  20017f24    00000014            : sscanf.c.obj (.text._inpchar)
                  20017f38    00000014     ti_sysbios_config.o (.text.pthread_attr_setschedparam)
                  20017f4c    00000014     ti_sysbios_config.o (.text.pthread_mutex_destroy)
                  20017f60    00000014     ti_sysbios_config.o (.text.pthread_mutexattr_init)
                  20017f74    00000014     slnetifwifi.a : slnetifwifi.obj (.text.slNetIfWifi_connDisable)
                  20017f88    00000014     ti_sysbios_config.o (.text.ti_sysbios_family_arm_m3_Hwi_switchFromBootStack)
                  20017f9c    00000014     ti_sysbios_config.o (.text.ti_sysbios_knl_ClockSupport_setPeriodMicroSecs)
                  20017fb0    00000014     driverlib.a : udma.obj (.text.uDMAControlBaseSet)
                  20017fc4    00000014                 : udma.obj (.text.uDMAIntClear)
                  20017fd8    00000012                 : gpio.obj (.text.GPIOIntClear)
                  20017fea    00000012                 : i2c.obj (.text.I2CMasterDisable)
                  20017ffc    00000012                 : i2c.obj (.text.I2CMasterEnable)
                  2001800e    00000012     drivers_cc32xx.a : I2C.c.obj (.text.I2C_transfer)
                  20018020    00000012     simplelink.a : driver.obj (.text._SlDrvResetCmdExt)
                  20018032    00000012     ti_sysbios_config.o (.text._pthread_runStub)
                  20018044    00000012     drivers_cc32xx.a : UDMACC32XX.c.obj (.text.postNotifyFxn)
                  20018056    00000012     slnetifwifi.a : slnetifwifi.obj (.text.slNetIfWifi_connEnable)
                  20018068    00000012     simplelink.a : cc_pal.obj (.text.spi_Close)
                  2001807a    00000012     libc.a : memcpy_t2.S.obj (.text:TI_memcpy_small)
                  2001808c    00000010     ti_sysbios_config.o (.text.ClockP_getCpuFreq)
                  2001809c    00000010     ti_sysbios_config.o (.text.HwiP_Params_init)
                  200180ac    00000010     driverlib.a : i2c.obj (.text.I2CMasterControl)
                  200180bc    00000010                 : i2c.obj (.text.I2CMasterIntClearEx)
                  200180cc    00000010                 : i2c.obj (.text.I2CMasterTimeoutSet)
                  200180dc    00000010     ti_sysbios_config.o (.text.MutexP_create)
                  200180ec    00000010     drivers_cc32xx.a : RingBuf.c.obj (.text.RingBuf_construct)
                  200180fc    00000010                      : UART2CC32XX.c.obj (.text.UART2Support_txDone)
                  2001810c    00000010     driverlib.a : uart.obj (.text.UARTBusy)
                  2001811c    00000010                 : uart.obj (.text.UARTIntClear)
                  2001812c    00000010                 : uart.obj (.text.UARTRxErrorGet)
                  2001813c    00000010     enhancedsmartthermostat.o (.text.gpioButtonFxn0)
                  2001814c    00000010     enhancedsmartthermostat.o (.text.gpioButtonFxn1)
                  2001815c    00000010     ti_sysbios_config.o (.text.ti_sysbios_family_arm_m3_Hwi_excHandler)
                  2001816c    00000010     libc.a : wcslen.c.obj (.text.wcslen)
                  2001817c    00000010            : copy_zero_init.c.obj (.text:decompress:ZI)
                  2001818c    0000000e     driverlib.a : i2c.obj (.text.I2CFIFOStatus)
                  2001819a    0000000e     simplelink.a : cc_pal.obj (.text.NwpMaskInterrupt)
                  200181a8    0000000e                  : cc_pal.obj (.text.NwpUnMaskInterrupt)
                  200181b6    0000000e     libc.a : strtoll.c.obj (.text.OUTLINED_FUNCTION_0)
                  200181c4    0000000e            : strtoull.c.obj (.text.OUTLINED_FUNCTION_0)
                  200181d2    0000000e            : _scanfi.c.obj (.text.OUTLINED_FUNCTION_2)
                  200181e0    0000000e     slnetifwifi.a : slnetifwifi.obj (.text.SlNetIfWifi_DeleteContext)
                  200181ee    0000000e     drivers_cc32xx.a : UART2.c.obj (.text.UART2_write)
                  200181fc    0000000e                      : SPICC32XXDMA.c.obj (.text.postNotifyFxn)
                  2001820a    0000000e     ti_sysbios_config.o (.text.sem_wait)
                  20018218    0000000e     simplelink.a : device.obj (.text.sl_Task)
                  20018226    0000000e     enhancedsmartthermostat.o (.text.strlen)
                  20018234    0000000e     libc.a : _printfi.c.obj (.text.strlen)
                  20018242    0000000e            : strlen.c.obj (.text.strlen)
                  20018250    0000000e     slnetsock_release.a : slnetif.om4 (.text.strlen)
                  2001825e    0000000e     sntp_release.a : sntp.om4 (.text.strlen)
                  2001826c    0000000e     ti_sysbios_config.o (.text.ti_sysbios_gates_GateMutex_leave)
                  2001827a    0000000e     ti_sysbios_config.o (.text.ti_sysbios_knl_Clock_tickReconfig)
                  20018288    0000000e     driverlib.a : udma.obj (.text.uDMAEnable)
                  20018296    0000000e                 : udma.obj (.text.uDMAErrorStatusClear)
                  200182a4    0000000e     libc.a : memset_t2.S.obj (.text:TI_memset_small)
                  200182b2    0000000e            : copy_decompress_none.c.obj (.text:decompress:none)
                  200182c0    0000000c     ti_sysbios_config.o (.text.BIOS_linkedWithIncorrectBootLibrary)
                  200182cc    0000000c     ti_sysbios_config.o (.text.BIOS_start)
                  200182d8    0000000c     driverlib.a : cpu.obj (.text.CPUwfi)
                  200182e4    0000000c     ti_sysbios_config.o (.text.ClockP_getSystemTicks)
                  200182f0    0000000c     ti_sysbios_config.o (.text.HwiP_delete)
                  200182fc    0000000c     ti_sysbios_config.o (.text.HwiP_disable)
                  20018308    0000000c     drivers_cc32xx.a : I2CCC32XX.c.obj (.text.I2CCC32XX_postNotify)
                  20018314    0000000c                      : I2C.c.obj (.text.I2C_Params_init)
                  20018320    0000000c                      : I2CCC32XX.c.obj (.text.OUTLINED_FUNCTION_0)
                  2001832c    0000000c                      : UART2CC32XX.c.obj (.text.OUTLINED_FUNCTION_0)
                  20018338    0000000c     enhancedsmartthermostat.o (.text.OUTLINED_FUNCTION_3)
                  20018344    0000000c     enhancedsmartthermostat.o (.text.OUTLINED_FUNCTION_6)
                  20018350    0000000c     driverlib.a : prcm.obj (.text.PRCMLPDSWakeupCauseGet)
                  2001835c    0000000c     ti_sysbios_config.o (.text.PowerCC32XX_initPolicy)
                  20018368    0000000c     drivers_cc32xx.a : PowerCC32XX.c.obj (.text.Power_getConstraintMask)
                  20018374    0000000c                      : SPI.c.obj (.text.SPI_Params_init)
                  20018380    0000000c     ti_sysbios_config.o (.text.SemaphoreP_delete)
                  2001838c    0000000c     drivers_cc32xx.a : UART2CC32XX.c.obj (.text.UART2CC32XX_postNotifyFxn)
                  20018398    0000000c                      : UART2CC32XX.c.obj (.text.UART2Support_disableTx)
                  200183a4    0000000c                      : UART2CC32XX.c.obj (.text.UART2Support_enableTx)
                  200183b0    0000000c                      : UART2.c.obj (.text.UART2_Params_init)
                  200183bc    0000000c     libc.a : _lock.c.obj (.text._register_lock)
                  200183c8    0000000c            : _lock.c.obj (.text._register_unlock)
                  200183d4    0000000c     ti_sysbios_config.o (.text.pthread_attr_setdetachstate)
                  200183e0    0000000c     ti_sysbios_config.o (.text.pthread_mutexattr_settype)
                  200183ec    0000000c     ti_sysbios_config.o (.text.pthread_self)
                  200183f8    0000000c     ti_sysbios_config.o (.text.ti_sysbios_heaps_HeapMem_init)
                  20018404    0000000c     ti_sysbios_config.o (.text.ti_sysbios_knl_ClockSupport_start)
                  20018410    0000000c     ti_sysbios_config.o (.text.ti_sysbios_knl_ClockSupport_stop)
                  2001841c    0000000c     ti_sysbios_config.o (.text.ti_sysbios_knl_Task_Params_init)
                  20018428    0000000c     driverlib.a : udma.obj (.text.uDMAControlBaseGet)
                  20018434    0000000c                 : udma.obj (.text.uDMAErrorStatusGet)
                  20018440    0000000a     drivers_cc32xx.a : SPICC32XXDMA.c.obj (.text.OUTLINED_FUNCTION_1)
                  2001844a    0000000a                      : UART2CC32XX.c.obj (.text.OUTLINED_FUNCTION_1)
                  20018454    0000000a     libc.a : _scanfi.c.obj (.text.OUTLINED_FUNCTION_1)
                  2001845e    0000000a     drivers_cc32xx.a : SPICC32XXDMA.c.obj (.text.OUTLINED_FUNCTION_2)
                  20018468    0000000a                      : UART2CC32XX.c.obj (.text.OUTLINED_FUNCTION_2)
                  20018472    0000000a     enhancedsmartthermostat.o (.text.OUTLINED_FUNCTION_7)
                  2001847c    0000000a     ti_sysbios_config.o (.text.SemaphoreP_pend)
                  20018486    0000000a     simplelink.a : device.obj (.text._SlDeviceResetRequestInitCompletedCB)
                  20018490    0000000a     libclang_rt.builtins.a : aeabi_memset.S.obj (.text.__aeabi_memset)
                  2001849a    0000000a     ti_drivers_config.o (.text.dmaErrorFxn)
                  200184a4    0000000a     ti_sysbios_config.o (.text.sem_destroy)
                  200184ae    0000000a     ti_sysbios_config.o (.text.sem_post)
                  200184b8    00000008     slnetifwifi.a : slwificonn.obj (.text.DummyPrintf)
                  200184c0    00000008     drivers_cc32xx.a : I2CCC32XX.c.obj (.text.I2CCC32XX_blockingCallback)
                  200184c8    00000008                      : I2CCC32XX.c.obj (.text.I2CSupport_controllerFinish)
                  200184d0    00000008                      : SPICC32XXDMA.c.obj (.text.OUTLINED_FUNCTION_0)
                  200184d8    00000008     libc.a : _scanfi.c.obj (.text.OUTLINED_FUNCTION_0)
                  200184e0    00000008            : strtod.c.obj (.text.OUTLINED_FUNCTION_0)
                  200184e8    00000008     enhancedsmartthermostat.o (.text.OUTLINED_FUNCTION_2)
                  200184f0    00000008     enhancedsmartthermostat.o (.text.OUTLINED_FUNCTION_5)
                  200184f8    00000008     driverlib.a : prcm.obj (.text.PRCMSleepEnter)
                  20018500    00000008     simplelink.a : cc_pal.obj (.text.TimerGetCurrentTimestamp)
                  20018508    00000008     driverlib.a : utils.obj (.text.UtilsDelay)
                  20018510    00000008     libc.a : aeabi_portable.c.obj (.text.__aeabi_errno_addr)
                  20018518    00000008     libclang_rt.builtins.a : aeabi_memset.S.obj (.text.__aeabi_memclr)
                  20018520    00000008     libc.a : sscanf.c.obj (.text._uninpchar)
                  20018528    00000008     drivers_cc32xx.a : SPICC32XXDMA.c.obj (.text.blockingTransferCallback)
                  20018530    00000008     ti_sysbios_config.o (.text.pthread_mutex_lock)
                  20018538    00000008     ti_sysbios_config.o (.text.sem_getvalue)
                  20018540    00000008     ti_sysbios_config.o (.text.ti_sysbios_runtime_System_exit)
                  20018548    00000006     ti_sysbios_config.o (.text.HwiP_restore)
                  2001854e    00000006     drivers_cc32xx.a : I2CCC32XX.c.obj (.text.I2CSupport_powerRelConstraint)
                  20018554    00000006                      : I2CCC32XX.c.obj (.text.I2CSupport_powerSetConstraint)
                  2001855a    00000006     sntp_release.a : sntp.om4 (.text.OUTLINED_FUNCTION_0)
                  20018560    00000006     drivers_cc32xx.a : SPICC32XXDMA.c.obj (.text.OUTLINED_FUNCTION_3)
                  20018566    00000006     libc.a : _scanfi.c.obj (.text.OUTLINED_FUNCTION_3)
                  2001856c    00000006     drivers_cc32xx.a : SPICC32XXDMA.c.obj (.text.SPICC32XXDMA_control)
                  20018572    00000006                      : SPI.c.obj (.text.SPI_close)
                  20018578    00000006                      : SPI.c.obj (.text.SPI_transfer)
                  2001857e    00000006                      : UART2CC32XX.c.obj (.text.UART2Support_powerRelConstraint)
                  20018584    00000006     ti_sysbios_config.o (.text.pthread_attr_setstacksize)
                  2001858a    00000006     ti_sysbios_config.o (.text.ti_sysbios_family_arm_m3_Hwi_destruct)
                  20018590    00000006     ti_sysbios_config.o (.text.ti_sysbios_family_arm_m3_Hwi_doSwiRestore)
                  20018596    00000006     ti_sysbios_config.o (.text.ti_sysbios_family_arm_m3_Hwi_doTaskRestore)
                  2001859c    00000006     ti_sysbios_config.o (.text.ti_sysbios_knl_Idle_loop)
                  200185a2    00000006     ti_sysbios_config.o (.text.ti_sysbios_knl_Swi_startup)
                  200185a8    00000004     ti_sysbios_config.o (.text.HwiP_destruct)
                  200185ac    00000004     ti_sysbios_config.o (.text.HwiP_disableInterrupt)
                  200185b0    00000004     ti_sysbios_config.o (.text.HwiP_enableInterrupt)
                  200185b4    00000004     ti_sysbios_config.o (.text.MutexP_lock)
                  200185b8    00000004     ti_sysbios_config.o (.text.MutexP_unlock)
                  200185bc    00000004     drivers_cc32xx.a : RingBuf.c.obj (.text.RingBuf_getCount)
                  200185c0    00000004                      : SPICC32XXDMA.c.obj (.text.SPICC32XXDMA_init)
                  200185c4    00000004     ti_sysbios_config.o (.text.SemaphoreP_destruct)
                  200185c8    00000004     ti_sysbios_config.o (.text.SemaphoreP_post)
                  200185cc    00000004     slnetsock_release.a : slnetutils.om4 (.text.SlNetUtil_htonl)
                  200185d0    00000004                         : slnetutils.om4 (.text.SlNetUtil_htons)
                  200185d4    00000004                         : slnetutils.om4 (.text.SlNetUtil_init)
                  200185d8    00000004                         : slnetutils.om4 (.text.SlNetUtil_ntohl)
                  200185dc    00000004     libclang_rt.builtins.a : aeabi_memcpy.S.obj (.text.__aeabi_memcpy)
                  200185e0    00000004     ti_sysbios_config.o (.text._system_post_cinit)
                  200185e4    00000004     ti_sysbios_config.o (.text.malloc)
                  200185e8    00000004     ti_sysbios_config.o (.text.ti_sysbios_heaps_HeapMem_isBlocking)

.bss       0    20020800    00001714     UNINITIALIZED
                  20020800    00000400     ti_drivers_config.o (.bss.dmaControlTable)
                  20020c00    000003fc     (.common:g_CB)
                  20020ffc    0000030c     (.common:ti_sysbios_family_arm_m3_Hwi_dispatchTable)
                  20021308    00000200     (.common:ti_sysbios_knl_Idle_taskStack)
                  20021508    00000178     (.common:uart2CC32XXObjects0)
                  20021680    0000012c     (.common:PowerCC32XX_contextSave)
                  200217ac    000000fc     (.common:i2cCC32XXObjects)
                  200218a8    00000088     (.common:spiCC32XXDMAObjects)
                  20021930    00000084     (.common:gpioCallbackFunctions)
                  200219b4    00000084     (.common:gpioUserArgs)
                  20021a38    00000080     slnetsock_release.a : slnetsock.om4 (.bss.VirtualSockets)
                  20021ab8    00000080     (.common:ti_sysbios_knl_Swi_readyQs)
                  20021b38    00000080     (.common:ti_sysbios_knl_Task_readyQs)
                  20021bb8    00000058     (.common:ti_sysbios_knl_Idle_taskStruct)
                  20021c10    00000040     (.common:output)
                  20021c50    00000034     (.common:ti_sysbios_knl_ClockSupport_timerStruct)
                  20021c84    0000002c     (.common:BIOS_heapMemObject)
                  20021cb0    0000002c     (.common:GlobalLockObj)
                  20021cdc    00000028     (.common:BIOS_rtsGate)
                  20021d04    00000028     (.common:g_SlInternalSpawnCB)
                  20021d2c    00000028     (.common:ti_sysbios_heaps_HeapMem_gate)
                  20021d54    00000024     ti_sysbios_config.o (.bss.clockStruct)
                  20021d78    00000024     (.common:netTime)
                  20021d9c    00000020     ti_drivers_config.o (.bss.uart2RxRingBuffer0)
                  20021dbc    00000020     ti_drivers_config.o (.bss.uart2TxRingBuffer0)
                  20021ddc    00000020     (.common:i2cTransaction)
                  20021dfc    00000020     (.common:ti_sysbios_runtime_System_atexitHandlers)
                  20021e1c    0000001c     slnetsock_release.a : slnetif.om4 (.bss.EventsSem)
                  20021e38    0000001c                         : slnetsock.om4 (.bss.VirtualSocketSem)
                  20021e54    0000001c     ti_sysbios_config.o (.bss.sem)
                  20021e70    0000001a     libc.a : asctime.c.obj (.bss.time_buf)
                  20021e8a    00000002     (.common:gIfID)
                  20021e8c    00000018     (.common:schedule)
                  20021ea4    00000014     drivers_cc32xx.a : UDMACC32XX.c.obj (.bss.postNotifyObj)
                  20021eb8    00000014     (.common:ti_sysbios_hal_Seconds_Module_state)
                  20021ecc    0000000c     (.common:DeviceCB)
                  20021ed8    0000000c     (.common:Msg)
                  20021ee4    00000008     (.common:spiCC32XXSDMAscratchBuf)
                  20021eec    00000008     (.common:udmaCC3220SObject)
                  20021ef4    00000004     (.common:buttonEvent)
                  20021ef8    00000004     (.common:gSpawnThread)
                  20021efc    00000004     (.common:i2c)
                  20021f00    00000004     (.common:ti_sysbios_family_arm_m3_Timer_startupNeeded)
                  20021f04    00000004     (.common:ti_sysbios_family_arm_m3_TimestampProvider_Module_state)
                  20021f08    00000004     (.common:ti_sysbios_knl_Task_defaultStackHeap)
                  20021f0c    00000004     (.common:uart)
                  20021f10    00000002     (.common:rxBuffer)
                  20021f12    00000001     (.common:RxIrqCnt)
                  20021f13    00000001     (.common:txBuffer)

.data      0    20023500    000005d7     UNINITIALIZED
                  20023500    0000016c     drivers_cc32xx.a : PowerCC32XX.c.obj (.data.PowerCC32XX_module)
                  2002366c    000000f8     ti_drivers_config.o (.data.parkInfo)
                  20023764    00000084     ti_drivers_config.o (.data.gpioPinConfigs)
                  200237e8    00000068     ti_sysbios_config.o (.data..L_MergedGlobals.72)
                  20023850    00000068     slnetifwifi.a : slnetifwifi.obj (.data.SlNetIfConfigWifi)
                  200238b8    00000068     ti_sysbios_config.o (.data.ti_sysbios_knl_Clock_Module_state)
                  20023920    0000005c     ti_sysbios_config.o (.data..L_MergedGlobals)
                  2002397c    0000003c     ti_sysbios_config.o (.data.ti_sysbios_knl_Task_Module_state)
                  200239b8    00000024     simplelink.a : eventreg.obj (.data.g_LibsEvents)
                  200239dc    00000024                  : eventreg.obj (.data.g_UserEvents)
                  20023a00    00000020     net_utils.a : clock_sync.obj (.data.ClockSync_CB)
                  20023a20    00000018     drivers_cc32xx.a : GPIOCC32XX.c.obj (.data..L_MergedGlobals)
                  20023a38    00000014     ti_sysbios_config.o (.data.defaultPthreadAttrs)
                  20023a4c    00000014     ti_sysbios_config.o (.data.ti_sysbios_family_arm_m3_Timer_Module_state)
                  20023a60    00000010     enhancedsmartthermostat.o (.data..L_MergedGlobals)
                  20023a70    00000008     drivers_cc32xx.a : UDMACC32XX.c.obj (.data..L_MergedGlobals)
                  20023a78    00000008     slnetsock_release.a : slnetif.om4 (.data..L_MergedGlobals)
                  20023a80    00000008     ti_sysbios_config.o (.data.ti_sysbios_gates_GateMutex_Module_state)
                  20023a88    00000008     ti_sysbios_config.o (.data.ti_sysbios_heaps_HeapMem_Module_state)
                  20023a90    00000008     ti_sysbios_config.o (.data.ti_sysbios_knl_Event_state)
                  20023a98    00000008     ti_sysbios_config.o (.data.ti_sysbios_knl_Semaphore_Module_state)
[...]
20017d85  SPIDisable                                                      
20017d9b  SPIEnable                                                       
20017db1  SlNetIfWifi_close                                               
20017dc7  UARTCharsAvail                                                  
20017ddd  UARTDMADisable                                                  
20017df3  UARTFIFOLevelSet                                                
20017e09  UARTIntDisable                                                  
20017e35  CPUcpsid                                                        
20017e49  CPUcpsie                                                        
20017e5d  I2CMasterIntEnableEx                                            
20017e71  Power_getTransitionLatency                                      
20017e85  Power_idleFunc                                                  
20017e99  UARTDMAEnable                                                   
20017ead  UARTIntEnable                                                   
20017ec1  _SlDrvDispatchHttpServerEvents                                  
20017ed5  _SlDrvDispatchNetAppRequestEvents                               
20017ee9  _SlDrvIsSpawnOwnGlobalLock                                      
20017efd  __aeabi_uldivmod                                                
20017f11  _args_main                                                      
20017f39  pthread_attr_setschedparam                                      
20017f4d  pthread_mutex_destroy                                           
20017f61  pthread_mutexattr_init                                          
20017f75  slNetIfWifi_connDisable                                         
20017f89  ti_sysbios_family_arm_m3_Hwi_switchFromBootStack                
20017f9d  ti_sysbios_knl_ClockSupport_setPeriodMicroSecs                  
20017fb1  uDMAControlBaseSet                                              
20017fc5  uDMAIntClear                                                    
20017fd9  GPIOIntClear                                                    
20017feb  I2CMasterDisable                                                
20017ffd  I2CMasterEnable                                                 
2001800f  I2C_transfer                                                    
20018021  _SlDrvResetCmdExt                                               
20018057  slNetIfWifi_connEnable                                          
20018069  spi_Close                                                       
2001807b  TI_memcpy_small                                                 
2001808d  ClockP_getCpuFreq                                               
2001809d  HwiP_Params_init                                                
200180ad  I2CMasterControl                                                
200180bd  I2CMasterIntClearEx                                             
200180cd  I2CMasterTimeoutSet                                             
200180dd  MutexP_create                                                   
200180ed  RingBuf_construct                                               
200180fd  UART2Support_txDone                                             
2001810d  UARTBusy                                                        
2001811d  UARTIntClear                                                    
2001812d  UARTRxErrorGet                                                  
2001813d  gpioButtonFxn0                                                  
2001814d  gpioButtonFxn1                                                  
2001815d  ti_sysbios_family_arm_m3_Hwi_excHandler                         
2001816d  wcslen                                                          
2001817d  __TI_zero_init                                                  
2001818d  I2CFIFOStatus                                                   
2001819b  NwpMaskInterrupt                                                
200181a9  NwpUnMaskInterrupt                                              
200181e1  SlNetIfWifi_DeleteContext                                       
200181ef  UART2_write                                                     
2001820b  sem_wait                                                        
20018219  sl_Task                                                         
20018243  strlen                                                          
2001826d  ti_sysbios_gates_GateMutex_leave                                
2001827b  ti_sysbios_knl_Clock_tickReconfig                               
20018289  uDMAEnable                                                      
20018297  uDMAErrorStatusClear                                            
200182a5  TI_memset_small                                                 
200182b3  __TI_decompress_none                                            
200182c1  BIOS_linkedWithIncorrectBootLibrary                             
200182cd  BIOS_start                                                      
200182d9  CPUwfi                                                          
200182e5  ClockP_getSystemTicks                                           
200182f1  HwiP_delete                                                     
200182fd  HwiP_disable                                                    
20018315  I2C_Params_init                                                 
20018351  PRCMLPDSWakeupCauseGet                                          
2001835d  PowerCC32XX_initPolicy                                          
20018369  Power_getConstraintMask                                         
20018375  SPI_Params_init                                                 
20018381  SemaphoreP_delete                                               
20018399  UART2Support_disableTx                                          
200183a5  UART2Support_enableTx                                           
200183b1  UART2_Params_init                                               
200183bd  _register_lock                                                  
200183c9  _register_unlock                                                
200183d5  pthread_attr_setdetachstate                                     
200183e1  pthread_mutexattr_settype                                       
200183ed  pthread_self                                                    
200183f9  ti_sysbios_heaps_HeapMem_init                                   
20018405  ti_sysbios_knl_ClockSupport_start                               
20018411  ti_sysbios_knl_ClockSupport_stop                                
2001841d  ti_sysbios_knl_Task_Params_init                                 
20018429  uDMAControlBaseGet                                              
20018435  uDMAErrorStatusGet                                              
2001847d  SemaphoreP_pend                                                 
20018487  _SlDeviceResetRequestInitCompletedCB                            
20018491  __aeabi_memset                                                  
20018491  __aeabi_memset4                                                 
20018491  __aeabi_memset8                                                 
200184a5  sem_destroy                                                     
200184af  sem_post                                                        
200184c9  I2CSupport_controllerFinish                                     
200184f9  PRCMSleepEnter                                                  
20018501  TimerGetCurrentTimestamp                                        
20018509  UtilsDelay                                                      
20018511  __aeabi_errno_addr                                              
20018519  __aeabi_memclr                                                  
20018519  __aeabi_memclr4                                                 
20018519  __aeabi_memclr8                                                 
20018531  pthread_mutex_lock                                              
20018539  sem_getvalue                                                    
20018541  ti_sysbios_runtime_System_exit                                  
20018549  HwiP_restore                                                    
2001854f  I2CSupport_powerRelConstraint                                   
20018555  I2CSupport_powerSetConstraint                                   
2001856d  SPICC32XXDMA_control                                            
20018573  SPI_close                                                       
20018579  SPI_transfer                                                    
2001857f  UART2Support_powerRelConstraint                                 
20018585  pthread_attr_setstacksize                                       
2001858b  ti_sysbios_family_arm_m3_Hwi_destruct                           
20018591  ti_sysbios_family_arm_m3_Hwi_doSwiRestore                       
20018597  ti_sysbios_family_arm_m3_Hwi_doTaskRestore                      
2001859d  ti_sysbios_knl_Idle_loop                                        
200185a3  ti_sysbios_knl_Swi_startup                                      
200185a9  HwiP_destruct                                                   
200185ad  HwiP_disableInterrupt                                           
200185b1  HwiP_enableInterrupt                                            
200185b5  MutexP_lock                                                     
200185b9  MutexP_unlock                                                   
200185bd  RingBuf_getCount                                                
200185c1  SPICC32XXDMA_init                                               
200185c5  SemaphoreP_destruct                                             
200185c9  SemaphoreP_post                                                 
200185cd  SlNetUtil_htonl                                                 
200185d1  SlNetUtil_htons                                                 
200185d5  SlNetUtil_init                                                  
200185d9  SlNetUtil_ntohl                                                 
200185dd  __aeabi_memcpy                                                  
200185dd  __aeabi_memcpy4                                                 
200185dd  __aeabi_memcpy8                                                 
200185e1  _system_post_cinit                                              
200185e5  malloc                                                          
200185e9  ti_sysbios_heaps_HeapMem_isBlocking                             
200185f0  __primary_heap_start__                                          
200205f0  __TI_static_base__                                              
200205f0  __primary_heap_end__                                            
200207b4  __TI_Handler_Table_Base                                         
200207c0  __TI_Handler_Table_Limit                                        
200207c8  __TI_CINIT_Base                                                 
200207d8  __TI_CINIT_Limit                                                
200207d8  __TI_CINIT_Warm                                                 
20020c00  g_CB                                                            
20020ffc  ti_sysbios_family_arm_m3_Hwi_dispatchTable                      
20021308  ti_sysbios_knl_Idle_taskStack                                   
20021508  uart2CC32XXObjects0                                             
20021680  PowerCC32XX_contextSave                                         
200217ac  i2cCC32XXObjects                                                
200218a8  spiCC32XXDMAObjects                                             
20021930  gpioCallbackFunctions                                           
200219b4  gpioUserArgs                                                    
20021ab8  ti_sysbios_knl_Swi_readyQs                                      
20021b38  ti_sysbios_knl_Task_readyQs                                     
20021bb8  ti_sysbios_knl_Idle_taskStruct                                  
20021c10  output                                                          
20021c50  ti_sysbios_knl_ClockSupport_timerStruct                         
20021c84  BIOS_heapMemObject                                              
20021cb0  GlobalLockObj                                                   
20021cdc  BIOS_rtsGate                                                    
20021d04  g_SlInternalSpawnCB                                             
20021d2c  ti_sysbios_heaps_HeapMem_gate                                   
20021d78  netTime                                                         
20021ddc  i2cTransaction                                                  
20021dfc  ti_sysbios_runtime_System_atexitHandlers                        
20021e8a  gIfID                                                           
20021e8c  schedule                                                        
20021eb8  ti_sysbios_hal_Seconds_Module_state                             
20021ecc  DeviceCB                                                        
20021ed8  Msg                                                             
20021ee4  spiCC32XXSDMAscratchBuf                                         
20021eec  udmaCC3220SObject                                               
20021ef4  buttonEvent                                                     
20021ef8  gSpawnThread                                                    
20021efc  i2c                                                             
20021f00  ti_sysbios_family_arm_m3_Timer_startupNeeded                    
20021f04  ti_sysbios_family_arm_m3_TimestampProvider_Module_state         
20021f08  ti_sysbios_knl_Task_defaultStackHeap                            
20021f0c  uart                                                            
20021f10  rxBuffer                                                        
20021f12  RxIrqCnt                                                        
20021f13  txBuffer                                                        
200222e0  __aeabi_ctype_table_                                            
200222e0  __aeabi_ctype_table_C                                           
200223e3  GPIO_pinUpperBound                                              
2002290e  I2C_count                                                       
2002290f  SPI_count                                                       
20022910  spiCC32XXDMAHWAttrs                                             
200229fa  OpcodeTranslateTable                                            
20022a6a  UART2_count                                                     
20022a6c  _SlActionLookupTable                                            
20022abc  TimestampP_nativeFormat32                                       
20022b50  PowerCC32XX_config                                              
20022dc4  UART2_defaultParams                                             
20022eb4  SPI_defaultParams                                               
200230ec  ClockSync_daysNumber                                            
20023104  SPICC32XXDMA_fxnTable                                           
2002311c  SPI_config                                                      
20023218  i2cCC32XXHWAttrs                                                
20023288  GPIO_config                                                     
20023398  udmaCC3220SHWAttrs                                              
200233d4  I2C_config                                                      
200233dc  UART2_config                                                    
200233e4  UDMACC32XX_config                                               
2002340c  ti_sysbios_knl_Idle_funcList                                    
20023430  TimestampP_nativeFormat64                                       
20023454  _SlNetAppSendResponseCmdCtrl                                    
20023458  _SlNetAppSendTokenValueCmdCtrl                                  
200234f4  ti_sysbios_family_arm_m3_Hwi_swiTaskKeyAddress                  
200234f8  ti_sysbios_knl_Clock_tickPeriod                                 
20023500  PowerCC32XX_module                                              
2002366c  parkInfo                                                        
20023764  gpioPinConfigs                                                  
200237e8  BIOS_Module_state                                               
20023814  ti_sysbios_family_arm_m3_Hwi_Module_state                       
20023850  SlNetIfConfigWifi                                               
200238b8  ti_sysbios_knl_Clock_Module_state                               
20023920  ti_sysbios_runtime_Startup_done                                 
20023923  ti_sysbios_knl_Idle_initDone                                    
20023924  ti_sysbios_runtime_Memory_defaultHeapInstance                   
2002393c  ti_sysbios_runtime_Error_ignore                                 
20023948  ti_sysbios_runtime_System_Module_state                          
20023954  ti_sysbios_knl_Swi_Module_state                                 
2002397c  ti_sysbios_knl_Task_Module_state                                
200239b8  g_LibsEvents                                                    
200239dc  g_UserEvents                                                    
20023a00  ClockSync_CB                                                    
20023a4c  ti_sysbios_family_arm_m3_Timer_Module_state                     
20023a60  heat                                                            
20023a61  decreaseTempFlag                                                
20023a62  increaseTempFlag                                                
20023a64  temperature                                                     
20023a66  setpoint                                                        
20023a68  serverSocket                                                    
20023a6c  clientSocket                                                    
20023a80  ti_sysbios_gates_GateMutex_Module_state                         
20023a88  ti_sysbios_heaps_HeapMem_Module_state                           
20023a90  ti_sysbios_knl_Event_state                                      
20023a98  ti_sysbios_knl_Semaphore_Module_state                           
20023aa4  __aeabi_errno                                                   
20023aa8  _lock                                                           
20023aac  _unlock                                                         
20023ab8  g_fNetIfCB                                                      
20023abc  g_intHandle                                                     
20023ac0  g_pCB                                                           
20023ac8  pPingCallBackFunc                                               
20023acc  g_SlDeviceStatus                                                
20023ace  g_ifId                                                          
20023ad1  gGlobalLockCntReleased                                          
20023ad2  gGlobalLockCntRequested                                         
20023c00  ti_sysbios_family_arm_m3_Hwi_ramVectors                         
ffffffff  __TI_pprof_out_hndl                                             
ffffffff  __TI_prof_data_size                                             
ffffffff  __TI_prof_data_start                                            
ffffffff  __binit__                                                       
ffffffff  binit                                                           
UNDEFED   ITM_flush                                                       
UNDEFED   ITM_restore                                                     
UNDEFED   __c_args__                                                      
UNDEFED   __mpu_init                                                      

[799 symbols]
