<?xml version="1.0" encoding="ISO-8859-1" ?>
<link_info>
   <banner>TI ARM Clang Linker PC v3.2.2.LTS</banner>
   <copyright>Copyright (c) 1996-2018 Texas Instruments Incorporated</copyright>
   <link_time>0x67e96a79</link_time>
   <link_errors>0x0</link_errors>
   <output_file>C:\Users\caleb\workspace_v12\Irwin_EnhancedSmartThermostat\MCU+Image\Irwin_EnhancedSmartThermostat.out</output_file>
   <entry_point>
      <name>_c_int00</name>
      <address>0x20017495</address>
   </entry_point>
   <input_file_list>
      <input_file id="fl-1">
         <path>C:\Users\caleb\workspace_v12\Irwin_EnhancedSmartThermostat\MCU+Image\.\syscfg\</path>
         <kind>object</kind>
         <file>ti_drivers_config.o</file>
         <name>ti_drivers_config.o</name>
      </input_file>
      <input_file id="fl-2">
         <path>C:\Users\caleb\workspace_v12\Irwin_EnhancedSmartThermostat\MCU+Image\.\syscfg\</path>
         <kind>object</kind>
         <file>ti_net_config.o</file>
         <name>ti_net_config.o</name>
      </input_file>
      <input_file id="fl-3">
         <path>C:\Users\caleb\workspace_v12\Irwin_EnhancedSmartThermostat\MCU+Image\.\syscfg\</path>
         <kind>object</kind>
         <file>ti_sysbios_config.o</file>
         <name>ti_sysbios_config.o</name>
      </input_file>
      <input_file id="fl-4">
         <path>C:\Users\caleb\workspace_v12\Irwin_EnhancedSmartThermostat\MCU+Image\.\syscfg\</path>
         <kind>object</kind>
         <file>ti_drivers_net_wifi_config.o</file>
         <name>ti_drivers_net_wifi_config.o</name>
      </input_file>
      <input_file id="fl-5">
         <path>C:\Users\caleb\workspace_v12\Irwin_EnhancedSmartThermostat\MCU+Image\.\</path>
         <kind>object</kind>
         <file>enhancedsmartthermostat.o</file>
         <name>enhancedsmartthermostat.o</name>
      </input_file>
      <input_file id="fl-6">
         <path>C:\Users\caleb\workspace_v12\Irwin_EnhancedSmartThermostat\MCU+Image\.\</path>
         <kind>object</kind>
         <file>main_tirtos.o</file>
         <name>main_tirtos.o</name>
      </input_file>
      <input_file id="fl-21">
         <path>C:\Users\caleb\workspace_v12\Irwin_EnhancedSmartThermostat\MCU+Image\</path>
         <kind>object</kind>
         <file>&lt;internal&gt;</file>
         <name>&lt;internal&gt;</name>
      </input_file>
      <input_file id="fl-22">
         <path>C:\ti\simplelink_cc32xx_sdk_7_10_00_13\source\ti\display\lib\ticlang\m4\</path>
         <kind>archive</kind>
         <file>display_cc32xx.a</file>
         <name>DisplayUart2.c.obj</name>
      </input_file>
      <input_file id="fl-23">
         <path>C:\ti\simplelink_cc32xx_sdk_7_10_00_13\source\ti\drivers\net\wifi\slnetif\ticlang\Release\</path>
         <kind>archive</kind>
         <file>slnetifwifi.a</file>
         <name>slnetifwifi.obj</name>
      </input_file>
      <input_file id="fl-24">
         <path>C:\ti\simplelink_cc32xx_sdk_7_10_00_13\source\ti\drivers\net\wifi\slnetif\ticlang\Release\</path>
         <kind>archive</kind>
         <file>slnetifwifi.a</file>
         <name>slwificonn.obj</name>
      </input_file>
      <input_file id="fl-25">
         <path>C:\ti\simplelink_cc32xx_sdk_7_10_00_13\source\ti\drivers\net\wifi\ticlang\rtos\</path>
         <kind>archive</kind>
         <file>simplelink.a</file>
         <name>device.obj</name>
      </input_file>
      <input_file id="fl-26">
         <path>C:\ti\simplelink_cc32xx_sdk_7_10_00_13\source\ti\drivers\net\wifi\ticlang\rtos\</path>
         <kind>archive</kind>
         <file>simplelink.a</file>
         <name>driver.obj</name>
      </input_file>
      <input_file id="fl-27">
         <path>C:\ti\simplelink_cc32xx_sdk_7_10_00_13\source\ti\drivers\net\wifi\ticlang\rtos\</path>
         <kind>archive</kind>
         <file>simplelink.a</file>
         <name>flowcont.obj</name>
      </input_file>
      <input_file id="fl-28">
         <path>C:\ti\simplelink_cc32xx_sdk_7_10_00_13\source\ti\drivers\net\wifi\ticlang\rtos\</path>
         <kind>archive</kind>
         <file>simplelink.a</file>
         <name>fs.obj</name>
      </input_file>
      <input_file id="fl-29">
         <path>C:\ti\simplelink_cc32xx_sdk_7_10_00_13\source\ti\drivers\net\wifi\ticlang\rtos\</path>
         <kind>archive</kind>
         <file>simplelink.a</file>
         <name>netapp.obj</name>
      </input_file>
      <input_file id="fl-2a">
         <path>C:\ti\simplelink_cc32xx_sdk_7_10_00_13\source\ti\drivers\net\wifi\ticlang\rtos\</path>
         <kind>archive</kind>
         <file>simplelink.a</file>
         <name>netcfg.obj</name>
      </input_file>
      <input_file id="fl-2b">
         <path>C:\ti\simplelink_cc32xx_sdk_7_10_00_13\source\ti\drivers\net\wifi\ticlang\rtos\</path>
         <kind>archive</kind>
         <file>simplelink.a</file>
         <name>netutil.obj</name>
      </input_file>
      <input_file id="fl-2c">
         <path>C:\ti\simplelink_cc32xx_sdk_7_10_00_13\source\ti\drivers\net\wifi\ticlang\rtos\</path>
         <kind>archive</kind>
         <file>simplelink.a</file>
         <name>sl_socket.obj</name>
      </input_file>
      <input_file id="fl-2d">
         <path>C:\ti\simplelink_cc32xx_sdk_7_10_00_13\source\ti\drivers\net\wifi\ticlang\rtos\</path>
         <kind>archive</kind>
         <file>simplelink.a</file>
         <name>spawn.obj</name>
      </input_file>
      <input_file id="fl-2e">
         <path>C:\ti\simplelink_cc32xx_sdk_7_10_00_13\source\ti\drivers\net\wifi\ticlang\rtos\</path>
         <kind>archive</kind>
         <file>simplelink.a</file>
         <name>wlan.obj</name>
      </input_file>
      <input_file id="fl-2f">
         <path>C:\ti\simplelink_cc32xx_sdk_7_10_00_13\source\ti\drivers\net\wifi\ticlang\rtos\</path>
         <kind>archive</kind>
         <file>simplelink.a</file>
         <name>cc_pal.obj</name>
      </input_file>
      <input_file id="fl-30">
         <path>C:\ti\simplelink_cc32xx_sdk_7_10_00_13\source\ti\drivers\net\wifi\ticlang\rtos\</path>
         <kind>archive</kind>
         <file>simplelink.a</file>
         <name>eventreg.obj</name>
      </input_file>
      <input_file id="fl-31">
         <path>C:\ti\simplelink_cc32xx_sdk_7_10_00_13\source\ti\net\utils\ticlang\Release\</path>
         <kind>archive</kind>
         <file>net_utils.a</file>
         <name>clock_sync.obj</name>
      </input_file>
      <input_file id="fl-32">
         <path>C:\ti\simplelink_cc32xx_sdk_7_10_00_13\source\ti\net\utils\ticlang\Release\</path>
         <kind>archive</kind>
         <file>net_utils.a</file>
         <name>clock_syncCC32XX.obj</name>
      </input_file>
      <input_file id="fl-33">
         <path>C:\ti\simplelink_cc32xx_sdk_7_10_00_13\source\ti\drivers\lib\ticlang\m4\</path>
         <kind>archive</kind>
         <file>drivers_cc32xx.a</file>
         <name>GPIO.c.obj</name>
      </input_file>
      <input_file id="fl-34">
         <path>C:\ti\simplelink_cc32xx_sdk_7_10_00_13\source\ti\drivers\lib\ticlang\m4\</path>
         <kind>archive</kind>
         <file>drivers_cc32xx.a</file>
         <name>GPIOCC32XX.c.obj</name>
      </input_file>
      <input_file id="fl-35">
         <path>C:\ti\simplelink_cc32xx_sdk_7_10_00_13\source\ti\drivers\lib\ticlang\m4\</path>
         <kind>archive</kind>
         <file>drivers_cc32xx.a</file>
         <name>I2C.c.obj</name>
      </input_file>
      <input_file id="fl-36">
         <path>C:\ti\simplelink_cc32xx_sdk_7_10_00_13\source\ti\drivers\lib\ticlang\m4\</path>
         <kind>archive</kind>
         <file>drivers_cc32xx.a</file>
         <name>I2CCC32XX.c.obj</name>
      </input_file>
      <input_file id="fl-37">
         <path>C:\ti\simplelink_cc32xx_sdk_7_10_00_13\source\ti\drivers\lib\ticlang\m4\</path>
         <kind>archive</kind>
         <file>drivers_cc32xx.a</file>
         <name>PowerCC32XX.c.obj</name>
      </input_file>
      <input_file id="fl-38">
         <path>C:\ti\simplelink_cc32xx_sdk_7_10_00_13\source\ti\drivers\lib\ticlang\m4\</path>
         <kind>archive</kind>
         <file>drivers_cc32xx.a</file>
         <name>PowerCC32XX_ticlang.asm.obj</name>
      </input_file>
      <input_file id="fl-39">
         <path>C:\ti\simplelink_cc32xx_sdk_7_10_00_13\source\ti\drivers\lib\ticlang\m4\</path>
         <kind>archive</kind>
         <file>drivers_cc32xx.a</file>
         <name>SPI.c.obj</name>
      </input_file>
      <input_file id="fl-3a">
         <path>C:\ti\simplelink_cc32xx_sdk_7_10_00_13\source\ti\drivers\lib\ticlang\m4\</path>
         <kind>archive</kind>
         <file>drivers_cc32xx.a</file>
         <name>SPICC32XXDMA.c.obj</name>
      </input_file>
      <input_file id="fl-3b">
         <path>C:\ti\simplelink_cc32xx_sdk_7_10_00_13\source\ti\drivers\lib\ticlang\m4\</path>
         <kind>archive</kind>
         <file>drivers_cc32xx.a</file>
         <name>UART2.c.obj</name>
      </input_file>
      <input_file id="fl-3c">
         <path>C:\ti\simplelink_cc32xx_sdk_7_10_00_13\source\ti\drivers\lib\ticlang\m4\</path>
         <kind>archive</kind>
         <file>drivers_cc32xx.a</file>
         <name>UART2CC32XX.c.obj</name>
      </input_file>
      <input_file id="fl-3d">
         <path>C:\ti\simplelink_cc32xx_sdk_7_10_00_13\source\ti\drivers\lib\ticlang\m4\</path>
         <kind>archive</kind>
         <file>drivers_cc32xx.a</file>
         <name>WatchdogCC32XX.c.obj</name>
      </input_file>
      <input_file id="fl-3e">
         <path>C:\ti\simplelink_cc32xx_sdk_7_10_00_13\source\ti\drivers\lib\ticlang\m4\</path>
         <kind>archive</kind>
         <file>drivers_cc32xx.a</file>
         <name>List.c.obj</name>
      </input_file>
      <input_file id="fl-3f">
         <path>C:\ti\simplelink_cc32xx_sdk_7_10_00_13\source\ti\drivers\lib\ticlang\m4\</path>
         <kind>archive</kind>
         <file>drivers_cc32xx.a</file>
         <name>RingBuf.c.obj</name>
      </input_file>
      <input_file id="fl-40">
         <path>C:\ti\simplelink_cc32xx_sdk_7_10_00_13\source\ti\drivers\lib\ticlang\m4\</path>
         <kind>archive</kind>
         <file>drivers_cc32xx.a</file>
         <name>UDMACC32XX.c.obj</name>
      </input_file>
      <input_file id="fl-41">
         <path>C:\ti\simplelink_cc32xx_sdk_7_10_00_13\source\ti\net\sntp\lib\ticlang\m4\</path>
         <kind>archive</kind>
         <file>sntp_release.a</file>
         <name>sntp.om4</name>
      </input_file>
      <input_file id="fl-42">
         <path>C:\ti\simplelink_cc32xx_sdk_7_10_00_13\source\ti\net\lib\ticlang\m4\</path>
         <kind>archive</kind>
         <file>slnetsock_release.a</file>
         <name>slnetsock.om4</name>
      </input_file>
      <input_file id="fl-43">
         <path>C:\ti\simplelink_cc32xx_sdk_7_10_00_13\source\ti\net\lib\ticlang\m4\</path>
         <kind>archive</kind>
         <file>slnetsock_release.a</file>
         <name>slnetutils.om4</name>
      </input_file>
      <input_file id="fl-44">
         <path>C:\ti\simplelink_cc32xx_sdk_7_10_00_13\source\ti\net\lib\ticlang\m4\</path>
         <kind>archive</kind>
         <file>slnetsock_release.a</file>
         <name>slnetif.om4</name>
      </input_file>
      <input_file id="fl-45">
         <path>C:\ti\simplelink_cc32xx_sdk_7_10_00_13\kernel\tirtos7\packages\ti\sysbios\lib\ticlang\m4\</path>
         <kind>archive</kind>
         <file>sysbios.a</file>
         <name>TaskSupport_asm_gcc.s.obj</name>
      </input_file>
      <input_file id="fl-46">
         <path>C:\ti\simplelink_cc32xx_sdk_7_10_00_13\kernel\tirtos7\packages\ti\sysbios\lib\ticlang\m4\</path>
         <kind>archive</kind>
         <file>sysbios.a</file>
         <name>Hwi_asm_gcc.s.obj</name>
      </input_file>
      <input_file id="fl-47">
         <path>C:\ti\simplelink_cc32xx_sdk_7_10_00_13\kernel\tirtos7\packages\ti\sysbios\lib\ticlang\m4\</path>
         <kind>archive</kind>
         <file>sysbios.a</file>
         <name>Hwi_asm_switch_gcc.s.obj</name>
      </input_file>
      <input_file id="fl-48">
         <path>C:\ti\simplelink_cc32xx_sdk_7_10_00_13\kernel\tirtos7\packages\ti\sysbios\lib\ticlang\m4\</path>
         <kind>archive</kind>
         <file>sysbios.a</file>
         <name>boot_cortex_m.c.obj</name>
      </input_file>
      <input_file id="fl-49">
         <path>C:\ti\simplelink_cc32xx_sdk_7_10_00_13\source\ti\devices\cc32xx\driverlib\ticlang\Release\</path>
         <kind>archive</kind>
         <file>driverlib.a</file>
         <name>cpu.obj</name>
      </input_file>
      <input_file id="fl-4a">
         <path>C:\ti\simplelink_cc32xx_sdk_7_10_00_13\source\ti\devices\cc32xx\driverlib\ticlang\Release\</path>
         <kind>archive</kind>
         <file>driverlib.a</file>
         <name>gpio.obj</name>
      </input_file>
      <input_file id="fl-4b">
         <path>C:\ti\simplelink_cc32xx_sdk_7_10_00_13\source\ti\devices\cc32xx\driverlib\ticlang\Release\</path>
         <kind>archive</kind>
         <file>driverlib.a</file>
         <name>hwspinlock.obj</name>
      </input_file>
      <input_file id="fl-4c">
         <path>C:\ti\simplelink_cc32xx_sdk_7_10_00_13\source\ti\devices\cc32xx\driverlib\ticlang\Release\</path>
         <kind>archive</kind>
         <file>driverlib.a</file>
         <name>i2c.obj</name>
      </input_file>
      <input_file id="fl-4d">
         <path>C:\ti\simplelink_cc32xx_sdk_7_10_00_13\source\ti\devices\cc32xx\driverlib\ticlang\Release\</path>
         <kind>archive</kind>
         <file>driverlib.a</file>
         <name>interrupt.obj</name>
      </input_file>
      <input_file id="fl-4e">
         <path>C:\ti\simplelink_cc32xx_sdk_7_10_00_13\source\ti\devices\cc32xx\driverlib\ticlang\Release\</path>
         <kind>archive</kind>
         <file>driverlib.a</file>
         <name>pin.obj</name>
      </input_file>
      <input_file id="fl-4f">
         <path>C:\ti\simplelink_cc32xx_sdk_7_10_00_13\source\ti\devices\cc32xx\driverlib\ticlang\Release\</path>
         <kind>archive</kind>
         <file>driverlib.a</file>
         <name>prcm.obj</name>
      </input_file>
      <input_file id="fl-50">
         <path>C:\ti\simplelink_cc32xx_sdk_7_10_00_13\source\ti\devices\cc32xx\driverlib\ticlang\Release\</path>
         <kind>archive</kind>
         <file>driverlib.a</file>
         <name>spi.obj</name>
      </input_file>
      <input_file id="fl-51">
         <path>C:\ti\simplelink_cc32xx_sdk_7_10_00_13\source\ti\devices\cc32xx\driverlib\ticlang\Release\</path>
         <kind>archive</kind>
         <file>driverlib.a</file>
         <name>uart.obj</name>
      </input_file>
      <input_file id="fl-52">
         <path>C:\ti\simplelink_cc32xx_sdk_7_10_00_13\source\ti\devices\cc32xx\driverlib\ticlang\Release\</path>
         <kind>archive</kind>
         <file>driverlib.a</file>
         <name>udma.obj</name>
      </input_file>
      <input_file id="fl-53">
         <path>C:\ti\simplelink_cc32xx_sdk_7_10_00_13\source\ti\devices\cc32xx\driverlib\ticlang\Release\</path>
         <kind>archive</kind>
         <file>driverlib.a</file>
         <name>utils.obj</name>
      </input_file>
      <input_file id="fl-54">
         <path>C:\ti\simplelink_cc32xx_sdk_7_10_00_13\source\ti\devices\cc32xx\driverlib\ticlang\Release\</path>
         <kind>archive</kind>
         <file>driverlib.a</file>
         <name>wdt.obj</name>
      </input_file>
      <input_file id="fl-55">
         <path>C:\ti\simplelink_cc32xx_sdk_7_10_00_13\source\ti\devices\cc32xx\driverlib\ticlang\Release\</path>
         <kind>archive</kind>
         <file>driverlib.a</file>
         <name>flash.obj</name>
      </input_file>
      <input_file id="fl-64">
         <path>C:\ti\ccs1281\ccs\tools\compiler\ti-cgt-armllvm_3.2.2.LTS\lib\armv7em-ti-none-eabi\c\</path>
         <kind>archive</kind>
         <file>libc.a</file>
         <name>snprintf.c.obj</name>
      </input_file>
      <input_file id="fl-65">
         <path>C:\ti\ccs1281\ccs\tools\compiler\ti-cgt-armllvm_3.2.2.LTS\lib\armv7em-ti-none-eabi\c\</path>
         <kind>archive</kind>
         <file>libc.a</file>
         <name>sscanf.c.obj</name>
      </input_file>
      <input_file id="fl-66">
         <path>C:\ti\ccs1281\ccs\tools\compiler\ti-cgt-armllvm_3.2.2.LTS\lib\armv7em-ti-none-eabi\c\</path>
         <kind>archive</kind>
         <file>libc.a</file>
         <name>aeabi_ctype.S.obj</name>
      </input_file>
      <input_file id="fl-67">
         <path>C:\ti\ccs1281\ccs\tools\compiler\ti-cgt-armllvm_3.2.2.LTS\lib\armv7em-ti-none-eabi\c\</path>
         <kind>archive</kind>
         <file>libc.a</file>
         <name>strcmp_t2.S.obj</name>
      </input_file>
      <input_file id="fl-68">
         <path>C:\ti\ccs1281\ccs\tools\compiler\ti-cgt-armllvm_3.2.2.LTS\lib\armv7em-ti-none-eabi\c\</path>
         <kind>archive</kind>
         <file>libc.a</file>
         <name>aeabi_portable.c.obj</name>
      </input_file>
      <input_file id="fl-69">
         <path>C:\ti\ccs1281\ccs\tools\compiler\ti-cgt-armllvm_3.2.2.LTS\lib\armv7em-ti-none-eabi\c\</path>
         <kind>archive</kind>
         <file>libc.a</file>
         <name>exit.c.obj</name>
      </input_file>
      <input_file id="fl-6a">
         <path>C:\ti\ccs1281\ccs\tools\compiler\ti-cgt-armllvm_3.2.2.LTS\lib\armv7em-ti-none-eabi\c\</path>
         <kind>archive</kind>
         <file>libc.a</file>
         <name>_lock.c.obj</name>
      </input_file>
      <input_file id="fl-6b">
         <path>C:\ti\ccs1281\ccs\tools\compiler\ti-cgt-armllvm_3.2.2.LTS\lib\armv7em-ti-none-eabi\c\</path>
         <kind>archive</kind>
         <file>libc.a</file>
         <name>args_main.c.obj</name>
      </input_file>
      <input_file id="fl-6c">
         <path>C:\ti\ccs1281\ccs\tools\compiler\ti-cgt-armllvm_3.2.2.LTS\lib\armv7em-ti-none-eabi\c\</path>
         <kind>archive</kind>
         <file>libc.a</file>
         <name>asctime.c.obj</name>
      </input_file>
      <input_file id="fl-6d">
         <path>C:\ti\ccs1281\ccs\tools\compiler\ti-cgt-armllvm_3.2.2.LTS\lib\armv7em-ti-none-eabi\c\</path>
         <kind>archive</kind>
         <file>libc.a</file>
         <name>assert.c.obj</name>
      </input_file>
      <input_file id="fl-6e">
         <path>C:\ti\ccs1281\ccs\tools\compiler\ti-cgt-armllvm_3.2.2.LTS\lib\armv7em-ti-none-eabi\c\</path>
         <kind>archive</kind>
         <file>libc.a</file>
         <name>atoi.c.obj</name>
      </input_file>
      <input_file id="fl-6f">
         <path>C:\ti\ccs1281\ccs\tools\compiler\ti-cgt-armllvm_3.2.2.LTS\lib\armv7em-ti-none-eabi\c\</path>
         <kind>archive</kind>
         <file>libc.a</file>
         <name>defs.c.obj</name>
      </input_file>
      <input_file id="fl-70">
         <path>C:\ti\ccs1281\ccs\tools\compiler\ti-cgt-armllvm_3.2.2.LTS\lib\armv7em-ti-none-eabi\c\</path>
         <kind>archive</kind>
         <file>libc.a</file>
         <name>strlen.c.obj</name>
      </input_file>
      <input_file id="fl-71">
         <path>C:\ti\ccs1281\ccs\tools\compiler\ti-cgt-armllvm_3.2.2.LTS\lib\armv7em-ti-none-eabi\c\</path>
         <kind>archive</kind>
         <file>libc.a</file>
         <name>strtok.c.obj</name>
      </input_file>
      <input_file id="fl-72">
         <path>C:\ti\ccs1281\ccs\tools\compiler\ti-cgt-armllvm_3.2.2.LTS\lib\armv7em-ti-none-eabi\c\</path>
         <kind>archive</kind>
         <file>libc.a</file>
         <name>strtoul.c.obj</name>
      </input_file>
      <input_file id="fl-73">
         <path>C:\ti\ccs1281\ccs\tools\compiler\ti-cgt-armllvm_3.2.2.LTS\lib\armv7em-ti-none-eabi\c\</path>
         <kind>archive</kind>
         <file>libc.a</file>
         <name>autoinit.c.obj</name>
      </input_file>
      <input_file id="fl-74">
         <path>C:\ti\ccs1281\ccs\tools\compiler\ti-cgt-armllvm_3.2.2.LTS\lib\armv7em-ti-none-eabi\c\</path>
         <kind>archive</kind>
         <file>libc.a</file>
         <name>cpy_tbl.c.obj</name>
      </input_file>
      <input_file id="fl-75">
         <path>C:\ti\ccs1281\ccs\tools\compiler\ti-cgt-armllvm_3.2.2.LTS\lib\armv7em-ti-none-eabi\c\</path>
         <kind>archive</kind>
         <file>libc.a</file>
         <name>copy_zero_init.c.obj</name>
      </input_file>
      <input_file id="fl-76">
         <path>C:\ti\ccs1281\ccs\tools\compiler\ti-cgt-armllvm_3.2.2.LTS\lib\armv7em-ti-none-eabi\c\</path>
         <kind>archive</kind>
         <file>libc.a</file>
         <name>copy_decompress_none.c.obj</name>
      </input_file>
      <input_file id="fl-77">
         <path>C:\ti\ccs1281\ccs\tools\compiler\ti-cgt-armllvm_3.2.2.LTS\lib\armv7em-ti-none-eabi\c\</path>
         <kind>archive</kind>
         <file>libc.a</file>
         <name>copy_decompress_lzss.c.obj</name>
      </input_file>
      <input_file id="fl-78">
         <path>C:\ti\ccs1281\ccs\tools\compiler\ti-cgt-armllvm_3.2.2.LTS\lib\armv7em-ti-none-eabi\c\</path>
         <kind>archive</kind>
         <file>libc.a</file>
         <name>_printfi.c.obj</name>
      </input_file>
      <input_file id="fl-79">
         <path>C:\ti\ccs1281\ccs\tools\compiler\ti-cgt-armllvm_3.2.2.LTS\lib\armv7em-ti-none-eabi\c\</path>
         <kind>archive</kind>
         <file>libc.a</file>
         <name>sprintf.c.obj</name>
      </input_file>
      <input_file id="fl-7a">
         <path>C:\ti\ccs1281\ccs\tools\compiler\ti-cgt-armllvm_3.2.2.LTS\lib\armv7em-ti-none-eabi\c\</path>
         <kind>archive</kind>
         <file>libc.a</file>
         <name>_scanfi.c.obj</name>
      </input_file>
      <input_file id="fl-7b">
         <path>C:\ti\ccs1281\ccs\tools\compiler\ti-cgt-armllvm_3.2.2.LTS\lib\armv7em-ti-none-eabi\c\</path>
         <kind>archive</kind>
         <file>libc.a</file>
         <name>fflush.c.obj</name>
      </input_file>
      <input_file id="fl-7c">
         <path>C:\ti\ccs1281\ccs\tools\compiler\ti-cgt-armllvm_3.2.2.LTS\lib\armv7em-ti-none-eabi\c\</path>
         <kind>archive</kind>
         <file>libc.a</file>
         <name>fputs.c.obj</name>
      </input_file>
      <input_file id="fl-7d">
         <path>C:\ti\ccs1281\ccs\tools\compiler\ti-cgt-armllvm_3.2.2.LTS\lib\armv7em-ti-none-eabi\c\</path>
         <kind>archive</kind>
         <file>libc.a</file>
         <name>_io_perm.c.obj</name>
      </input_file>
      <input_file id="fl-7e">
         <path>C:\ti\ccs1281\ccs\tools\compiler\ti-cgt-armllvm_3.2.2.LTS\lib\armv7em-ti-none-eabi\c\</path>
         <kind>archive</kind>
         <file>libc.a</file>
         <name>setvbuf.c.obj</name>
      </input_file>
      <input_file id="fl-7f">
         <path>C:\ti\ccs1281\ccs\tools\compiler\ti-cgt-armllvm_3.2.2.LTS\lib\armv7em-ti-none-eabi\c\</path>
         <kind>archive</kind>
         <file>libc.a</file>
         <name>s_frexp.c.obj</name>
      </input_file>
      <input_file id="fl-80">
         <path>C:\ti\ccs1281\ccs\tools\compiler\ti-cgt-armllvm_3.2.2.LTS\lib\armv7em-ti-none-eabi\c\</path>
         <kind>archive</kind>
         <file>libc.a</file>
         <name>s_scalbn.c.obj</name>
      </input_file>
      <input_file id="fl-81">
         <path>C:\ti\ccs1281\ccs\tools\compiler\ti-cgt-armllvm_3.2.2.LTS\lib\armv7em-ti-none-eabi\c\</path>
         <kind>archive</kind>
         <file>libc.a</file>
         <name>_ltoa.c.obj</name>
      </input_file>
      <input_file id="fl-82">
         <path>C:\ti\ccs1281\ccs\tools\compiler\ti-cgt-armllvm_3.2.2.LTS\lib\armv7em-ti-none-eabi\c\</path>
         <kind>archive</kind>
         <file>libc.a</file>
         <name>memccpy.c.obj</name>
      </input_file>
      <input_file id="fl-83">
         <path>C:\ti\ccs1281\ccs\tools\compiler\ti-cgt-armllvm_3.2.2.LTS\lib\armv7em-ti-none-eabi\c\</path>
         <kind>archive</kind>
         <file>libc.a</file>
         <name>strcspn.c.obj</name>
      </input_file>
      <input_file id="fl-84">
         <path>C:\ti\ccs1281\ccs\tools\compiler\ti-cgt-armllvm_3.2.2.LTS\lib\armv7em-ti-none-eabi\c\</path>
         <kind>archive</kind>
         <file>libc.a</file>
         <name>strspn.c.obj</name>
      </input_file>
      <input_file id="fl-85">
         <path>C:\ti\ccs1281\ccs\tools\compiler\ti-cgt-armllvm_3.2.2.LTS\lib\armv7em-ti-none-eabi\c\</path>
         <kind>archive</kind>
         <file>libc.a</file>
         <name>strtod.c.obj</name>
      </input_file>
      <input_file id="fl-86">
         <path>C:\ti\ccs1281\ccs\tools\compiler\ti-cgt-armllvm_3.2.2.LTS\lib\armv7em-ti-none-eabi\c\</path>
         <kind>archive</kind>
         <file>libc.a</file>
         <name>strtol.c.obj</name>
      </input_file>
      <input_file id="fl-87">
         <path>C:\ti\ccs1281\ccs\tools\compiler\ti-cgt-armllvm_3.2.2.LTS\lib\armv7em-ti-none-eabi\c\</path>
         <kind>archive</kind>
         <file>libc.a</file>
         <name>strtoll.c.obj</name>
      </input_file>
      <input_file id="fl-88">
         <path>C:\ti\ccs1281\ccs\tools\compiler\ti-cgt-armllvm_3.2.2.LTS\lib\armv7em-ti-none-eabi\c\</path>
         <kind>archive</kind>
         <file>libc.a</file>
         <name>strtoull.c.obj</name>
      </input_file>
      <input_file id="fl-89">
         <path>C:\ti\ccs1281\ccs\tools\compiler\ti-cgt-armllvm_3.2.2.LTS\lib\armv7em-ti-none-eabi\c\</path>
         <kind>archive</kind>
         <file>libc.a</file>
         <name>wcslen.c.obj</name>
      </input_file>
      <input_file id="fl-8a">
         <path>C:\ti\ccs1281\ccs\tools\compiler\ti-cgt-armllvm_3.2.2.LTS\lib\armv7em-ti-none-eabi\c\</path>
         <kind>archive</kind>
         <file>libc.a</file>
         <name>fopen.c.obj</name>
      </input_file>
      <input_file id="fl-8b">
         <path>C:\ti\ccs1281\ccs\tools\compiler\ti-cgt-armllvm_3.2.2.LTS\lib\armv7em-ti-none-eabi\c\</path>
         <kind>archive</kind>
         <file>libc.a</file>
         <name>fseek.c.obj</name>
      </input_file>
      <input_file id="fl-8c">
         <path>C:\ti\ccs1281\ccs\tools\compiler\ti-cgt-armllvm_3.2.2.LTS\lib\armv7em-ti-none-eabi\c\</path>
         <kind>archive</kind>
         <file>libc.a</file>
         <name>fclose.c.obj</name>
      </input_file>
      <input_file id="fl-f2">
         <path>C:\ti\ccs1281\ccs\tools\compiler\ti-cgt-armllvm_3.2.2.LTS\lib\armv7em-ti-none-eabi\c\</path>
         <kind>archive</kind>
         <file>libsysbm.a</file>
         <name>write.c.obj</name>
      </input_file>
      <input_file id="fl-f3">
         <path>C:\ti\ccs1281\ccs\tools\compiler\ti-cgt-armllvm_3.2.2.LTS\lib\armv7em-ti-none-eabi\c\</path>
         <kind>archive</kind>
         <file>libsysbm.a</file>
         <name>host_device.c.obj</name>
      </input_file>
      <input_file id="fl-f4">
         <path>C:\ti\ccs1281\ccs\tools\compiler\ti-cgt-armllvm_3.2.2.LTS\lib\armv7em-ti-none-eabi\c\</path>
         <kind>archive</kind>
         <file>libsysbm.a</file>
         <name>remove.c.obj</name>
      </input_file>
      <input_file id="fl-f5">
         <path>C:\ti\ccs1281\ccs\tools\compiler\ti-cgt-armllvm_3.2.2.LTS\lib\armv7em-ti-none-eabi\c\</path>
         <kind>archive</kind>
         <file>libsysbm.a</file>
         <name>open.c.obj</name>
      </input_file>
      <input_file id="fl-f6">
         <path>C:\ti\ccs1281\ccs\tools\compiler\ti-cgt-armllvm_3.2.2.LTS\lib\armv7em-ti-none-eabi\c\</path>
         <kind>archive</kind>
         <file>libsysbm.a</file>
         <name>lseek.c.obj</name>
      </input_file>
      <input_file id="fl-f7">
         <path>C:\ti\ccs1281\ccs\tools\compiler\ti-cgt-armllvm_3.2.2.LTS\lib\armv7em-ti-none-eabi\c\</path>
         <kind>archive</kind>
         <file>libsysbm.a</file>
         <name>close.c.obj</name>
      </input_file>
      <input_file id="fl-f8">
         <path>C:\ti\ccs1281\ccs\tools\compiler\ti-cgt-armllvm_3.2.2.LTS\lib\armv7em-ti-none-eabi\c\</path>
         <kind>archive</kind>
         <file>libsysbm.a</file>
         <name>unlink.c.obj</name>
      </input_file>
      <input_file id="fl-f9">
         <path>C:\ti\ccs1281\ccs\tools\compiler\ti-cgt-armllvm_3.2.2.LTS\lib\armv7em-ti-none-eabi\c\</path>
         <kind>archive</kind>
         <file>libsysbm.a</file>
         <name>hostclose.c.obj</name>
      </input_file>
      <input_file id="fl-fa">
         <path>C:\ti\ccs1281\ccs\tools\compiler\ti-cgt-armllvm_3.2.2.LTS\lib\armv7em-ti-none-eabi\c\</path>
         <kind>archive</kind>
         <file>libsysbm.a</file>
         <name>hostlseek.c.obj</name>
      </input_file>
      <input_file id="fl-fb">
         <path>C:\ti\ccs1281\ccs\tools\compiler\ti-cgt-armllvm_3.2.2.LTS\lib\armv7em-ti-none-eabi\c\</path>
         <kind>archive</kind>
         <file>libsysbm.a</file>
         <name>hostopen.c.obj</name>
      </input_file>
      <input_file id="fl-fc">
         <path>C:\ti\ccs1281\ccs\tools\compiler\ti-cgt-armllvm_3.2.2.LTS\lib\armv7em-ti-none-eabi\c\</path>
         <kind>archive</kind>
         <file>libsysbm.a</file>
         <name>hostread.c.obj</name>
      </input_file>
      <input_file id="fl-fd">
         <path>C:\ti\ccs1281\ccs\tools\compiler\ti-cgt-armllvm_3.2.2.LTS\lib\armv7em-ti-none-eabi\c\</path>
         <kind>archive</kind>
         <file>libsysbm.a</file>
         <name>hostrename.c.obj</name>
      </input_file>
      <input_file id="fl-fe">
         <path>C:\ti\ccs1281\ccs\tools\compiler\ti-cgt-armllvm_3.2.2.LTS\lib\armv7em-ti-none-eabi\c\</path>
         <kind>archive</kind>
         <file>libsysbm.a</file>
         <name>hostunlink.c.obj</name>
      </input_file>
      <input_file id="fl-ff">
         <path>C:\ti\ccs1281\ccs\tools\compiler\ti-cgt-armllvm_3.2.2.LTS\lib\armv7em-ti-none-eabi\c\</path>
         <kind>archive</kind>
         <file>libsysbm.a</file>
         <name>hostwrite.c.obj</name>
      </input_file>
      <input_file id="fl-100">
         <path>C:\ti\ccs1281\ccs\tools\compiler\ti-cgt-armllvm_3.2.2.LTS\lib\armv7em-ti-none-eabi\c\</path>
         <kind>archive</kind>
         <file>libsysbm.a</file>
         <name>trgmsg.c.obj</name>
      </input_file>
      <input_file id="fl-101">
         <path>C:\ti\ccs1281\ccs\tools\compiler\ti-cgt-armllvm_3.2.2.LTS\lib\clang\15.0.7\lib\armv7em-ti-none-eabi\</path>
         <kind>archive</kind>
         <file>libclang_rt.builtins.a</file>
         <name>adddf3.S.obj</name>
      </input_file>
      <input_file id="fl-102">
         <path>C:\ti\ccs1281\ccs\tools\compiler\ti-cgt-armllvm_3.2.2.LTS\lib\clang\15.0.7\lib\armv7em-ti-none-eabi\</path>
         <kind>archive</kind>
         <file>libclang_rt.builtins.a</file>
         <name>muldf3.S.obj</name>
      </input_file>
      <input_file id="fl-103">
         <path>C:\ti\ccs1281\ccs\tools\compiler\ti-cgt-armllvm_3.2.2.LTS\lib\clang\15.0.7\lib\armv7em-ti-none-eabi\</path>
         <kind>archive</kind>
         <file>libclang_rt.builtins.a</file>
         <name>divdf3.S.obj</name>
      </input_file>
      <input_file id="fl-104">
         <path>C:\ti\ccs1281\ccs\tools\compiler\ti-cgt-armllvm_3.2.2.LTS\lib\clang\15.0.7\lib\armv7em-ti-none-eabi\</path>
         <kind>archive</kind>
         <file>libclang_rt.builtins.a</file>
         <name>extendsfdf2.S.obj</name>
      </input_file>
      <input_file id="fl-105">
         <path>C:\ti\ccs1281\ccs\tools\compiler\ti-cgt-armllvm_3.2.2.LTS\lib\clang\15.0.7\lib\armv7em-ti-none-eabi\</path>
         <kind>archive</kind>
         <file>libclang_rt.builtins.a</file>
         <name>fixdfsi.S.obj</name>
      </input_file>
      <input_file id="fl-106">
         <path>C:\ti\ccs1281\ccs\tools\compiler\ti-cgt-armllvm_3.2.2.LTS\lib\clang\15.0.7\lib\armv7em-ti-none-eabi\</path>
         <kind>archive</kind>
         <file>libclang_rt.builtins.a</file>
         <name>fixunsdfsi.S.obj</name>
      </input_file>
      <input_file id="fl-107">
         <path>C:\ti\ccs1281\ccs\tools\compiler\ti-cgt-armllvm_3.2.2.LTS\lib\clang\15.0.7\lib\armv7em-ti-none-eabi\</path>
         <kind>archive</kind>
         <file>libclang_rt.builtins.a</file>
         <name>floatsidf.S.obj</name>
      </input_file>
      <input_file id="fl-108">
         <path>C:\ti\ccs1281\ccs\tools\compiler\ti-cgt-armllvm_3.2.2.LTS\lib\clang\15.0.7\lib\armv7em-ti-none-eabi\</path>
         <kind>archive</kind>
         <file>libclang_rt.builtins.a</file>
         <name>truncdfsf2.S.obj</name>
      </input_file>
      <input_file id="fl-109">
         <path>C:\ti\ccs1281\ccs\tools\compiler\ti-cgt-armllvm_3.2.2.LTS\lib\clang\15.0.7\lib\armv7em-ti-none-eabi\</path>
         <kind>archive</kind>
         <file>libclang_rt.builtins.a</file>
         <name>aeabi_dcmp.S.obj</name>
      </input_file>
      <input_file id="fl-10a">
         <path>C:\ti\ccs1281\ccs\tools\compiler\ti-cgt-armllvm_3.2.2.LTS\lib\clang\15.0.7\lib\armv7em-ti-none-eabi\</path>
         <kind>archive</kind>
         <file>libclang_rt.builtins.a</file>
         <name>aeabi_memcpy.S.obj</name>
      </input_file>
      <input_file id="fl-10b">
         <path>C:\ti\ccs1281\ccs\tools\compiler\ti-cgt-armllvm_3.2.2.LTS\lib\clang\15.0.7\lib\armv7em-ti-none-eabi\</path>
         <kind>archive</kind>
         <file>libclang_rt.builtins.a</file>
         <name>aeabi_memset.S.obj</name>
      </input_file>
      <input_file id="fl-10c">
         <path>C:\ti\ccs1281\ccs\tools\compiler\ti-cgt-armllvm_3.2.2.LTS\lib\clang\15.0.7\lib\armv7em-ti-none-eabi\</path>
         <kind>archive</kind>
         <file>libclang_rt.builtins.a</file>
         <name>aeabi_uldivmod.S.obj</name>
      </input_file>
      <input_file id="fl-10d">
         <path>C:\ti\ccs1281\ccs\tools\compiler\ti-cgt-armllvm_3.2.2.LTS\lib\clang\15.0.7\lib\armv7em-ti-none-eabi\</path>
         <kind>archive</kind>
         <file>libclang_rt.builtins.a</file>
         <name>udivmoddi4.S.obj</name>
      </input_file>
      <input_file id="fl-10e">
         <path>C:\ti\ccs1281\ccs\tools\compiler\ti-cgt-armllvm_3.2.2.LTS\lib\clang\15.0.7\lib\armv7em-ti-none-eabi\</path>
         <kind>archive</kind>
         <file>libclang_rt.builtins.a</file>
         <name>comparedf2.c.obj</name>
      </input_file>
      <input_file id="fl-10f">
         <path>C:\ti\ccs1281\ccs\tools\compiler\ti-cgt-armllvm_3.2.2.LTS\lib\clang\15.0.7\lib\armv7em-ti-none-eabi\</path>
         <kind>archive</kind>
         <file>libclang_rt.builtins.a</file>
         <name>aeabi_div0.c.obj</name>
      </input_file>
      <input_file id="fl-110">
         <path>C:\ti\ccs1281\ccs\tools\compiler\ti-cgt-armllvm_3.2.2.LTS\lib\armv7em-ti-none-eabi\c\</path>
         <kind>archive</kind>
         <file>libc.a</file>
         <name>getdevice.c.obj</name>
      </input_file>
      <input_file id="fl-111">
         <path>C:\ti\ccs1281\ccs\tools\compiler\ti-cgt-armllvm_3.2.2.LTS\lib\armv7em-ti-none-eabi\c\</path>
         <kind>archive</kind>
         <file>libc.a</file>
         <name>memcpy_t2.S.obj</name>
      </input_file>
      <input_file id="fl-112">
         <path>C:\ti\ccs1281\ccs\tools\compiler\ti-cgt-armllvm_3.2.2.LTS\lib\armv7em-ti-none-eabi\c\</path>
         <kind>archive</kind>
         <file>libc.a</file>
         <name>memset_t2.S.obj</name>
      </input_file>
   </input_file_list>
   <object_component_list>
      <object_component id="oc-1b">
         <name>.resetVecs</name>
         <load_address>0x20004000</load_address>
         <readonly>true</readonly>
         <run_address>0x20004000</run_address>
         <size>0x3c</size>
         <alignment>0x4</alignment>
         <input_file_ref idref="fl-3"/>
      </object_component>
      <object_component id="oc-3f5">
         <name>.text.__TI_scanfi</name>
         <load_address>0x20004040</load_address>
         <readonly>true</readonly>
         <executable>true</executable>
         <run_address>0x20004040</run_address>
         <size>0xc20</size>
         <alignment>0x4</alignment>
         <input_file_ref idref="fl-7a"/>
      </object_component>
      <object_component id="oc-498">
         <name>.text._SlDrvMsgRead</name>
         <load_address>0x20004c60</load_address>
         <readonly>true</readonly>
         <executable>true</executable>
         <run_address>0x20004c60</run_address>
         <size>0xa36</size>
         <alignment>0x4</alignment>
         <input_file_ref idref="fl-26"/>
      </object_component>
      <object_component id="oc-1ca">
         <name>.text.BIOS_nullFunc</name>
         <load_address>0x20005696</load_address>
         <readonly>true</readonly>
         <executable>true</executable>
         <run_address>0x20005696</run_address>
         <size>0x2</size>
         <alignment>0x2</alignment>
         <input_file_ref idref="fl-3"/>
      </object_component>
      <object_component id="oc-34b">
         <name>.text:__TI_printfi_nofloat</name>
         <load_address>0x20005698</load_address>
         <readonly>true</readonly>
         <executable>true</executable>
         <run_address>0x20005698</run_address>
         <size>0x86c</size>
         <alignment>0x4</alignment>
         <input_file_ref idref="fl-78"/>
      </object_component>
      <object_component id="oc-5ea">
         <name>.text._SlSocketHandleAsync_Select</name>
         <load_address>0x20005f04</load_address>
         <readonly>true</readonly>
         <executable>true</executable>
         <run_address>0x20005f04</run_address>
         <size>0x50a</size>
         <alignment>0x2</alignment>
         <input_file_ref idref="fl-2c"/>
      </object_component>
      <object_component id="oc-bd">
         <name>.text.PRCMCC3200MCUInit</name>
         <load_address>0x2000640e</load_address>
         <readonly>true</readonly>
         <executable>true</executable>
         <run_address>0x2000640e</run_address>
         <size>0x4b8</size>
         <alignment>0x2</alignment>
         <input_file_ref idref="fl-4f"/>
      </object_component>
      <object_component id="oc-381">
         <name>.text._SlDrvMsgWrite</name>
         <load_address>0x200068c6</load_address>
         <readonly>true</readonly>
         <executable>true</executable>
         <run_address>0x200068c6</run_address>
         <size>0x414</size>
         <alignment>0x2</alignment>
         <input_file_ref idref="fl-26"/>
      </object_component>
      <object_component id="oc-cd">
         <name>.text.Board_initHook</name>
         <load_address>0x20006cda</load_address>
         <readonly>true</readonly>
         <executable>true</executable>
         <run_address>0x20006cda</run_address>
         <size>0x2</size>
         <alignment>0x2</alignment>
         <input_file_ref idref="fl-1"/>
      </object_component>
      <object_component id="oc-2ed">
         <name>.text.Power_sleep</name>
         <load_address>0x20006cdc</load_address>
         <readonly>true</readonly>
         <executable>true</executable>
         <run_address>0x20006cdc</run_address>
         <size>0x3e4</size>
         <alignment>0x4</alignment>
         <input_file_ref idref="fl-37"/>
      </object_component>
      <object_component id="oc-259">
         <name>.text._SlDrvReleasePoolObj</name>
         <load_address>0x200070c0</load_address>
         <readonly>true</readonly>
         <executable>true</executable>
         <run_address>0x200070c0</run_address>
         <size>0x3b2</size>
         <alignment>0x2</alignment>
         <input_file_ref idref="fl-26"/>
      </object_component>
      <object_component id="oc-569">
         <name>.text._SlDrvRxHdrRead</name>
         <load_address>0x20007472</load_address>
         <readonly>true</readonly>
         <executable>true</executable>
         <run_address>0x20007472</run_address>
         <size>0x3ae</size>
         <alignment>0x2</alignment>
         <input_file_ref idref="fl-26"/>
      </object_component>
      <object_component id="oc-383">
         <name>.text._SlDrvWaitForPoolObj</name>
         <load_address>0x20007820</load_address>
         <readonly>true</readonly>
         <executable>true</executable>
         <run_address>0x20007820</run_address>
         <size>0x3a4</size>
         <alignment>0x2</alignment>
         <input_file_ref idref="fl-26"/>
      </object_component>
      <object_component id="oc-4cd">
         <name>.text.strtod</name>
         <load_address>0x20007bc4</load_address>
         <readonly>true</readonly>
         <executable>true</executable>
         <run_address>0x20007bc4</run_address>
         <size>0x3a0</size>
         <alignment>0x4</alignment>
         <input_file_ref idref="fl-85"/>
      </object_component>
      <object_component id="oc-472">
         <name>.text.sl_Select</name>
         <load_address>0x20007f64</load_address>
         <readonly>true</readonly>
         <executable>true</executable>
         <run_address>0x20007f64</run_address>
         <size>0x368</size>
         <alignment>0x2</alignment>
         <input_file_ref idref="fl-2c"/>
      </object_component>
      <object_component id="oc-1ac">
         <name>.text.ServerTask</name>
         <load_address>0x200082cc</load_address>
         <readonly>true</readonly>
         <executable>true</executable>
         <run_address>0x200082cc</run_address>
         <size>0x338</size>
         <alignment>0x4</alignment>
         <input_file_ref idref="fl-5"/>
      </object_component>
      <object_component id="oc-3e8">
         <name>.text._SlDrvDataReadOp</name>
         <load_address>0x20008604</load_address>
         <readonly>true</readonly>
         <executable>true</executable>
         <run_address>0x20008604</run_address>
         <size>0x2f6</size>
         <alignment>0x2</alignment>
         <input_file_ref idref="fl-26"/>
      </object_component>
      <object_component id="oc-27b">
         <name>.text.ClockSync_convert</name>
         <load_address>0x200088fa</load_address>
         <readonly>true</readonly>
         <executable>true</executable>
         <run_address>0x200088fa</run_address>
         <size>0x2ee</size>
         <alignment>0x2</alignment>
         <input_file_ref idref="fl-31"/>
      </object_component>
      <object_component id="oc-185">
         <name>.text.sl_WlanConnect</name>
         <load_address>0x20008be8</load_address>
         <readonly>true</readonly>
         <executable>true</executable>
         <run_address>0x20008be8</run_address>
         <size>0x2dc</size>
         <alignment>0x2</alignment>
         <input_file_ref idref="fl-2e"/>
      </object_component>
      <object_component id="oc-405">
         <name>.text._SlDrvDataWriteOp</name>
         <load_address>0x20008ec4</load_address>
         <readonly>true</readonly>
         <executable>true</executable>
         <run_address>0x20008ec4</run_address>
         <size>0x2be</size>
         <alignment>0x2</alignment>
         <input_file_ref idref="fl-26"/>
      </object_component>
      <object_component id="oc-382">
         <name>.text._SlDrvMsgReadCmdCtx</name>
         <load_address>0x20009182</load_address>
         <readonly>true</readonly>
         <executable>true</executable>
         <run_address>0x20009182</run_address>
         <size>0x2aa</size>
         <alignment>0x2</alignment>
         <input_file_ref idref="fl-26"/>
      </object_component>
      <object_component id="oc-26b">
         <name>.text._SlDrvDriverCBInit</name>
         <load_address>0x2000942c</load_address>
         <readonly>true</readonly>
         <executable>true</executable>
         <run_address>0x2000942c</run_address>
         <size>0x2a2</size>
         <alignment>0x2</alignment>
         <input_file_ref idref="fl-26"/>
      </object_component>
      <object_component id="oc-182">
         <name>.text.sl_Stop</name>
         <load_address>0x200096ce</load_address>
         <readonly>true</readonly>
         <executable>true</executable>
         <run_address>0x200096ce</run_address>
         <size>0x272</size>
         <alignment>0x2</alignment>
         <input_file_ref idref="fl-25"/>
      </object_component>
      <object_component id="oc-47a">
         <name>.text.sl_NetAppPing</name>
         <load_address>0x20009940</load_address>
         <readonly>true</readonly>
         <executable>true</executable>
         <run_address>0x20009940</run_address>
         <size>0x258</size>
         <alignment>0x2</alignment>
         <input_file_ref idref="fl-29"/>
      </object_component>
      <object_component id="oc-5ca">
         <name>.text._SlNetAppEventHandler</name>
         <load_address>0x20009b98</load_address>
         <readonly>true</readonly>
         <executable>true</executable>
         <run_address>0x20009b98</run_address>
         <size>0x226</size>
         <alignment>0x2</alignment>
         <input_file_ref idref="fl-29"/>
      </object_component>
      <object_component id="oc-216">
         <name>.text.UART2CC32XX_hwiIntFxn</name>
         <load_address>0x20009dbe</load_address>
         <readonly>true</readonly>
         <executable>true</executable>
         <run_address>0x20009dbe</run_address>
         <size>0x222</size>
         <alignment>0x2</alignment>
         <input_file_ref idref="fl-3c"/>
      </object_component>
      <object_component id="oc-25c">
         <name>.text._SlDrvReleaseAllActivePendingPoolObj</name>
         <load_address>0x20009fe0</load_address>
         <readonly>true</readonly>
         <executable>true</executable>
         <run_address>0x20009fe0</run_address>
         <size>0x218</size>
         <alignment>0x2</alignment>
         <input_file_ref idref="fl-26"/>
      </object_component>
      <object_component id="oc-292">
         <name>.text.sl_Accept</name>
         <load_address>0x2000a1f8</load_address>
         <readonly>true</readonly>
         <executable>true</executable>
         <run_address>0x2000a1f8</run_address>
         <size>0x202</size>
         <alignment>0x2</alignment>
         <input_file_ref idref="fl-2c"/>
      </object_component>
      <object_component id="oc-538">
         <name>.text._SlDrvRegisterForSelectAsync</name>
         <load_address>0x2000a3fa</load_address>
         <readonly>true</readonly>
         <executable>true</executable>
         <run_address>0x2000a3fa</run_address>
         <size>0x1ea</size>
         <alignment>0x2</alignment>
         <input_file_ref idref="fl-2c"/>
      </object_component>
      <object_component id="oc-56d">
         <name>.text._SlDrvFindAndSetActiveObj</name>
         <load_address>0x2000a5e4</load_address>
         <readonly>true</readonly>
         <executable>true</executable>
         <run_address>0x2000a5e4</run_address>
         <size>0x1de</size>
         <alignment>0x2</alignment>
         <input_file_ref idref="fl-26"/>
      </object_component>
      <object_component id="oc-155">
         <name>.text.I2C_init</name>
         <load_address>0x2000a7c2</load_address>
         <readonly>true</readonly>
         <executable>true</executable>
         <run_address>0x2000a7c2</run_address>
         <size>0x2</size>
         <alignment>0x2</alignment>
         <input_file_ref idref="fl-35"/>
      </object_component>
      <object_component id="oc-e0">
         <name>.text.initWiFi</name>
         <load_address>0x2000a7c4</load_address>
         <readonly>true</readonly>
         <executable>true</executable>
         <run_address>0x2000a7c4</run_address>
         <size>0x1dc</size>
         <alignment>0x4</alignment>
         <input_file_ref idref="fl-5"/>
      </object_component>
      <object_component id="oc-14f">
         <name>.text.UART2_open</name>
         <load_address>0x2000a9a0</load_address>
         <readonly>true</readonly>
         <executable>true</executable>
         <run_address>0x2000a9a0</run_address>
         <size>0x1cc</size>
         <alignment>0x4</alignment>
         <input_file_ref idref="fl-3c"/>
      </object_component>
      <object_component id="oc-471">
         <name>.text.sl_Connect</name>
         <load_address>0x2000ab6c</load_address>
         <readonly>true</readonly>
         <executable>true</executable>
         <run_address>0x2000ab6c</run_address>
         <size>0x1bc</size>
         <alignment>0x2</alignment>
         <input_file_ref idref="fl-2c"/>
      </object_component>
      <object_component id="oc-4de">
         <name>.text.strtoll</name>
         <load_address>0x2000ad28</load_address>
         <readonly>true</readonly>
         <executable>true</executable>
         <run_address>0x2000ad28</run_address>
         <size>0x1b8</size>
         <alignment>0x4</alignment>
         <input_file_ref idref="fl-87"/>
      </object_component>
      <object_component id="oc-522">
         <name>.text.adddf3_subdf3</name>
         <load_address>0x2000aee0</load_address>
         <readonly>true</readonly>
         <executable>true</executable>
         <run_address>0x2000aee0</run_address>
         <size>0x1b6</size>
         <alignment>0x4</alignment>
         <input_file_ref idref="fl-101"/>
      </object_component>
      <object_component id="oc-479">
         <name>.text.sl_NetAppDnsGetHostByName</name>
         <load_address>0x2000b096</load_address>
         <readonly>true</readonly>
         <executable>true</executable>
         <run_address>0x2000b096</run_address>
         <size>0x1ac</size>
         <alignment>0x2</alignment>
         <input_file_ref idref="fl-29"/>
      </object_component>
      <object_component id="oc-48f">
         <name>.text.SPICC32XXDMA_transfer</name>
         <load_address>0x2000b242</load_address>
         <readonly>true</readonly>
         <executable>true</executable>
         <run_address>0x2000b242</run_address>
         <size>0x1a4</size>
         <alignment>0x2</alignment>
         <input_file_ref idref="fl-3a"/>
      </object_component>
      <object_component id="oc-475">
         <name>.text.sl_RecvFrom</name>
         <load_address>0x2000b3e6</load_address>
         <readonly>true</readonly>
         <executable>true</executable>
         <run_address>0x2000b3e6</run_address>
         <size>0x19c</size>
         <alignment>0x2</alignment>
         <input_file_ref idref="fl-2c"/>
      </object_component>
      <object_component id="oc-606">
         <name>.text.SimpleLinkHttpServerEventHandler</name>
         <load_address>0x2000b582</load_address>
         <readonly>true</readonly>
         <executable>true</executable>
         <run_address>0x2000b582</run_address>
         <size>0x2</size>
         <alignment>0x2</alignment>
         <input_file_ref idref="fl-5"/>
      </object_component>
      <object_component id="oc-3a6">
         <name>.text._SlDrvMsgReadSpawnCtx</name>
         <load_address>0x2000b584</load_address>
         <readonly>true</readonly>
         <executable>true</executable>
         <run_address>0x2000b584</run_address>
         <size>0x194</size>
         <alignment>0x4</alignment>
         <input_file_ref idref="fl-26"/>
      </object_component>
      <object_component id="oc-478">
         <name>.text.sl_StartTLS</name>
         <load_address>0x2000b718</load_address>
         <readonly>true</readonly>
         <executable>true</executable>
         <run_address>0x2000b718</run_address>
         <size>0x188</size>
         <alignment>0x2</alignment>
         <input_file_ref idref="fl-2c"/>
      </object_component>
      <object_component id="oc-601">
         <name>.text._SlDrvGetNextTimeoutValue</name>
         <load_address>0x2000b8a0</load_address>
         <readonly>true</readonly>
         <executable>true</executable>
         <run_address>0x2000b8a0</run_address>
         <size>0x180</size>
         <alignment>0x2</alignment>
         <input_file_ref idref="fl-2c"/>
      </object_component>
      <object_component id="oc-df">
         <name>.text.initI2C</name>
         <load_address>0x2000ba20</load_address>
         <readonly>true</readonly>
         <executable>true</executable>
         <run_address>0x2000ba20</run_address>
         <size>0x17c</size>
         <alignment>0x4</alignment>
         <input_file_ref idref="fl-5"/>
      </object_component>
      <object_component id="oc-264">
         <name>.text._SlDrvDriverCBDeinit</name>
         <load_address>0x2000bb9c</load_address>
         <readonly>true</readonly>
         <executable>true</executable>
         <run_address>0x2000bb9c</run_address>
         <size>0x17a</size>
         <alignment>0x2</alignment>
         <input_file_ref idref="fl-26"/>
      </object_component>
      <object_component id="oc-499">
         <name>.text._SlSpawnMsgListInsert</name>
         <load_address>0x2000bd16</load_address>
         <readonly>true</readonly>
         <executable>true</executable>
         <run_address>0x2000bd16</run_address>
         <size>0x17a</size>
         <alignment>0x2</alignment>
         <input_file_ref idref="fl-26"/>
      </object_component>
      <object_component id="oc-18b">
         <name>.text.sl_Start</name>
         <load_address>0x2000be90</load_address>
         <readonly>true</readonly>
         <executable>true</executable>
         <run_address>0x2000be90</run_address>
         <size>0x176</size>
         <alignment>0x2</alignment>
         <input_file_ref idref="fl-25"/>
      </object_component>
      <object_component id="oc-272">
         <name>.text.UART2_writeTimeoutBlocking</name>
         <load_address>0x2000c006</load_address>
         <readonly>true</readonly>
         <executable>true</executable>
         <run_address>0x2000c006</run_address>
         <size>0x174</size>
         <alignment>0x2</alignment>
         <input_file_ref idref="fl-3b"/>
      </object_component>
      <object_component id="oc-5f8">
         <name>.text.SimpleLinkNetAppEventHandler</name>
         <load_address>0x2000c17a</load_address>
         <readonly>true</readonly>
         <executable>true</executable>
         <run_address>0x2000c17a</run_address>
         <size>0x2</size>
         <alignment>0x2</alignment>
         <input_file_ref idref="fl-5"/>
      </object_component>
      <object_component id="oc-4d8">
         <name>.text.strtoull</name>
         <load_address>0x2000c17c</load_address>
         <readonly>true</readonly>
         <executable>true</executable>
         <run_address>0x2000c17c</run_address>
         <size>0x170</size>
         <alignment>0x4</alignment>
         <input_file_ref idref="fl-88"/>
      </object_component>
      <object_component id="oc-53d">
         <name>.text._SlSocketHandleAsync_StartTLS</name>
         <load_address>0x2000c2ec</load_address>
         <readonly>true</readonly>
         <executable>true</executable>
         <run_address>0x2000c2ec</run_address>
         <size>0x16c</size>
         <alignment>0x2</alignment>
         <input_file_ref idref="fl-2c"/>
      </object_component>
      <object_component id="oc-37f">
         <name>.text._SlDrvObjGlobalLockWaitForever</name>
         <load_address>0x2000c458</load_address>
         <readonly>true</readonly>
         <executable>true</executable>
         <run_address>0x2000c458</run_address>
         <size>0x16a</size>
         <alignment>0x2</alignment>
         <input_file_ref idref="fl-26"/>
      </object_component>
      <object_component id="oc-4b0">
         <name>.text._SlDrvAsyncEventGenericHandler</name>
         <load_address>0x2000c5c2</load_address>
         <readonly>true</readonly>
         <executable>true</executable>
         <run_address>0x2000c5c2</run_address>
         <size>0x166</size>
         <alignment>0x2</alignment>
         <input_file_ref idref="fl-26"/>
      </object_component>
      <object_component id="oc-56b">
         <name>.text._SlDrvClassifyRxMsg</name>
         <load_address>0x2000c728</load_address>
         <readonly>true</readonly>
         <executable>true</executable>
         <run_address>0x2000c728</run_address>
         <size>0x162</size>
         <alignment>0x2</alignment>
         <input_file_ref idref="fl-26"/>
      </object_component>
      <object_component id="oc-607">
         <name>.text.SimpleLinkNetAppRequestEventHandler</name>
         <load_address>0x2000c88a</load_address>
         <readonly>true</readonly>
         <executable>true</executable>
         <run_address>0x2000c88a</run_address>
         <size>0x2</size>
         <alignment>0x2</alignment>
         <input_file_ref idref="fl-5"/>
      </object_component>
      <object_component id="oc-579">
         <name>.text.SlNetUtil_inetPton</name>
         <load_address>0x2000c88c</load_address>
         <readonly>true</readonly>
         <executable>true</executable>
         <run_address>0x2000c88c</run_address>
         <size>0x15c</size>
         <alignment>0x4</alignment>
         <input_file_ref idref="fl-43"/>
      </object_component>
      <object_component id="oc-4b7">
         <name>.text.getTime</name>
         <load_address>0x2000c9e8</load_address>
         <readonly>true</readonly>
         <executable>true</executable>
         <run_address>0x2000c9e8</run_address>
         <size>0x158</size>
         <alignment>0x4</alignment>
         <input_file_ref idref="fl-41"/>
      </object_component>
      <object_component id="oc-253">
         <name>.text._SlDrvCmdOp</name>
         <load_address>0x2000cb40</load_address>
         <readonly>true</readonly>
         <executable>true</executable>
         <run_address>0x2000cb40</run_address>
         <size>0x154</size>
         <alignment>0x2</alignment>
         <input_file_ref idref="fl-26"/>
      </object_component>
      <object_component id="oc-482">
         <name>.text.sl_FsOpen</name>
         <load_address>0x2000cc94</load_address>
         <readonly>true</readonly>
         <executable>true</executable>
         <run_address>0x2000cc94</run_address>
         <size>0x14e</size>
         <alignment>0x2</alignment>
         <input_file_ref idref="fl-28"/>
      </object_component>
      <object_component id="oc-5fe">
         <name>.text.SimpleLinkNetAppRequestMemFreeEventHandler</name>
         <load_address>0x2000cde2</load_address>
         <readonly>true</readonly>
         <executable>true</executable>
         <run_address>0x2000cde2</run_address>
         <size>0x2</size>
         <alignment>0x2</alignment>
         <input_file_ref idref="fl-5"/>
      </object_component>
      <object_component id="oc-55d">
         <name>.text.configDMA</name>
         <load_address>0x2000cde4</load_address>
         <readonly>true</readonly>
         <executable>true</executable>
         <run_address>0x2000cde4</run_address>
         <size>0x14c</size>
         <alignment>0x4</alignment>
         <input_file_ref idref="fl-3a"/>
      </object_component>
      <object_component id="oc-ec">
         <name>.text.GPIO_setConfig</name>
         <load_address>0x2000cf30</load_address>
         <readonly>true</readonly>
         <executable>true</executable>
         <run_address>0x2000cf30</run_address>
         <size>0x140</size>
         <alignment>0x4</alignment>
         <input_file_ref idref="fl-34"/>
      </object_component>
      <object_component id="oc-5db">
         <name>.text._SlDeviceEventHandler</name>
         <load_address>0x2000d070</load_address>
         <readonly>true</readonly>
         <executable>true</executable>
         <run_address>0x2000d070</run_address>
         <size>0x140</size>
         <alignment>0x2</alignment>
         <input_file_ref idref="fl-25"/>
      </object_component>
      <object_component id="oc-226">
         <name>.text.I2CCC32XX_hwiFxn</name>
         <load_address>0x2000d1b0</load_address>
         <readonly>true</readonly>
         <executable>true</executable>
         <run_address>0x2000d1b0</run_address>
         <size>0x138</size>
         <alignment>0x2</alignment>
         <input_file_ref idref="fl-36"/>
      </object_component>
      <object_component id="oc-48e">
         <name>.text.SPICC32XXDMA_open</name>
         <load_address>0x2000d2e8</load_address>
         <readonly>true</readonly>
         <executable>true</executable>
         <run_address>0x2000d2e8</run_address>
         <size>0x138</size>
         <alignment>0x4</alignment>
         <input_file_ref idref="fl-3a"/>
      </object_component>
      <object_component id="oc-58d">
         <name>.text.strtol</name>
         <load_address>0x2000d420</load_address>
         <readonly>true</readonly>
         <executable>true</executable>
         <run_address>0x2000d420</run_address>
         <size>0x138</size>
         <alignment>0x4</alignment>
         <input_file_ref idref="fl-86"/>
      </object_component>
      <object_component id="oc-52c">
         <name>.text.__divdf3</name>
         <load_address>0x2000d558</load_address>
         <readonly>true</readonly>
         <executable>true</executable>
         <run_address>0x2000d558</run_address>
         <size>0x136</size>
         <alignment>0x4</alignment>
         <input_file_ref idref="fl-103"/>
      </object_component>
      <object_component id="oc-483">
         <name>.text.sl_FsWrite</name>
         <load_address>0x2000d68e</load_address>
         <readonly>true</readonly>
         <executable>true</executable>
         <run_address>0x2000d68e</run_address>
         <size>0x130</size>
         <alignment>0x2</alignment>
         <input_file_ref idref="fl-28"/>
      </object_component>
      <object_component id="oc-258">
         <name>.text._SlDrvWaitForInternalAsyncEvent</name>
         <load_address>0x2000d7be</load_address>
         <readonly>true</readonly>
         <executable>true</executable>
         <run_address>0x2000d7be</run_address>
         <size>0x12e</size>
         <alignment>0x2</alignment>
         <input_file_ref idref="fl-26"/>
      </object_component>
      <object_component id="oc-476">
         <name>.text.sl_SendTo</name>
         <load_address>0x2000d8ec</load_address>
         <readonly>true</readonly>
         <executable>true</executable>
         <run_address>0x2000d8ec</run_address>
         <size>0x12a</size>
         <alignment>0x2</alignment>
         <input_file_ref idref="fl-2c"/>
      </object_component>
      <object_component id="oc-5e1">
         <name>.text._SlNetAppHandleAsync_DnsGetHostByService</name>
         <load_address>0x2000da16</load_address>
         <readonly>true</readonly>
         <executable>true</executable>
         <run_address>0x2000da16</run_address>
         <size>0x128</size>
         <alignment>0x2</alignment>
         <input_file_ref idref="fl-29"/>
      </object_component>
      <object_component id="oc-22f">
         <name>.text.I2C_transferTimeout</name>
         <load_address>0x2000db3e</load_address>
         <readonly>true</readonly>
         <executable>true</executable>
         <run_address>0x2000db3e</run_address>
         <size>0x126</size>
         <alignment>0x2</alignment>
         <input_file_ref idref="fl-35"/>
      </object_component>
      <object_component id="oc-378">
         <name>.text.SlNetIfWifi_loadSecObj</name>
         <load_address>0x2000dc64</load_address>
         <readonly>true</readonly>
         <executable>true</executable>
         <run_address>0x2000dc64</run_address>
         <size>0x126</size>
         <alignment>0x2</alignment>
         <input_file_ref idref="fl-23"/>
      </object_component>
      <object_component id="oc-5f7">
         <name>.text.SimpleLinkSockEventHandler</name>
         <load_address>0x2000dd8a</load_address>
         <readonly>true</readonly>
         <executable>true</executable>
         <run_address>0x2000dd8a</run_address>
         <size>0x2</size>
         <alignment>0x2</alignment>
         <input_file_ref idref="fl-5"/>
      </object_component>
      <object_component id="oc-245">
         <name>.text.SlNetIf_add</name>
         <load_address>0x2000dd8c</load_address>
         <readonly>true</readonly>
         <executable>true</executable>
         <run_address>0x2000dd8c</run_address>
         <size>0x120</size>
         <alignment>0x4</alignment>
         <input_file_ref idref="fl-44"/>
      </object_component>
      <object_component id="oc-4c8">
         <name>.text.strtoul</name>
         <load_address>0x2000deac</load_address>
         <readonly>true</readonly>
         <executable>true</executable>
         <run_address>0x2000deac</run_address>
         <size>0x11c</size>
         <alignment>0x4</alignment>
         <input_file_ref idref="fl-72"/>
      </object_component>
      <object_component id="oc-271">
         <name>.text.UART2_writeTimeoutNonblocking</name>
         <load_address>0x2000dfc8</load_address>
         <readonly>true</readonly>
         <executable>true</executable>
         <run_address>0x2000dfc8</run_address>
         <size>0x11a</size>
         <alignment>0x2</alignment>
         <input_file_ref idref="fl-3b"/>
      </object_component>
      <object_component id="oc-275">
         <name>.text.ClockSync_update</name>
         <load_address>0x2000e0e2</load_address>
         <readonly>true</readonly>
         <executable>true</executable>
         <run_address>0x2000e0e2</run_address>
         <size>0x116</size>
         <alignment>0x2</alignment>
         <input_file_ref idref="fl-31"/>
      </object_component>
      <object_component id="oc-2a7">
         <name>.text.sl_Close</name>
         <load_address>0x2000e1f8</load_address>
         <readonly>true</readonly>
         <executable>true</executable>
         <run_address>0x2000e1f8</run_address>
         <size>0x116</size>
         <alignment>0x2</alignment>
         <input_file_ref idref="fl-2c"/>
      </object_component>
      <object_component id="oc-5f6">
         <name>.text.SimpleLinkWlanEventHandler</name>
         <load_address>0x2000e30e</load_address>
         <readonly>true</readonly>
         <executable>true</executable>
         <run_address>0x2000e30e</run_address>
         <size>0x2</size>
         <alignment>0x2</alignment>
         <input_file_ref idref="fl-5"/>
      </object_component>
      <object_component id="oc-3b3">
         <name>.text.SNTP_getTime</name>
         <load_address>0x2000e310</load_address>
         <readonly>true</readonly>
         <executable>true</executable>
         <run_address>0x2000e310</run_address>
         <size>0x114</size>
         <alignment>0x4</alignment>
         <input_file_ref idref="fl-41"/>
      </object_component>
      <object_component id="oc-447">
         <name>.text.uDMAChannelTransferSet</name>
         <load_address>0x2000e424</load_address>
         <readonly>true</readonly>
         <executable>true</executable>
         <run_address>0x2000e424</run_address>
         <size>0x112</size>
         <alignment>0x2</alignment>
         <input_file_ref idref="fl-52"/>
      </object_component>
      <object_component id="oc-214">
         <name>.text.UART2CC32XX_eventCallback</name>
         <load_address>0x2000e536</load_address>
         <readonly>true</readonly>
         <executable>true</executable>
         <run_address>0x2000e536</run_address>
         <size>0x2</size>
         <alignment>0x2</alignment>
         <input_file_ref idref="fl-3c"/>
      </object_component>
      <object_component id="oc-1e5">
         <name>.text.PowerCC32XX_sleepPolicy</name>
         <load_address>0x2000e538</load_address>
         <readonly>true</readonly>
         <executable>true</executable>
         <run_address>0x2000e538</run_address>
         <size>0x108</size>
         <alignment>0x4</alignment>
         <input_file_ref idref="fl-3"/>
      </object_component>
      <object_component id="oc-5f1">
         <name>.text._SlDeviceHandleAsync_InitComplete</name>
         <load_address>0x2000e640</load_address>
         <readonly>true</readonly>
         <executable>true</executable>
         <run_address>0x2000e640</run_address>
         <size>0x106</size>
         <alignment>0x2</alignment>
         <input_file_ref idref="fl-25"/>
      </object_component>
      <object_component id="oc-4f3">
         <name>.text.__aeabi_ldiv0</name>
         <load_address>0x2000e746</load_address>
         <readonly>true</readonly>
         <executable>true</executable>
         <run_address>0x2000e746</run_address>
         <size>0x2</size>
         <alignment>0x2</alignment>
         <input_file_ref idref="fl-10f"/>
      </object_component>
      <object_component id="oc-413">
         <name>.text.ti_sysbios_family_arm_m3_Timer_Instance_init</name>
         <load_address>0x2000e748</load_address>
         <readonly>true</readonly>
         <executable>true</executable>
         <run_address>0x2000e748</run_address>
         <size>0x104</size>
         <alignment>0x4</alignment>
         <input_file_ref idref="fl-3"/>
      </object_component>
      <object_component id="oc-3d8">
         <name>.text.__muldf3</name>
         <load_address>0x2000e84c</load_address>
         <readonly>true</readonly>
         <executable>true</executable>
         <run_address>0x2000e84c</run_address>
         <size>0xfc</size>
         <alignment>0x4</alignment>
         <input_file_ref idref="fl-102"/>
      </object_component>
      <object_component id="oc-286">
         <name>.text.ti_sysbios_knl_Event_pend</name>
         <load_address>0x2000e948</load_address>
         <readonly>true</readonly>
         <executable>true</executable>
         <run_address>0x2000e948</run_address>
         <size>0xf4</size>
         <alignment>0x4</alignment>
         <input_file_ref idref="fl-3"/>
      </object_component>
      <object_component id="oc-1e9">
         <name>.text.ti_sysbios_knl_Semaphore_pend</name>
         <load_address>0x2000ea3c</load_address>
         <readonly>true</readonly>
         <executable>true</executable>
         <run_address>0x2000ea3c</run_address>
         <size>0xf4</size>
         <alignment>0x4</alignment>
         <input_file_ref idref="fl-3"/>
      </object_component>
      <object_component id="oc-38e">
         <name>.text._SlDrvRemoveFromList</name>
         <load_address>0x2000eb30</load_address>
         <readonly>true</readonly>
         <executable>true</executable>
         <run_address>0x2000eb30</run_address>
         <size>0xee</size>
         <alignment>0x2</alignment>
         <input_file_ref idref="fl-26"/>
      </object_component>
      <object_component id="oc-251">
         <name>.text._SlDrvDriverIsApiAllowed</name>
         <load_address>0x2000ec1e</load_address>
         <readonly>true</readonly>
         <executable>true</executable>
         <run_address>0x2000ec1e</run_address>
         <size>0xec</size>
         <alignment>0x2</alignment>
         <input_file_ref idref="fl-26"/>
      </object_component>
      <object_component id="oc-1c9">
         <name>.text._nop</name>
         <load_address>0x2000ed0a</load_address>
         <readonly>true</readonly>
         <executable>true</executable>
         <run_address>0x2000ed0a</run_address>
         <size>0x2</size>
         <alignment>0x2</alignment>
         <input_file_ref idref="fl-6a"/>
      </object_component>
      <object_component id="oc-3e">
         <name>.text.ti_sysbios_family_arm_m3_Hwi_dispatch</name>
         <load_address>0x2000ed0c</load_address>
         <readonly>true</readonly>
         <executable>true</executable>
         <run_address>0x2000ed0c</run_address>
         <size>0xec</size>
         <alignment>0x4</alignment>
         <input_file_ref idref="fl-46"/>
      </object_component>
      <object_component id="oc-186">
         <name>.text.sl_NetCfgGet</name>
         <load_address>0x2000edf8</load_address>
         <readonly>true</readonly>
         <executable>true</executable>
         <run_address>0x2000edf8</run_address>
         <size>0xea</size>
         <alignment>0x2</alignment>
         <input_file_ref idref="fl-2a"/>
      </object_component>
      <object_component id="oc-44">
         <name>.text._system_pre_init</name>
         <load_address>0x2000eee2</load_address>
         <readonly>true</readonly>
         <executable>true</executable>
         <run_address>0x2000eee2</run_address>
         <size>0x2</size>
         <alignment>0x2</alignment>
         <input_file_ref idref="fl-3"/>
      </object_component>
      <object_component id="oc-15b">
         <name>.text.I2C_open</name>
         <load_address>0x2000eee4</load_address>
         <readonly>true</readonly>
         <executable>true</executable>
         <run_address>0x2000eee4</run_address>
         <size>0xe8</size>
         <alignment>0x4</alignment>
         <input_file_ref idref="fl-36"/>
      </object_component>
      <object_component id="oc-211">
         <name>.text.UART2_close</name>
         <load_address>0x2000efcc</load_address>
         <readonly>true</readonly>
         <executable>true</executable>
         <run_address>0x2000efcc</run_address>
         <size>0xe8</size>
         <alignment>0x4</alignment>
         <input_file_ref idref="fl-3c"/>
      </object_component>
      <object_component id="oc-47d">
         <name>.text.sl_WlanGet</name>
         <load_address>0x2000f0b4</load_address>
         <readonly>true</readonly>
         <executable>true</executable>
         <run_address>0x2000f0b4</run_address>
         <size>0xe2</size>
         <alignment>0x2</alignment>
         <input_file_ref idref="fl-2e"/>
      </object_component>
      <object_component id="oc-25b">
         <name>.text.NwpPowerOff</name>
         <load_address>0x2000f196</load_address>
         <readonly>true</readonly>
         <executable>true</executable>
         <run_address>0x2000f196</run_address>
         <size>0xe0</size>
         <alignment>0x2</alignment>
         <input_file_ref idref="fl-2f"/>
      </object_component>
      <object_component id="oc-5eb">
         <name>.text._SlNetAppHandleAsync_NetAppReceive</name>
         <load_address>0x2000f276</load_address>
         <readonly>true</readonly>
         <executable>true</executable>
         <run_address>0x2000f276</run_address>
         <size>0xdc</size>
         <alignment>0x2</alignment>
         <input_file_ref idref="fl-29"/>
      </object_component>
      <object_component id="oc-474">
         <name>.text.sl_GetSockOpt</name>
         <load_address>0x2000f352</load_address>
         <readonly>true</readonly>
         <executable>true</executable>
         <run_address>0x2000f352</run_address>
         <size>0xdc</size>
         <alignment>0x2</alignment>
         <input_file_ref idref="fl-2c"/>
      </object_component>
      <object_component id="oc-2a6">
         <name>.text.sl_Send</name>
         <load_address>0x2000f42e</load_address>
         <readonly>true</readonly>
         <executable>true</executable>
         <run_address>0x2000f42e</run_address>
         <size>0xda</size>
         <alignment>0x2</alignment>
         <input_file_ref idref="fl-2c"/>
      </object_component>
      <object_component id="oc-9d">
         <name>.text.pthread_create</name>
         <load_address>0x2000f508</load_address>
         <readonly>true</readonly>
         <executable>true</executable>
         <run_address>0x2000f508</run_address>
         <size>0xd8</size>
         <alignment>0x4</alignment>
         <input_file_ref idref="fl-3"/>
      </object_component>
      <object_component id="oc-af">
         <name>.text.ti_sysbios_family_arm_m3_Hwi_excFillContext</name>
         <load_address>0x2000f5e0</load_address>
         <readonly>true</readonly>
         <executable>true</executable>
         <run_address>0x2000f5e0</run_address>
         <size>0xd8</size>
         <alignment>0x4</alignment>
         <input_file_ref idref="fl-3"/>
      </object_component>
      <object_component id="oc-36e">
         <name>.text.SlNetIfWifi_getSockOpt</name>
         <load_address>0x2000f6b8</load_address>
         <readonly>true</readonly>
         <executable>true</executable>
         <run_address>0x2000f6b8</run_address>
         <size>0xd6</size>
         <alignment>0x2</alignment>
         <input_file_ref idref="fl-23"/>
      </object_component>
      <object_component id="oc-7d">
         <name>.text.ti_sysbios_runtime_System_exitSpin</name>
         <load_address>0x2000f78e</load_address>
         <readonly>true</readonly>
         <executable>true</executable>
         <run_address>0x2000f78e</run_address>
         <size>0x2</size>
         <alignment>0x2</alignment>
         <input_file_ref idref="fl-3"/>
      </object_component>
      <object_component id="oc-490">
         <name>.text.SPICC32XXDMA_transferCancel</name>
         <load_address>0x2000f790</load_address>
         <readonly>true</readonly>
         <executable>true</executable>
         <run_address>0x2000f790</run_address>
         <size>0xd4</size>
         <alignment>0x4</alignment>
         <input_file_ref idref="fl-3a"/>
      </object_component>
      <object_component id="oc-38a">
         <name>.text.Semaphore_pend_handle</name>
         <load_address>0x2000f864</load_address>
         <readonly>true</readonly>
         <executable>true</executable>
         <run_address>0x2000f864</run_address>
         <size>0xd4</size>
         <alignment>0x2</alignment>
         <input_file_ref idref="fl-2f"/>
      </object_component>
      <object_component id="oc-4a1">
         <name>.text.clock_gettime</name>
         <load_address>0x2000f938</load_address>
         <readonly>true</readonly>
         <executable>true</executable>
         <run_address>0x2000f938</run_address>
         <size>0xd4</size>
         <alignment>0x4</alignment>
         <input_file_ref idref="fl-3"/>
      </object_component>
      <object_component id="oc-47b">
         <name>.text.matchModeByRole</name>
         <load_address>0x2000fa0c</load_address>
         <readonly>true</readonly>
         <executable>true</executable>
         <run_address>0x2000fa0c</run_address>
         <size>0xd0</size>
         <alignment>0x2</alignment>
         <input_file_ref idref="fl-23"/>
      </object_component>
      <object_component id="oc-5e0">
         <name>.text._SlNetAppHandleAsync_DnsGetHostByName</name>
         <load_address>0x2000fadc</load_address>
         <readonly>true</readonly>
         <executable>true</executable>
         <run_address>0x2000fadc</run_address>
         <size>0xce</size>
         <alignment>0x2</alignment>
         <input_file_ref idref="fl-29"/>
      </object_component>
      <object_component id="oc-290">
         <name>.text.sl_Bind</name>
         <load_address>0x2000fbaa</load_address>
         <readonly>true</readonly>
         <executable>true</executable>
         <run_address>0x2000fbaa</run_address>
         <size>0xce</size>
         <alignment>0x2</alignment>
         <input_file_ref idref="fl-2c"/>
      </object_component>
      <object_component id="oc-32e">
         <name>.text.UART2Support_dmaStartRx</name>
         <load_address>0x2000fc78</load_address>
         <readonly>true</readonly>
         <executable>true</executable>
         <run_address>0x2000fc78</run_address>
         <size>0xcc</size>
         <alignment>0x4</alignment>
         <input_file_ref idref="fl-3c"/>
      </object_component>
      <object_component id="oc-ea">
         <name>.text.createTasks</name>
         <load_address>0x2000fd44</load_address>
         <readonly>true</readonly>
         <executable>true</executable>
         <run_address>0x2000fd44</run_address>
         <size>0xcc</size>
         <alignment>0x4</alignment>
         <input_file_ref idref="fl-5"/>
      </object_component>
      <object_component id="oc-261">
         <name>.text._SlDrvHandleFatalError</name>
         <load_address>0x2000fe10</load_address>
         <readonly>true</readonly>
         <executable>true</executable>
         <run_address>0x2000fe10</run_address>
         <size>0xca</size>
         <alignment>0x4</alignment>
         <input_file_ref idref="fl-26"/>
      </object_component>
      <object_component id="oc-5cb">
         <name>.text._SlNetAppHandleAsync_PingResponse</name>
         <load_address>0x2000feda</load_address>
         <readonly>true</readonly>
         <executable>true</executable>
         <run_address>0x2000feda</run_address>
         <size>0xca</size>
         <alignment>0x2</alignment>
         <input_file_ref idref="fl-29"/>
      </object_component>
      <object_component id="oc-5bc">
[...]
      </symbol>
      <symbol id="sm-c35">
         <name>SPIDisable</name>
         <value>0x20017d85</value>
         <object_component_ref idref="oc-554"/>
      </symbol>
      <symbol id="sm-c36">
         <name>SPIDmaDisable</name>
         <value>0x20017b17</value>
         <object_component_ref idref="oc-566"/>
      </symbol>
      <symbol id="sm-c37">
         <name>SPIDmaEnable</name>
         <value>0x20017bfd</value>
         <object_component_ref idref="oc-5c2"/>
      </symbol>
      <symbol id="sm-c38">
         <name>SPIEnable</name>
         <value>0x20017d9b</value>
         <object_component_ref idref="oc-55f"/>
      </symbol>
      <symbol id="sm-c39">
         <name>SPIFIFODisable</name>
         <value>0x20017b31</value>
         <object_component_ref idref="oc-555"/>
      </symbol>
      <symbol id="sm-c3a">
         <name>SPIFIFOEnable</name>
         <value>0x20017c15</value>
         <object_component_ref idref="oc-5be"/>
      </symbol>
      <symbol id="sm-c3b">
         <name>SPIFIFOLevelSet</name>
         <value>0x2001634f</value>
         <object_component_ref idref="oc-5bf"/>
      </symbol>
      <symbol id="sm-c3c">
         <name>SPIIntClear</name>
         <value>0x20013b21</value>
         <object_component_ref idref="oc-565"/>
      </symbol>
      <symbol id="sm-c3d">
         <name>SPIIntDisable</name>
         <value>0x2001314d</value>
         <object_component_ref idref="oc-564"/>
      </symbol>
      <symbol id="sm-c3e">
         <name>SPIIntEnable</name>
         <value>0x200135e9</value>
         <object_component_ref idref="oc-5c3"/>
      </symbol>
      <symbol id="sm-c3f">
         <name>SPIIntStatus</name>
         <value>0x20011dd3</value>
         <object_component_ref idref="oc-5c1"/>
      </symbol>
      <symbol id="sm-c40">
         <name>SPIReset</name>
         <value>0x20016fd9</value>
         <object_component_ref idref="oc-5bb"/>
      </symbol>
      <symbol id="sm-c41">
         <name>SPIWordCountSet</name>
         <value>0x2001751f</value>
         <object_component_ref idref="oc-55e"/>
      </symbol>
      <symbol id="sm-cab">
         <name>UARTBusy</name>
         <value>0x2001810d</value>
         <object_component_ref idref="oc-4b2"/>
      </symbol>
      <symbol id="sm-cac">
         <name>UARTCharPutNonBlocking</name>
         <value>0x200163bb</value>
         <object_component_ref idref="oc-4b1"/>
      </symbol>
      <symbol id="sm-cad">
         <name>UARTCharsAvail</name>
         <value>0x20017dc7</value>
         <object_component_ref idref="oc-32d"/>
      </symbol>
      <symbol id="sm-cae">
         <name>UARTConfigSetExpClk</name>
         <value>0x20012957</value>
         <object_component_ref idref="oc-30b"/>
      </symbol>
      <symbol id="sm-caf">
         <name>UARTDMADisable</name>
         <value>0x20017ddd</value>
         <object_component_ref idref="oc-31c"/>
      </symbol>
      <symbol id="sm-cb0">
         <name>UARTDMAEnable</name>
         <value>0x20017e99</value>
         <object_component_ref idref="oc-449"/>
      </symbol>
      <symbol id="sm-cb1">
         <name>UARTDisable</name>
         <value>0x20016bdd</value>
         <object_component_ref idref="oc-31e"/>
      </symbol>
      <symbol id="sm-cb2">
         <name>UARTEnable</name>
         <value>0x2001783d</value>
         <object_component_ref idref="oc-311"/>
      </symbol>
      <symbol id="sm-cb3">
         <name>UARTFIFOLevelSet</name>
         <value>0x20017df3</value>
         <object_component_ref idref="oc-313"/>
      </symbol>
      <symbol id="sm-cb4">
         <name>UARTFlowControlSet</name>
         <value>0x20017b4b</value>
         <object_component_ref idref="oc-314"/>
      </symbol>
      <symbol id="sm-cb5">
         <name>UARTIntClear</name>
         <value>0x2001811d</value>
         <object_component_ref idref="oc-310"/>
      </symbol>
      <symbol id="sm-cb6">
         <name>UARTIntDisable</name>
         <value>0x20017e09</value>
         <object_component_ref idref="oc-31b"/>
      </symbol>
      <symbol id="sm-cb7">
         <name>UARTIntEnable</name>
         <value>0x20017ead</value>
         <object_component_ref idref="oc-312"/>
      </symbol>
      <symbol id="sm-cb8">
         <name>UARTIntStatus</name>
         <value>0x20016e1b</value>
         <object_component_ref idref="oc-328"/>
      </symbol>
      <symbol id="sm-cb9">
         <name>UARTRxErrorGet</name>
         <value>0x2001812d</value>
         <object_component_ref idref="oc-32a"/>
      </symbol>
      <symbol id="sm-d14">
         <name>uDMAChannelAssign</name>
         <value>0x20014bb1</value>
         <object_component_ref idref="oc-315"/>
      </symbol>
      <symbol id="sm-d15">
         <name>uDMAChannelAttributeDisable</name>
         <value>0x20011e65</value>
         <object_component_ref idref="oc-316"/>
      </symbol>
      <symbol id="sm-d16">
         <name>uDMAChannelControlSet</name>
         <value>0x20015ced</value>
         <object_component_ref idref="oc-446"/>
      </symbol>
      <symbol id="sm-d17">
         <name>uDMAChannelDisable</name>
         <value>0x200178d3</value>
         <object_component_ref idref="oc-442"/>
      </symbol>
      <symbol id="sm-d18">
         <name>uDMAChannelEnable</name>
         <value>0x200178f1</value>
         <object_component_ref idref="oc-448"/>
      </symbol>
      <symbol id="sm-d19">
         <name>uDMAChannelIsEnabled</name>
         <value>0x2001790f</value>
         <object_component_ref idref="oc-32b"/>
      </symbol>
      <symbol id="sm-d1a">
         <name>uDMAChannelSizeGet</name>
         <value>0x20014ef3</value>
         <object_component_ref idref="oc-443"/>
      </symbol>
      <symbol id="sm-d1b">
         <name>uDMAChannelTransferSet</name>
         <value>0x2000e425</value>
         <object_component_ref idref="oc-447"/>
      </symbol>
      <symbol id="sm-d1c">
         <name>uDMAControlBaseGet</name>
         <value>0x20018429</value>
         <object_component_ref idref="oc-567"/>
      </symbol>
      <symbol id="sm-d1d">
         <name>uDMAControlBaseSet</name>
         <value>0x20017fb1</value>
         <object_component_ref idref="oc-307"/>
      </symbol>
      <symbol id="sm-d1e">
         <name>uDMAEnable</name>
         <value>0x20018289</value>
         <object_component_ref idref="oc-302"/>
      </symbol>
      <symbol id="sm-d1f">
         <name>uDMAErrorStatusClear</name>
         <value>0x20018297</value>
         <object_component_ref idref="oc-5a3"/>
      </symbol>
      <symbol id="sm-d20">
         <name>uDMAErrorStatusGet</name>
         <value>0x20018435</value>
         <object_component_ref idref="oc-5a2"/>
      </symbol>
      <symbol id="sm-d21">
         <name>uDMAIntClear</name>
         <value>0x20017fc5</value>
         <object_component_ref idref="oc-444"/>
      </symbol>
      <symbol id="sm-d2c">
         <name>UtilsDelay</name>
         <value>0x20018509</value>
         <object_component_ref idref="oc-117"/>
      </symbol>
      <symbol id="sm-d5a">
         <name>FlashDisable</name>
         <value>0x20013eed</value>
         <object_component_ref idref="oc-4ff"/>
      </symbol>
      <symbol id="sm-d6b">
         <name>snprintf</name>
         <value>0x2001573d</value>
         <object_component_ref idref="oc-162"/>
      </symbol>
      <symbol id="sm-d80">
         <name>sscanf</name>
         <value>0x200169a5</value>
         <object_component_ref idref="oc-29c"/>
      </symbol>
      <symbol id="sm-d81">
         <name>__aeabi_ctype_table_</name>
         <value>0x200222e0</value>
         <object_component_ref idref="oc-400"/>
      </symbol>
      <symbol id="sm-d82">
         <name>__aeabi_ctype_table_C</name>
         <value>0x200222e0</value>
         <object_component_ref idref="oc-400"/>
      </symbol>
      <symbol id="sm-d8d">
         <name>__aeabi_errno_addr</name>
         <value>0x20018511</value>
         <object_component_ref idref="oc-392"/>
      </symbol>
      <symbol id="sm-d8e">
         <name>__aeabi_errno</name>
         <value>0x20023aa4</value>
         <object_component_ref idref="oc-4a3"/>
      </symbol>
      <symbol id="sm-d9e">
         <name>_nop</name>
         <value>0x2000ed0b</value>
         <object_component_ref idref="oc-1c9"/>
      </symbol>
      <symbol id="sm-d9f">
         <name>_register_lock</name>
         <value>0x200183bd</value>
         <object_component_ref idref="oc-1bf"/>
      </symbol>
      <symbol id="sm-da0">
         <name>_lock</name>
         <value>0x20023aa8</value>
         <object_component_ref idref="oc-2c6"/>
      </symbol>
      <symbol id="sm-da1">
         <name>_register_unlock</name>
         <value>0x200183c9</value>
         <object_component_ref idref="oc-1c4"/>
      </symbol>
      <symbol id="sm-da2">
         <name>_unlock</name>
         <value>0x20023aac</value>
         <object_component_ref idref="oc-2c9"/>
      </symbol>
      <symbol id="sm-dac">
         <name>_args_main</name>
         <value>0x20017f11</value>
         <object_component_ref idref="oc-47"/>
      </symbol>
      <symbol id="sm-dd0">
         <name>asctime</name>
         <value>0x20015135</value>
         <object_component_ref idref="oc-19c"/>
      </symbol>
      <symbol id="sm-ddb">
         <name>atoi</name>
         <value>0x20015bad</value>
         <object_component_ref idref="oc-2a2"/>
      </symbol>
      <symbol id="sm-de5">
         <name>strlen</name>
         <value>0x20018243</value>
         <object_component_ref idref="oc-47e"/>
      </symbol>
      <symbol id="sm-df1">
         <name>strtok</name>
         <value>0x20015bed</value>
         <object_component_ref idref="oc-297"/>
      </symbol>
      <symbol id="sm-dfc">
         <name>strtoul</name>
         <value>0x2000dead</value>
         <object_component_ref idref="oc-4c8"/>
      </symbol>
      <symbol id="sm-e07">
         <name>__TI_auto_init_nobinit_nopinit</name>
         <value>0x200162e1</value>
         <object_component_ref idref="oc-66"/>
      </symbol>
      <symbol id="sm-e12">
         <name>__TI_zero_init</name>
         <value>0x2001817d</value>
         <object_component_ref idref="oc-5f"/>
      </symbol>
      <symbol id="sm-e1b">
         <name>__TI_decompress_none</name>
         <value>0x200182b3</value>
         <object_component_ref idref="oc-27"/>
      </symbol>
      <symbol id="sm-e25">
         <name>__TI_decompress_lzss</name>
         <value>0x20012eb5</value>
         <object_component_ref idref="oc-23"/>
      </symbol>
      <symbol id="sm-e45">
         <name>__TI_printfi_nofloat</name>
         <value>0x20005699</value>
         <object_component_ref idref="oc-34b"/>
      </symbol>
      <symbol id="sm-e6c">
         <name>__TI_scanfi</name>
         <value>0x20004041</value>
         <object_component_ref idref="oc-3f5"/>
      </symbol>
      <symbol id="sm-e7b">
         <name>scalbn</name>
         <value>0x200101f5</value>
         <object_component_ref idref="oc-51a"/>
      </symbol>
      <symbol id="sm-e7c">
         <name>ldexp</name>
         <value>0x200101f5</value>
         <object_component_ref idref="oc-51a"/>
      </symbol>
      <symbol id="sm-e7d">
         <name>scalbnl</name>
         <value>0x200101f5</value>
         <object_component_ref idref="oc-51a"/>
      </symbol>
      <symbol id="sm-e7e">
         <name>ldexpl</name>
         <value>0x200101f5</value>
         <object_component_ref idref="oc-51a"/>
      </symbol>
      <symbol id="sm-e88">
         <name>memccpy</name>
         <value>0x2001785b</value>
         <object_component_ref idref="oc-455"/>
      </symbol>
      <symbol id="sm-e91">
         <name>strcspn</name>
         <value>0x20017669</value>
         <object_component_ref idref="oc-3ed"/>
      </symbol>
      <symbol id="sm-e9b">
         <name>strspn</name>
         <value>0x20017585</value>
         <object_component_ref idref="oc-3e9"/>
      </symbol>
      <symbol id="sm-ead">
         <name>strtod</name>
         <value>0x20007bc5</value>
         <object_component_ref idref="oc-4cd"/>
      </symbol>
      <symbol id="sm-eae">
         <name>strtold</name>
         <value>0x20007bc5</value>
         <object_component_ref idref="oc-4cd"/>
      </symbol>
      <symbol id="sm-eb9">
         <name>strtol</name>
         <value>0x2000d421</value>
         <object_component_ref idref="oc-58d"/>
      </symbol>
      <symbol id="sm-ec7">
         <name>strtoll</name>
         <value>0x2000ad29</value>
         <object_component_ref idref="oc-4de"/>
      </symbol>
      <symbol id="sm-ed5">
         <name>strtoull</name>
         <value>0x2000c17d</value>
         <object_component_ref idref="oc-4d8"/>
      </symbol>
      <symbol id="sm-ede">
         <name>wcslen</name>
         <value>0x2001816d</value>
         <object_component_ref idref="oc-45c"/>
      </symbol>
      <symbol id="sm-ef6">
         <name>__aeabi_dadd</name>
         <value>0x2000aeeb</value>
         <object_component_ref idref="oc-522"/>
      </symbol>
      <symbol id="sm-ef7">
         <name>__adddf3</name>
         <value>0x2000aeeb</value>
         <object_component_ref idref="oc-522"/>
      </symbol>
      <symbol id="sm-ef8">
         <name>__aeabi_dsub</name>
         <value>0x2000aee1</value>
         <object_component_ref idref="oc-522"/>
      </symbol>
      <symbol id="sm-ef9">
         <name>__subdf3</name>
         <value>0x2000aee1</value>
         <object_component_ref idref="oc-522"/>
      </symbol>
      <symbol id="sm-eff">
         <name>__aeabi_dmul</name>
         <value>0x2000e84d</value>
         <object_component_ref idref="oc-3d8"/>
      </symbol>
      <symbol id="sm-f00">
         <name>__muldf3</name>
         <value>0x2000e84d</value>
         <object_component_ref idref="oc-3d8"/>
      </symbol>
      <symbol id="sm-f06">
         <name>__aeabi_ddiv</name>
         <value>0x2000d559</value>
         <object_component_ref idref="oc-52c"/>
      </symbol>
      <symbol id="sm-f07">
         <name>__divdf3</name>
         <value>0x2000d559</value>
         <object_component_ref idref="oc-52c"/>
      </symbol>
      <symbol id="sm-f0d">
         <name>__aeabi_d2iz</name>
         <value>0x200150ed</value>
         <object_component_ref idref="oc-3dc"/>
      </symbol>
      <symbol id="sm-f0e">
         <name>__fixdfsi</name>
         <value>0x200150ed</value>
         <object_component_ref idref="oc-3dc"/>
      </symbol>
      <symbol id="sm-f14">
         <name>__aeabi_i2d</name>
         <value>0x20016c0d</value>
         <object_component_ref idref="oc-3d4"/>
      </symbol>
      <symbol id="sm-f15">
         <name>__floatsidf</name>
         <value>0x20016c0d</value>
         <object_component_ref idref="oc-3d4"/>
      </symbol>
      <symbol id="sm-f1b">
         <name>__aeabi_d2f</name>
         <value>0x20013005</value>
         <object_component_ref idref="oc-4d3"/>
      </symbol>
      <symbol id="sm-f1c">
         <name>__truncdfsf2</name>
         <value>0x20013005</value>
         <object_component_ref idref="oc-4d3"/>
      </symbol>
      <symbol id="sm-f22">
         <name>__aeabi_dcmpeq</name>
         <value>0x20013c49</value>
         <object_component_ref idref="oc-461"/>
      </symbol>
      <symbol id="sm-f23">
         <name>__aeabi_dcmplt</name>
         <value>0x20013c5d</value>
         <object_component_ref idref="oc-461"/>
      </symbol>
      <symbol id="sm-f24">
         <name>__aeabi_dcmple</name>
         <value>0x20013c71</value>
         <object_component_ref idref="oc-461"/>
      </symbol>
      <symbol id="sm-f25">
         <name>__aeabi_dcmpge</name>
         <value>0x20013c85</value>
         <object_component_ref idref="oc-461"/>
      </symbol>
      <symbol id="sm-f26">
         <name>__aeabi_dcmpgt</name>
         <value>0x20013c99</value>
         <object_component_ref idref="oc-461"/>
      </symbol>
      <symbol id="sm-f2c">
         <name>__aeabi_memcpy</name>
         <value>0x200185dd</value>
         <object_component_ref idref="oc-52"/>
      </symbol>
      <symbol id="sm-f2d">
         <name>__aeabi_memcpy4</name>
         <value>0x200185dd</value>
         <object_component_ref idref="oc-52"/>
      </symbol>
      <symbol id="sm-f2e">
         <name>__aeabi_memcpy8</name>
         <value>0x200185dd</value>
         <object_component_ref idref="oc-52"/>
      </symbol>
      <symbol id="sm-f37">
         <name>__aeabi_memset</name>
         <value>0x20018491</value>
         <object_component_ref idref="oc-454"/>
      </symbol>
      <symbol id="sm-f38">
         <name>__aeabi_memset4</name>
         <value>0x20018491</value>
         <object_component_ref idref="oc-454"/>
      </symbol>
      <symbol id="sm-f39">
         <name>__aeabi_memset8</name>
         <value>0x20018491</value>
         <object_component_ref idref="oc-454"/>
      </symbol>
      <symbol id="sm-f3a">
         <name>__aeabi_memclr</name>
         <value>0x20018519</value>
         <object_component_ref idref="oc-82"/>
      </symbol>
      <symbol id="sm-f3b">
         <name>__aeabi_memclr4</name>
         <value>0x20018519</value>
         <object_component_ref idref="oc-82"/>
      </symbol>
      <symbol id="sm-f3c">
         <name>__aeabi_memclr8</name>
         <value>0x20018519</value>
         <object_component_ref idref="oc-82"/>
      </symbol>
      <symbol id="sm-f42">
         <name>__aeabi_uldivmod</name>
         <value>0x20017efd</value>
         <object_component_ref idref="oc-2e6"/>
      </symbol>
      <symbol id="sm-f48">
         <name>__udivmoddi4</name>
         <value>0x20010e39</value>
         <object_component_ref idref="oc-419"/>
      </symbol>
      <symbol id="sm-f54">
         <name>__ledf2</name>
         <value>0x20012f95</value>
         <object_component_ref idref="oc-50e"/>
      </symbol>
      <symbol id="sm-f55">
         <name>__gedf2</name>
         <value>0x20012f25</value>
         <object_component_ref idref="oc-514"/>
      </symbol>
      <symbol id="sm-f56">
         <name>__cmpdf2</name>
         <value>0x20012f95</value>
         <object_component_ref idref="oc-50e"/>
      </symbol>
      <symbol id="sm-f57">
         <name>__eqdf2</name>
         <value>0x20012f95</value>
         <object_component_ref idref="oc-50e"/>
      </symbol>
      <symbol id="sm-f58">
         <name>__ltdf2</name>
         <value>0x20012f95</value>
         <object_component_ref idref="oc-50e"/>
      </symbol>
      <symbol id="sm-f59">
         <name>__nedf2</name>
         <value>0x20012f95</value>
         <object_component_ref idref="oc-50e"/>
      </symbol>
      <symbol id="sm-f5a">
         <name>__gtdf2</name>
         <value>0x20012f25</value>
         <object_component_ref idref="oc-514"/>
      </symbol>
      <symbol id="sm-f64">
         <name>__aeabi_ldiv0</name>
         <value>0x2000e747</value>
         <object_component_ref idref="oc-4f3"/>
      </symbol>
      <symbol id="sm-f6d">
         <name>TI_memcpy_small</name>
         <value>0x2001807b</value>
         <object_component_ref idref="oc-a7"/>
      </symbol>
      <symbol id="sm-f75">
         <name>TI_memset_small</name>
         <value>0x200182a5</value>
         <object_component_ref idref="oc-f7"/>
      </symbol>
      <symbol id="sm-f76">
         <name>__TI_static_base__</name>
         <value>0x200205f0</value>
      </symbol>
      <symbol id="sm-f79">
         <name>ITM_flush</name>
         <value>0x0</value>
      </symbol>
      <symbol id="sm-f7a">
         <name>ITM_restore</name>
         <value>0x0</value>
      </symbol>
      <symbol id="sm-f7b">
         <name>__mpu_init</name>
         <value>0x0</value>
      </symbol>
      <symbol id="sm-f7c">
         <name>__c_args__</name>
         <value>0x0</value>
      </symbol>
   </symbol_table>
   <title>Link successful</title>
</link_info>
