******************************************************************************
            TI ARM Clang Linker PC v3.2.2                      
******************************************************************************
>> Linked Tue Mar 25 22:04:56 2025

OUTPUT FILE NAME:   <network_terminal_CC3220S_LAUNCHXL_tirtos7_ticlang.out>
ENTRY POINT SYMBOL: "_c_int00"  address: 2001c6f9


MEMORY CONFIGURATION

         name            origin    length      used     unused   attr    fill
----------------------  --------  ---------  --------  --------  ----  --------
  SRAM0                 20000000   00004000  00000400  00003c00  RW X
  SRAM                  20004000   0003c000  0002d36c  0000ec94  RW X
  LOG_DATA              90000000   00040000  00000000  00040000  R   
  LOG_PTR               94000008   00040000  00000000  00040000  R   


SEGMENT ALLOCATION MAP

run origin  load origin   length   init length attrs members
----------  ----------- ---------- ----------- ----- -------
20003c00    20003c00    00000400   00000000    rw-
  20003c00    20003c00    00000400   00000000    rw- .stack
20004000    20004000    00021858   00019854    r-x
  20004000    20004000    0000003c   0000003c    r-- .resetVecs
  20004040    20004040    00019814   00019814    r-x .text
  2001d858    2001d858    00008000   00000000    r-- .priheap
20025860    20025860    00006d40   00006d40    r--
  20025860    20025860    00006d40   00006d40    r-- .rodata
2002c800    2002c800    00003e95   00000000    rw-
  2002c800    2002c800    0000292f   00000000    rw- .bss
  2002f130    2002f130    00001565   00000000    rw- .data
20030b0c    20030b0c    00000c3c   00000c3c    r--
  20030b0c    20030b0c    00000c3c   00000c3c    r-- .cinit


SECTION ALLOCATION MAP

 output                                  attributes/
section   page    origin      length       input sections
--------  ----  ----------  ----------   ----------------
.resetVecs 
*          0    20004000    0000003c     
                  20004000    0000003c     ti_sysbios_config.o (.resetVecs)

.text      0    20004040    00019814     
                  20004040    00000a36     simplelink.a : driver.obj (.text._SlDrvMsgRead)
                  20004a76    00000002     ti_sysbios_config.o (.text.BIOS_nullFunc)
                  20004a78    000009d8     libc.a : _printfi.c.obj (.text:__TI_printfi)
                  20005450    00000750     transceiver_cmd.o (.text.TxTask)
                  20005ba0    0000059c     cmd_parser.o (.text.ParseCreateFilterCmd)
                  2000613c    0000050a     simplelink.a : sl_socket.obj (.text._SlSocketHandleAsync_Select)
                  20006646    000004b8     driverlib.a : prcm.obj (.text.PRCMCC3200MCUInit)
                  20006afe    00000414     simplelink.a : driver.obj (.text._SlDrvMsgWrite)
                  20006f12    00000002     ti_drivers_config.o (.text.Board_initHook)
                  20006f14    000003e4     drivers_cc32xx.a : PowerCC32XX.c.obj (.text.Power_sleep)
                  200072f8    000003b2     simplelink.a : driver.obj (.text._SlDrvReleasePoolObj)
                  200076aa    000003ae                  : driver.obj (.text._SlDrvRxHdrRead)
                  20007a58    000003a4                  : driver.obj (.text._SlDrvWaitForPoolObj)
                  20007dfc    0000036a                  : wlanconfig.obj (.text.sl_WifiConfig)
                  20008166    0000032e                  : wlan.obj (.text.sl_WlanProfileAdd)
                  20008494    000002f6                  : driver.obj (.text._SlDrvDataReadOp)
                  2000878a    00000002     network_terminal.o (.text.SimpleLinkHttpServerEventHandler)
                  2000878c    000002f0     cmd_parser.o (.text.ParseStartApCmd)
                  20008a7c    000002e0     cmd_parser.o (.text.ParseConnectCmd)
                  20008d5c    000002dc     simplelink.a : wlan.obj (.text.sl_WlanConnect)
                  20009038    00000008     drivers_cc32xx.a : SPICC32XXDMA.c.obj (.text.OUTLINED_FUNCTION_0)
                  20009040    000002dc     libc.a : strcmp_t2.S.obj (.text:strcmp)
                  2000931c    000002c8     socket_cmd.o (.text.TCPServer)
                  200095e4    000002be     simplelink.a : driver.obj (.text._SlDrvDataWriteOp)
                  200098a2    00000002     network_terminal.o (.text.SimpleLinkNetAppRequestEventHandler)
                  200098a4    000002b0     cmd_parser.o (.text.ParseRecvCmd)
                  20009b54    000002aa     simplelink.a : driver.obj (.text._SlDrvMsgReadCmdCtx)
                  20009dfe    000002a2                  : driver.obj (.text._SlDrvDriverCBInit)
                  2000a0a0    000002a0     cmd_parser.o (.text.ParseProfileCmd)
                  2000a340    0000027c     socket_cmd.o (.text.UDPServer)
                  2000a5bc    00000278     cmd_parser.o (.text.ParseSendCmd)
                  2000a834    00000272     simplelink.a : device.obj (.text.sl_Stop)
                  2000aaa6    00000002     network_terminal.o (.text.SimpleLinkNetAppRequestMemFreeEventHandler)
                  2000aaa8    00000260     network_terminal.o (.text.SimpleLinkWlanEventHandler)
                  2000ad08    00000258     simplelink.a : netapp.obj (.text.sl_NetAppPing)
                  2000af60    00000240     socket_cmd.o (.text.UDPClient)
                  2000b1a0    00000240     radio_tool.o (.text.radioTool_TxStart)
                  2000b3e0    0000022c     socket_cmd.o (.text.drawRxHist)
                  2000b60c    00000228     libc.a : _printfi.c.obj (.text._pconv_a)
                  2000b834    00000226     simplelink.a : netapp.obj (.text._SlNetAppEventHandler)
                  2000ba5a    00000222     drivers_cc32xx.a : UART2CC32XX.c.obj (.text.UART2CC32XX_hwiIntFxn)
                  2000bc7c    00000218     simplelink.a : driver.obj (.text._SlDrvReleaseAllActivePendingPoolObj)
                  2000be94    00000208     socket_cmd.o (.text.TCPClient)
                  2000c09c    00000202     simplelink.a : sl_socket.obj (.text.sl_Accept)
                  2000c29e    00000002     network_terminal.o (.text.SimpleLinkSockEventHandler)
                  2000c2a0    000001e8     libc.a : _printfi.c.obj (.text._pconv_g)
                  2000c488    000001de     simplelink.a : driver.obj (.text._SlDrvFindAndSetActiveObj)
                  2000c666    00000002     drivers_cc32xx.a : UART2CC32XX.c.obj (.text.UART2CC32XX_eventCallback)
                  2000c668    000001d4     wlan_cmd.o (.text.cmdWlanStartApCallback)
                  2000c83c    000001d2     drivers_cc32xx.a : UART2.c.obj (.text.UART2_readTimeout)
                  2000ca0e    00000002     libclang_rt.builtins.a : aeabi_div0.c.obj (.text.__aeabi_ldiv0)
                  2000ca10    000001cc     drivers_cc32xx.a : UART2CC32XX.c.obj (.text.UART2_open)
                  2000cbdc    000001c8     cmd_parser.o (.text.ParsemDNSAdvertiseCmd)
                  2000cda4    000001bc     cmd_parser.o (.text.ParsePingCmd)
                  2000cf60    000001bc     transceiver_cmd.o (.text.RxTask)
                  2000d11c    000001bc     wlan_cmd.o (.text.printExtScanResults)
                  2000d2d8    000001bc     simplelink.a : sl_socket.obj (.text.sl_Connect)
                  2000d494    000001b6     libclang_rt.builtins.a : adddf3.S.obj (.text.adddf3_subdf3)
                  2000d64a    00000002     libc.a : _lock.c.obj (.text._nop)
                  2000d64c    000001b0     cmd_parser.o (.text.ParseSetPolicyCmd)
                  2000d7fc    000001b0     wlan_cmd.o (.text.cmdWlanConnectCallback)
                  2000d9ac    000001ac     simplelink.a : netapp.obj (.text.sl_NetAppDnsGetHostByName)
                  2000db58    000001a4     drivers_cc32xx.a : SPICC32XXDMA.c.obj (.text.SPICC32XXDMA_transfer)
                  2000dcfc    000001a4     netapp_cmd.o (.text.mDNSQueryCallback)
                  2000dea0    000001a0     network_terminal.o (.text.DisplayAppBanner)
                  2000e040    0000019c     simplelink.a : sl_socket.obj (.text.sl_RecvFrom)
                  2000e1dc    00000194                  : driver.obj (.text._SlDrvMsgReadSpawnCtx)
                  2000e370    00000184     wlan_cmd.o (.text.cmdEnableWoWLANCallback)
                  2000e4f4    00000180     simplelink.a : sl_socket.obj (.text._SlDrvGetNextTimeoutValue)
                  2000e674    0000017a                  : driver.obj (.text._SlDrvDriverCBDeinit)
                  2000e7ee    0000017a                  : driver.obj (.text._SlSpawnMsgListInsert)
                  2000e968    00000178     wlan_cmd.o (.text.printScanResults)
                  2000eae0    00000176     simplelink.a : device.obj (.text.sl_Start)
                  2000ec56    00000174     drivers_cc32xx.a : UART2.c.obj (.text.UART2_writeTimeoutBlocking)
                  2000edca    0000016a     simplelink.a : driver.obj (.text._SlDrvObjGlobalLockWaitForever)
                  2000ef34    00000168     cmd_parser.o (.text.ParseEnableWoWLANCmd)
                  2000f09c    00000166     simplelink.a : driver.obj (.text._SlDrvAsyncEventGenericHandler)
                  2000f202    00000162                  : driver.obj (.text._SlDrvClassifyRxMsg)
                  2000f364    0000015e                  : wlan.obj (.text.sl_WlanProfileGet)
                  2000f4c2    00000002     ti_sysbios_config.o (.text._system_pre_init)
                  2000f4c4    00000158     cmd_parser.o (.text.ParsemDNSQueryCmd)
                  2000f61c    00000154     simplelink.a : driver.obj (.text._SlDrvCmdOp)
                  2000f770    0000014e                  : netapp.obj (.text.sl_NetAppDnsGetHostByService)
                  2000f8be    00000002     ti_sysbios_config.o (.text.ti_sysbios_runtime_System_exitSpin)
                  2000f8c0    0000014c     drivers_cc32xx.a : SPICC32XXDMA.c.obj (.text.configDMA)
                  2000fa0c    00000144     wlan_cmd.o (.text.setP2Pparams)
                  2000fb50    00000140     drivers_cc32xx.a : GPIOCC32XX.c.obj (.text.GPIO_setConfig)
                  2000fc90    00000140     simplelink.a : device.obj (.text._SlDeviceEventHandler)
                  2000fdd0    0000013c     uart_term.o (.text.GetCmd)
                  2000ff0c    0000013c     libc.a : _printfi.c.obj (.text.fcvt)
                  20010048    00000138     drivers_cc32xx.a : SPICC32XXDMA.c.obj (.text.SPICC32XXDMA_open)
                  20010180    00000138     libc.a : strtol.c.obj (.text.strtol)
                  200102b8    00000136     libclang_rt.builtins.a : divdf3.S.obj (.text.__divdf3)
                  200103ee    00000002     --HOLE-- [fill = 0]
                  200103f0    00000134     wlan_cmd.o (.text.cmdP2PModecallback)
                  20010524    00000130     network_terminal.o (.text.SimpleLinkNetAppEventHandler)
                  20010654    0000012e     simplelink.a : driver.obj (.text._SlDrvWaitForInternalAsyncEvent)
                  20010782    00000002     --HOLE-- [fill = 0]
                  20010784    0000012c     wlan_cmd.o (.text.cmdSetPolicyCallback)
                  200108b0    0000012a     simplelink.a : sl_socket.obj (.text.sl_SendTo)
                  200109da    00000128                  : netapp.obj (.text._SlNetAppHandleAsync_DnsGetHostByService)
                  20010b02    00000002     --HOLE-- [fill = 0]
                  20010b04    0000011c     libc.a : strtoul.c.obj (.text.strtoul)
                  20010c20    0000011a     drivers_cc32xx.a : UART2.c.obj (.text.UART2_writeTimeoutNonblocking)
                  20010d3a    00000002     --HOLE-- [fill = 0]
                  20010d3c    00000118     libc.a : _printfi.c.obj (.text._pconv_e)
                  20010e54    00000118     wlan_cmd.o (.text.cmdWlanStopApCallback)
                  20010f6c    00000116     simplelink.a : sl_socket.obj (.text.sl_Close)
                  20011082    00000112     driverlib.a : udma.obj (.text.uDMAChannelTransferSet)
                  20011194    0000010c     netapp_cmd.o (.text.cmdPingCallback)
                  200112a0    0000010c     wlan_cmd.o (.text.p2pConnect)
                  200113ac    00000108     ti_sysbios_config.o (.text.PowerCC32XX_sleepPolicy)
                  200114b4    00000108     wlan_cmd.o (.text.cmdConnectedStationsCallback)
                  200115bc    00000106     simplelink.a : device.obj (.text._SlDeviceHandleAsync_InitComplete)
                  200116c2    00000106                  : netapp.obj (.text._SlNetAppMDNSRegisterUnregisterService)
                  200117c8    00000104     network_terminal.o (.text.mainThread)
                  200118cc    00000104     ti_sysbios_config.o (.text.ti_sysbios_family_arm_m3_Timer_Instance_init)
                  200119d0    000000fe     network_terminal.o (.text.ipv6AddressParse)
                  20011ace    00000002     --HOLE-- [fill = 0]
                  20011ad0    000000fc     libclang_rt.builtins.a : muldf3.S.obj (.text.__muldf3)
                  20011bcc    000000fc     network_terminal.o (.text.initAppVariables)
                  20011cc8    000000fc     netapp_cmd.o (.text.mDNSAdvertiseCallback)
                  20011dc4    000000fa     libclang_rt.builtins.a : addsf3.S.obj (.text)
                  20011ebe    00000002     --HOLE-- [fill = 0]
                  20011ec0    000000f8     wlan_cmd.o (.text.setStaticIPConfig)
                  20011fb8    000000f8     transceiver_cmd.o (.text.showModCodeMenu)
                  200120b0    000000f6     simplelink.a : wlan.obj (.text.sl_WlanProvisioning)
                  200121a6    00000002     --HOLE-- [fill = 0]
                  200121a8    000000f4     ti_sysbios_config.o (.text.ti_sysbios_knl_Semaphore_pend)
                  2001229c    000000f0     cmd_parser.o (.text.ParseCountycodeCmd)
                  2001238c    000000ee     simplelink.a : driver.obj (.text._SlDrvRemoveFromList)
                  2001247a    000000ec                  : driver.obj (.text._SlDrvDriverIsApiAllowed)
                  20012566    00000002     --HOLE-- [fill = 0]
                  20012568    000000ec     sysbios.a : Hwi_asm_gcc.s.obj (.text.ti_sysbios_family_arm_m3_Hwi_dispatch)
                  20012654    000000ea     simplelink.a : netapp.obj (.text.sl_NetAppGetServiceList)
                  2001273e    000000ea                  : netcfg.obj (.text.sl_NetCfgGet)
                  20012828    000000e8     drivers_cc32xx.a : UART2CC32XX.c.obj (.text.UART2_close)
                  20012910    000000e4     simplelink.a : device.obj (.text.sl_DeviceGet)
                  200129f4    000000e2                  : wlan.obj (.text.sl_WlanGet)
                  20012ad6    000000e0                  : cc_pal.obj (.text.NwpPowerOff)
                  20012bb6    00000002     --HOLE-- [fill = 0]
                  20012bb8    000000e0     cmd_parser.o (.text.ParseScanCmd)
                  20012c98    000000e0     wlan_cmd.o (.text.cmdGetProfilecallback)
                  20012d78    000000dc     simplelink.a : netapp.obj (.text._SlNetAppHandleAsync_NetAppReceive)
                  20012e54    000000dc     wlan_cmd.o (.text.cmdAddProfilecallback)
                  20012f30    000000da     simplelink.a : sl_socket.obj (.text.sl_Send)
                  2001300a    000000da                  : wlan.obj (.text.sl_WlanRxStatGet)
                  200130e4    000000d8     cmd_parser.o (.text.ParseTriggeredRoamingEnableCmd)
                  200131bc    000000d8     ti_sysbios_config.o (.text.pthread_create)
                  20013294    000000d8     ti_sysbios_config.o (.text.ti_sysbios_family_arm_m3_Hwi_excFillContext)
                  2001336c    000000d4     drivers_cc32xx.a : SPICC32XXDMA.c.obj (.text.SPICC32XXDMA_transferCancel)
                  20013440    000000d4     simplelink.a : cc_pal.obj (.text.Semaphore_pend_handle)
                  20013514    000000d4     ti_sysbios_config.o (.text.clock_gettime)
                  200135e8    000000d4     network_terminal.o (.text.cmd_prompt)
                  200136bc    000000ce     simplelink.a : netapp.obj (.text._SlNetAppHandleAsync_DnsGetHostByName)
                  2001378a    000000ce                  : sl_socket.obj (.text.sl_Bind)
                  20013858    000000cc     drivers_cc32xx.a : UART2CC32XX.c.obj (.text.UART2Support_dmaStartRx)
                  20013924    000000ca     simplelink.a : driver.obj (.text._SlDrvHandleFatalError)
                  200139ee    000000ca                  : netapp.obj (.text._SlNetAppHandleAsync_PingResponse)
                  20013ab8    000000c8                  : wlan.obj (.text.sl_WlanRxFilterAdd)
                  20013b80    000000c6     driverlib.a : prcm.obj (.text.PRCMPeripheralClockGet)
                  20013c46    000000c6     simplelink.a : netapp.obj (.text.sl_NetAppGet)
                  20013d0c    000000c4     drivers_cc32xx.a : UART2CC32XX.c.obj (.text.UART2CC32XX_initHw)
                  20013dd0    000000c4     simplelink.a : driver.obj (.text._SlDrvIsTimeoutExpired)
                  20013e94    000000c4     network_terminal.o (.text.cmdHelpCallback)
                  20013f58    000000c4     transceiver_cmd.o (.text.cmdTranceiverModecallback)
                  2001401c    000000c4     libc.a : s_scalbn.c.obj (.text.scalbn)
                  200140e0    000000c0     simplelink.a : netutil.obj (.text._SlNetUtilHandleAsync_Cmd)
                  200141a0    000000c0     wlan_cmd.o (.text.printCreateFilterUsage)
                  20014260    000000be     simplelink.a : netapp.obj (.text._SlNetAppSendResponse)
                  2001431e    00000002     --HOLE-- [fill = 0]
                  20014320    000000bc     socket_cmd.o (.text.cmdRecvCallback)
                  200143dc    000000bc     wlan_cmd.o (.text.cmdScanCallback)
                  20014498    000000ba     simplelink.a : wlan.obj (.text.sl_WlanRxStatStart)
                  20014552    00000002     --HOLE-- [fill = 0]
                  20014554    000000b8     drivers_cc32xx.a : UART2CC32XX.c.obj (.text.UART2Support_dmaStartTx)
                  2001460c    000000b8     simplelink.a : driver.obj (.text._SlSpawnMsgListProcess)
                  200146c4    000000b8     socket_cmd.o (.text.printRecvUsage)
                  2001477c    000000b8     simplelink.a : wlan.obj (.text.sl_WlanRxStatStop)
                  20014834    000000b8     ti_sysbios_config.o (.text.ti_sysbios_knl_Task_Instance_finalize)
                  200148ec    000000b8     ti_sysbios_config.o (.text.ti_sysbios_knl_Task_setPri)
                  200149a4    000000b4     cmd_parser.o (.text.ParseSoftRoamingEnableCmd)
                  20014a58    000000b4     drivers_cc32xx.a : SPICC32XXDMA.c.obj (.text.SPICC32XXDMA_close)
                  20014b0c    000000b4     driverlib.a : spi.obj (.text.SPIConfigSetExpClk)
                  20014bc0    000000b4     simplelink.a : cc_pal.obj (.text.spi_Read)
                  20014c74    000000b4                  : cc_pal.obj (.text.spi_Write)
                  20014d28    000000b2                  : driver.obj (.text._SlDrvProtectAsyncRespSetting)
                  20014dda    00000002     --HOLE-- [fill = 0]
                  20014ddc    000000b0     libclang_rt.builtins.a : udivmoddi4.S.obj (.text)
                  20014e8c    000000ac     driverlib.a : gpio.obj (.text.GPIOIntTypeSet)
                  20014f38    000000ac     simplelink.a : sl_socket.obj (.text._SlSocketHandleAsync_Close)
                  20014fe4    000000ac                  : sl_socket.obj (.text._SlSocketHandleAsync_Connect)
                  20015090    000000ac                  : wlan.obj (.text.sl_WlanGetExtNetworkList)
                  2001513c    000000ac                  : wlan.obj (.text.sl_WlanGetNetworkList)
                  200151e8    000000a4     wlan_cmd.o (.text.cmdP2PStopcallback)
                  2001528c    000000a4     simplelink.a : sl_socket.obj (.text.sl_Recv)
                  20015330    000000a4                  : sl_socket.obj (.text.sl_SetSockOpt)
                  200153d4    000000a4     ti_sysbios_config.o (.text.ti_sysbios_knl_Task_Instance_init)
                  20015478    000000a4     ti_sysbios_config.o (.text.ti_sysbios_knl_Task_sleep)
                  2001551c    000000a2     driverlib.a : pin.obj (.text.PinConfigSet)
                  200155be    00000002     --HOLE-- [fill = 0]
                  200155c0    000000a0     socket_cmd.o (.text.printSendUsage)
                  20015660    0000009c     simplelink.a : sl_socket.obj (.text._SlSocketHandleAsync_Accept)
                  200156fc    0000009a                  : netapp.obj (.text.sl_NetAppSet)
                  20015796    0000009a                  : netcfg.obj (.text.sl_NetCfgSet)
                  20015830    0000009a                  : wlan.obj (.text.sl_WlanSet)
                  200158ca    00000098                  : device.obj (.text._SlDeviceHandleAsync_Stop)
                  20015962    00000002     --HOLE-- [fill = 0]
                  20015964    00000098     wlan_cmd.o (.text.printWlanConnectUsage)
                  200159fc    00000098     wlan_cmd.o (.text.printWlanStartApUsage)
                  20015a94    00000098     simplelink.a : device.obj (.text.sl_DeviceSet)
                  20015b2c    00000004     ti_sysbios_config.o (.text.HwiP_destruct)
                  20015b30    00000096     drivers_cc32xx.a : PowerCC32XX_ticlang.asm.obj (.text)
                  20015bc6    00000002     --HOLE-- [fill = 0]
                  20015bc8    00000094     wlan_cmd.o (.text.cmdAntSelectionEnablecallback)
                  20015c5c    00000094     wlan_cmd.o (.text.cmdCoexEnablecallback)
                  20015cf0    00000094     simplelink.a : sl_socket.obj (.text.sl_Socket)
                  20015d84    00000094                  : wlan.obj (.text.sl_WlanPolicySet)
                  20015e18    00000094     drivers_cc32xx.a : SPICC32XXDMA.c.obj (.text.spiHwiFxn)
                  20015eac    00000092     driverlib.a : spi.obj (.text.SPIIntStatus)
                  20015f3e    00000002     --HOLE-- [fill = 0]
                  20015f40    00000092     libclang_rt.builtins.a : divsf3.S.obj (.text.__divsf3)
                  20015fd2    00000092     driverlib.a : udma.obj (.text.uDMAChannelAttributeDisable)
                  20016064    00000090     drivers_cc32xx.a : GPIOCC32XX.c.obj (.text.GPIO_init)
                  200160f4    00000090     cmd_parser.o (.text.mDNScreateServiceName)
                  20016184    00000090     wlan_cmd.o (.text.printFrameSubTyps)
                  20016214    00000090     netapp_cmd.o (.text.printmDNSAdvertiseUsage)
                  200162a4    0000008e     driverlib.a : prcm.obj (.text.PRCMSysResetCauseGet)
                  20016332    00000002     --HOLE-- [fill = 0]
                  20016334    0000008c     wlan_cmd.o (.text.printAddProfileUsage)
                  200163c0    0000008c     wlan_cmd.o (.text.printSetPolicyUsage)
                  2001644c    0000008c     uart_term.o (.text.pushCommand)
                  200164d8    00000088     drivers_cc32xx.a : PowerCC32XX.c.obj (.text.PowerCC32XX_configureWakeup)
                  20016560    00000088     radio_tool.o (.text.radioTool_Open)
                  200165e8    00000084     wlan_cmd.o (.text.cmdSoftRoamingEnablecallback)
                  2001666c    00000084     drivers_cc32xx.a : SPICC32XXDMA.c.obj (.text.initHw)
                  200166f0    00000084     netapp_cmd.o (.text.printPingUsage)
                  20016774    00000080     cmd_parser.o (.text.ParsegetProfileCmd)
                  200167f4    00000080     ti_sysbios_config.o (.text._pthread_abstime2ticks)
                  20016874    00000080     wlan_cmd.o (.text.cmdAntSelectionDisablecallback)
                  200168f4    00000080     wlan_cmd.o (.text.cmdCoexDisablecallback)
                  20016974    0000007c     simplelink.a : netapp.obj (.text._SlNetAppSendTokenValue)
                  200169f0    0000007c     netapp_cmd.o (.text.printmDNSQueryUsage)
                  20016a6c    0000007c     network_terminal.o (.text.showAvailableCmd)
                  20016ae8    0000007c     ti_sysbios_config.o (.text.ti_sysbios_family_arm_m3_Hwi_postInit)
                  20016b64    0000007a     libclang_rt.builtins.a : mulsf3.S.obj (.text.__mulsf3)
                  20016bde    00000002     --HOLE-- [fill = 0]
                  20016be0    00000078     drivers_cc32xx.a : PowerCC32XX.c.obj (.text.Power_init)
                  20016c58    00000078     simplelink.a : driver.obj (.text._SlDrvRxIrqHandler)
                  20016cd0    00000078     ti_sysbios_config.o (.text._pthread_removeThreadKeys)
                  20016d48    00000078     wlan_cmd.o (.text.cmdCountrycodecallback)
                  20016dc0    00000078     socket_cmd.o (.text.cmdSendCallback)
                  20016e38    00000078     wlan_cmd.o (.text.cmdTriggeredRoamingEnablecallback)
                  20016eb0    00000078     wlan_cmd.o (.text.printEnableWoWLANUsage)
                  20016f28    00000078     simplelink.a : netapp.obj (.text.sl_NetAppMDNSRegisterService)
                  20016fa0    00000078     ti_sysbios_config.o (.text.ti_sysbios_knl_Task_postInit)
                  20017018    00000076     simplelink.a : cc_pal.obj (.text.spi_Open)
                  2001708e    00000074     driverlib.a : prcm.obj (.text.PRCMHibernateWakeUpGPIOSelect)
                  20017102    00000074                 : uart.obj (.text.UARTConfigSetExpClk)
                  20017176    00000074     simplelink.a : driver.obj (.text._SlSpawnMsgListGetCount)
                  200171ea    00000002     --HOLE-- [fill = 0]
                  200171ec    00000074     ti_sysbios_config.o (.text.acquireMutex)
                  20017260    00000074     network_terminal.o (.text.ipv4AddressParse)
                  200172d4    00000074     wlan_cmd.o (.text.printScanUsage)
                  20017348    00000074     transceiver_cmd.o (.text.showMenu)
                  200173bc    00000074     ti_sysbios_config.o (.text.ti_sysbios_family_arm_m3_Hwi_initNVIC)
                  20017430    00000074     ti_sysbios_config.o (.text.ti_sysbios_knl_Swi_restoreHwi)
                  200174a4    00000072     simplelink.a : device.obj (.text._SlDeviceHandleResetRequestInternally)
                  20017516    00000072                  : spawn.obj (.text._SlInternalSpawn)
                  20017588    00000072                  : sl_socket.obj (.text.sl_Listen)
                  200175fa    00000002     --HOLE-- [fill = 0]
                  200175fc    00000070     wlan_cmd.o (.text.cmdCreateFilterCallback)
                  2001766c    00000070     ti_sysbios_config.o (.text.ti_sysbios_family_arm_m3_Hwi_Instance_init)
                  200176dc    00000070     ti_sysbios_config.o (.text.ti_sysbios_heaps_HeapMem_allocUnprotected)
                  2001774c    00000070     ti_sysbios_config.o (.text.ti_sysbios_knl_Task_startup)
                  200177bc    00000070     libc.a : copy_decompress_lzss.c.obj (.text:decompress:lzss)
                  2001782c    0000006e     libclang_rt.builtins.a : comparedf2.c.obj (.text.__gedf2)
                  2001789a    00000002     --HOLE-- [fill = 0]
                  2001789c    0000006e                            : comparedf2.c.obj (.text.__ledf2)
                  2001790a    00000002     --HOLE-- [fill = 0]
                  2001790c    0000006c     cmd_parser.o (.text.ParseCmd)
                  20017978    0000006c     driverlib.a : pin.obj (.text.PinLockLevelSet)
                  200179e4    0000006c     drivers_cc32xx.a : PowerCC32XX.c.obj (.text.Power_setDependency)
                  20017a50    0000006c     uart_term.o (.text.Report)
                  20017abc    0000006c     driverlib.a : spi.obj (.text.SPIIntDisable)
                  20017b28    0000006c     drivers_cc32xx.a : UDMACC32XX.c.obj (.text.UDMACC32XX_open)
                  20017b94    0000006c     simplelink.a : driver.obj (.text._SlDrvCmdSend_noLock)
                  20017c00    0000006c     libc.a : _printfi.c.obj (.text._mcpy)
                  20017c6c    0000006c     drivers_cc32xx.a : GPIOCC32XX.c.obj (.text.powerNotifyFxn)
                  20017cd8    0000006c     network_terminal.o (.text.sem_wait_timeout)
                  20017d44    0000006c     ti_sysbios_config.o (.text.ti_sysbios_family_arm_m3_Hwi_dispatchC)
                  20017db0    0000006c     ti_sysbios_config.o (.text.ti_sysbios_hal_Seconds_getTime)
                  20017e1c    0000006c     ti_sysbios_config.o (.text.ti_sysbios_knl_Clock_workFunc)
                  20017e88    0000006a     driverlib.a : prcm.obj (.text.PRCMPeripheralReset)
                  20017ef2    00000068                 : spi.obj (.text.SPIIntEnable)
                  20017f5a    00000068     network_terminal.o (.text.macAddressParse)
                  20017fc2    00000002     --HOLE-- [fill = 0]
                  20017fc4    00000068     transceiver_cmd.o (.text.showCCAThreshHoldMenu)
                  2001802c    00000068     transceiver_cmd.o (.text.showTxMenu)
                  20018094    00000068     ti_sysbios_config.o (.text.ti_sysbios_knl_Clock_init)
                  200180fc    00000068     ti_sysbios_config.o (.text.ti_sysbios_knl_Swi_run)
                  20018164    00000066     simplelink.a : wlan.obj (.text.sl_WlanProfileDel)
                  200181ca    00000066                  : wlan.obj (.text.sl_WlanSetMode)
                  20018230    00000064                  : cc_pal.obj (.text.NwpRegisterInterruptHandler)
                  20018294    00000064     netapp_cmd.o (.text.SimpleLinkPingReport)
                  200182f8    00000064     wlan_cmd.o (.text.printCountrycodeeUsage)
                  2001835c    00000064     wlan_cmd.o (.text.printSoftRoamingEnableUsage)
                  200183c0    00000064     wlan_cmd.o (.text.printTriggeredRoamingEnableUsage)
                  20018424    00000064     ti_sysbios_config.o (.text.pthread_cancel)
                  20018488    00000064     radio_tool.o (.text.radioTool_RxStart)
                  200184ec    00000064     transceiver_cmd.o (.text.showPHYConfMenu)
                  20018550    00000064     ti_sysbios_config.o (.text.ti_sysbios_hal_Seconds_setTime)
                  200185b4    00000064     ti_sysbios_config.o (.text.ti_sysbios_knl_Idle_init)
                  20018618    00000062     driverlib.a : spi.obj (.text.SPIIntClear)
                  2001867a    00000062     simplelink.a : eventreg.obj (.text._SlNetAppHttpServerHdlr)
                  200186dc    00000062                  : eventreg.obj (.text._SlNetAppRequestHdlr)
                  2001873e    00000002     --HOLE-- [fill = 0]
                  20018740    00000062     libclang_rt.builtins.a : aeabi_dcmp.S.obj (.text.__aeabi_dcmp)
                  200187a2    00000002     --HOLE-- [fill = 0]
                  200187a4    00000060     drivers_cc32xx.a : GPIOCC32XX.c.obj (.text.GPIO_write)
                  20018804    00000060     uart_term.o (.text.ReplaceLine)
                  20018864    00000060     drivers_cc32xx.a : UART2CC32XX.c.obj (.text.UART2Support_dmaStopTx)
                  200188c4    00000060     simplelink.a : driver.obj (.text._SlDrvSyncObjWaitTimeout)
                  20018924    00000060                  : netapp.obj (.text.sl_NetAppStart)
                  20018984    00000060                  : netapp.obj (.text.sl_NetAppStop)
                  200189e4    00000060     ti_sysbios_config.o (.text.ti_sysbios_knl_Semaphore_post)
                  20018a44    00000060     ti_sysbios_config.o (.text.ti_sysbios_knl_Swi_schedule)
                  20018aa4    0000005c     driverlib.a : flash.obj (.text.FlashDisable)
                  20018b00    0000005c                 : prcm.obj (.text.PRCMHibernateWakeupSourceDisable)
                  20018b5c    0000005c     simplelink.a : driver.obj (.text._SlDrvUpdateApiInProgress)
                  20018bb8    0000005c                  : eventreg.obj (.text._SlIsEventRegistered)
                  20018c14    0000005c     libc.a : _printfi.c.obj (.text._pconv_f)
                  20018c70    0000005c     network_terminal.o (.text.hexbyteStrtoASCII)
                  20018ccc    0000005c     wlan_cmd.o (.text.printAntSelectionEnableUsage)
                  20018d28    0000005c     wlan_cmd.o (.text.printCoexEnableUsage)
                  20018d84    0000005c     wlan_cmd.o (.text.printGetProfileUsage)
                  20018de0    0000005c     ti_sysbios_config.o (.text.pthread_exit)
                  20018e3c    0000005a     driverlib.a : prcm.obj (.text.PRCMPeripheralClkEnable)
                  20018e96    0000005a     simplelink.a : eventreg.obj (.text._SlDeviceFatalErrorEvtHdlr)
                  20018ef0    0000005a                  : eventreg.obj (.text._SlDeviceGeneralEvtHdlr)
                  20018f4a    0000005a                  : driver.obj (.text._SlDrvGlobalObjUnLock)
                  20018fa4    0000005a                  : eventreg.obj (.text._SlNetAppEvtHdlr)
                  20018ffe    0000005a                  : eventreg.obj (.text._SlNetAppRequestMemFree)
                  20019058    0000005a                  : eventreg.obj (.text._SlSockEvtHdlr)
                  200190b2    0000005a                  : eventreg.obj (.text._SlWlanEvtHdlr)
                  2001910c    00000058     network_terminal.o (.text.SimpleLinkFatalErrorEventHandler)
                  20019164    00000058     simplelink.a : driver.obj (.text._SlDrvBasicCmd)
                  200191bc    00000058                  : sl_socket.obj (.text._SlDrvClearCtrlSocket)
                  20019214    00000058     wlan_cmd.o (.text.cmdDeleteFilterCallback)
                  2001926c    00000058     main_tirtos.o (.text.main)
                  200192c4    00000058     wlan_cmd.o (.text.printP2PStartUsage)
                  2001931c    00000058     wlan_cmd.o (.text.printP2PStopUsage)
                  20019374    00000058     transceiver_cmd.o (.text.showPreambleMenu)
                  200193cc    00000058     simplelink.a : netapp.obj (.text.sl_NetAppMDNSUnRegisterService)
                  20019424    00000056     driverlib.a : prcm.obj (.text.PRCMLPDSEnter)
                  2001947a    00000056     libc.a : _ltoa.c.obj (.text.__TI_ltoa)
                  200194d0    00000054     ti_sysbios_config.o (.text.HwiP_create)
                  20019524    00000054     drivers_cc32xx.a : PowerCC32XX.c.obj (.text.PowerCC32XX_setParkState)
                  20019578    00000054                      : PowerCC32XX.c.obj (.text.Power_releaseDependency)
                  200195cc    00000054     network_terminal.o (.text.PrintIPAddress)
                  20019620    00000054     driverlib.a : spi.obj (.text.SPIDmaMaskGet)
                  20019674    00000054     simplelink.a : driver.obj (.text._SlFindAndReleasePendingCmd)
                  200196c8    00000054     wlan_cmd.o (.text.cmdDisableFilterCallback)
                  2001971c    00000054     wlan_cmd.o (.text.cmdEnableFilterCallback)
                  20019770    00000054     libc.a : s_frexp.c.obj (.text.frexp)
                  200197c4    00000054     ti_sysbios_config.o (.text.pthread_join)
                  20019818    00000054     ti_sysbios_config.o (.text.ti_sysbios_family_arm_m3_Timer_start)
                  2001986c    00000052     simplelink.a : sl_socket.obj (.text._SlSocketBuildAddress)
                  200198be    00000002     --HOLE-- [fill = 0]
                  200198c0    00000050     drivers_cc32xx.a : GPIOCC32XX.c.obj (.text.GPIO_hwiIntFxn)
                  20019910    00000050     simplelink.a : cc_pal.obj (.text.NwpWaitForShutDownInd)
                  20019960    00000050     driverlib.a : prcm.obj (.text.PRCMHibernateWakeupSourceEnable)
                  200199b0    00000050     simplelink.a : driver.obj (.text._SlDrvCmdSend_noWait)
                  20019a00    00000050     transceiver_cmd.o (.text.is5GhzChannel)
                  20019a50    00000050     wlan_cmd.o (.text.printAPTransitionDisableUsage)
                  20019aa0    00000050     wlan_cmd.o (.text.printAPTransitionEnableUsage)
                  20019af0    00000050     wlan_cmd.o (.text.printAntSelectionDisableUsage)
                  20019b40    00000050     wlan_cmd.o (.text.printCoexDisableUsage)
                  20019b90    00000050     wlan_cmd.o (.text.printConnectedStationsUsage)
                  20019be0    00000050     wlan_cmd.o (.text.printSoftRoamingDisableUsage)
                  20019c30    00000050     wlan_cmd.o (.text.printTriggeredRoamingDisableUsage)
                  20019c80    00000050     wlan_cmd.o (.text.printWlanDisconnectUsage)
                  20019cd0    00000050     wlan_cmd.o (.text.printWlanStopApUsage)
                  20019d20    00000050     ti_sysbios_config.o (.text.ti_sysbios_knl_Swi_post)
                  20019d70    00000050     ti_sysbios_config.o (.text.ti_sysbios_knl_Swi_runLoop)
                  20019dc0    0000004e     cmd_parser.o (.text.FreeConnectCmd)
                  20019e0e    0000004e     libc.a : _printfi.c.obj (.text._ecpy)
                  20019e5c    0000004e     ti_sysbios_config.o (.text.ti_sysbios_heaps_HeapMem_freeUnprotected)
                  20019eaa    0000004e     driverlib.a : udma.obj (.text.uDMAChannelAssign)
                  20019ef8    0000004c     ti_sysbios_config.o (.text.BIOS_startFunc)
                  20019f44    0000004c     drivers_cc32xx.a : GPIOCC32XX.c.obj (.text.GPIO_setInterruptConfig)
                  20019f90    0000004c     driverlib.a : prcm.obj (.text.PRCMLPDSRestoreInfoSet)
                  20019fdc    0000004c     wlan_cmd.o (.text.printDeleteFilterUsage)
                  2001a028    0000004c     wlan_cmd.o (.text.printDisableFilterUsage)
                  2001a074    0000004c     wlan_cmd.o (.text.printEnableFilterUsage)
                  2001a0c0    0000004c     transceiver_cmd.o (.text.printTranceiverModeUsage)
                  2001a10c    0000004c     ti_sysbios_config.o (.text.ti_sysbios_knl_Swi_Instance_init)
                  2001a158    0000004a     drivers_cc32xx.a : UART2CC32XX.c.obj (.text.UART2Support_dmaStopRx)
                  2001a1a2    0000004a     simplelink.a : spawn.obj (.text._SlInternalSpawnWaitForEvent)
                  2001a1ec    0000004a                  : sl_socket.obj (.text.sl_Htonl)
                  2001a236    0000004a                  : sl_socket.obj (.text.sl_Htons)
                  2001a280    0000004a     driverlib.a : udma.obj (.text.uDMAChannelSizeGet)
                  2001a2ca    00000002     --HOLE-- [fill = 0]
                  2001a2cc    00000048     ti_sysbios_config.o (.text.BIOS_init)
                  2001a314    00000048     driverlib.a : prcm.obj (.text.PRCMIntEnable)
                  2001a35c    00000048                 : prcm.obj (.text.PRCMPeripheralStatusGet)
                  2001a3a4    00000048                 : pin.obj (.text.PinConfigGet)
                  2001a3ec    00000048     drivers_cc32xx.a : UART2.c.obj (.text.UART2_readFull)
                  2001a434    00000048     libclang_rt.builtins.a : fixdfsi.S.obj (.text.__fixdfsi)
                  2001a47c    00000048     network_terminal.o (.text.printHelpUsage)
                  2001a4c4    00000048     ti_sysbios_config.o (.text.realloc)
                  2001a50c    00000048     wlan_cmd.o (.text.sendConnectionReq)
                  2001a554    00000048     ti_sysbios_config.o (.text.ti_sysbios_family_arm_m3_Hwi_create)
                  2001a59c    00000048     sysbios.a : Hwi_asm_switch_gcc.s.obj (.text.ti_sysbios_family_arm_m3_Hwi_initStacks)
                  2001a5e4    00000048     ti_sysbios_config.o (.text.ti_sysbios_family_arm_m3_Timer_initDevice)
                  2001a62c    00000048     ti_sysbios_config.o (.text.ti_sysbios_hal_Seconds_getCount)
                  2001a674    00000048     ti_sysbios_config.o (.text.ti_sysbios_heaps_HeapMem_Instance_init)
                  2001a6bc    00000048     ti_sysbios_config.o (.text.ti_sysbios_heaps_HeapMem_alloc)
                  2001a704    00000048     ti_sysbios_config.o (.text.ti_sysbios_knl_Task_schedule)
                  2001a74c    00000048     ti_sysbios_config.o (.text.ti_sysbios_runtime_Startup_exec)
                  2001a794    00000046     driverlib.a : prcm.obj (.text.PRCMLPDSEnterKeepDebugIf)
                  2001a7da    00000046     drivers_cc32xx.a : RingBuf.c.obj (.text.RingBuf_put)
                  2001a820    00000044     ti_sysbios_config.o (.text.BIOS_atExitFunc)
                  2001a864    00000044     wlan_cmd.o (.text.CheckSubFrameType)
                  2001a8a8    00000044     driverlib.a : gpio.obj (.text.GPIODirModeSet)
                  2001a8ec    00000044     drivers_cc32xx.a : GPIOCC32XX.c.obj (.text.GPIO_disableInt)
                  2001a930    00000044                      : GPIOCC32XX.c.obj (.text.GPIO_enableInt)
                  2001a974    00000044                      : PowerCC32XX.c.obj (.text.Power_releaseConstraint)
                  2001a9b8    00000044                      : SPI.c.obj (.text.SPI_init)
                  2001a9fc    00000044     uart_term.o (.text.retCommand)
                  2001aa40    00000044     transceiver_cmd.o (.text.showRxMenu)
                  2001aa84    00000044     ti_sysbios_config.o (.text.ti_sysbios_family_arm_m3_Hwi_Instance_finalize)
                  2001aac8    00000044     ti_sysbios_config.o (.text.ti_sysbios_family_arm_m3_Hwi_construct2)
                  2001ab0c    00000044     ti_sysbios_config.o (.text.ti_sysbios_family_arm_m3_Hwi_disableInterrupt)
                  2001ab50    00000044     ti_sysbios_config.o (.text.ti_sysbios_family_arm_m3_Hwi_enableInterrupt)
                  2001ab94    00000044     ti_sysbios_config.o (.text.ti_sysbios_family_arm_m3_Timer_setPeriodMicroSecs)
                  2001abd8    00000044     ti_sysbios_config.o (.text.ti_sysbios_knl_Swi_restore)
                  2001ac1c    00000044     ti_sysbios_config.o (.text.ti_sysbios_knl_Task_create)
                  2001ac60    00000042     cmd_parser.o (.text.FreeProfileCmd)
                  2001aca2    00000042     driverlib.a : pin.obj (.text.PinModeSet)
                  2001ace4    00000042     simplelink.a : spawn.obj (.text._SlInternalSpawnTaskEntry)
                  2001ad26    00000042     ti_sysbios_config.o (.text.getCountsRTC)
                  2001ad68    00000040     drivers_cc32xx.a : SPI.c.obj (.text.SPI_open)
                  2001ada8    00000040     simplelink.a : driver.obj (.text._SlDrvSyncObjWaitForever)
                  2001ade8    00000040     libc.a : atoi.c.obj (.text.atoi)
                  2001ae28    00000040            : atol.c.obj (.text.atol)
                  2001ae68    00000040     network_terminal.o (.text.printClearUsage)
                  2001aea8    00000040     radio_tool.o (.text.radioTool_TxStop)
                  2001aee8    00000040     libc.a : strtok.c.obj (.text.strtok)
                  2001af28    00000040     ti_sysbios_config.o (.text.ti_sysbios_heaps_HeapMem_getStats)
                  2001af68    00000040     ti_sysbios_config.o (.text.ti_sysbios_knl_ClockSupport_init)
                  2001afa8    00000040     ti_sysbios_config.o (.text.ti_sysbios_knl_Task_exit)
                  2001afe8    00000040     driverlib.a : udma.obj (.text.uDMAChannelControlSet)
                  2001b028    0000003e                 : pin.obj (.text.PinDirModeSet)
                  2001b066    0000003e     ti_sysbios_config.o (.text.sem_timedwait)
                  2001b0a4    0000003c     simplelink.a : sl_socket.obj (.text.CountSetBits)
                  2001b0e0    0000003c     ti_sysbios_config.o (.text.HwiP_construct)
                  2001b11c    0000003c     drivers_cc32xx.a : UDMACC32XX.c.obj (.text.UDMACC32XX_init)
                  2001b158    0000003c     simplelink.a : driver.obj (.text._SlDrvIsApiInProgress)
                  2001b194    0000003c                  : driver.obj (.text._SlDrvProtectionObjLockWaitForever)
                  2001b1d0    0000003c                  : driver.obj (.text._SlDrvProtectionObjUnLock)
                  2001b20c    0000003c     wlan_cmd.o (.text.cmdAPTransitionDisablecallback)
                  2001b248    0000003c     wlan_cmd.o (.text.cmdAPTransitionEnablecallback)
                  2001b284    0000003c     wlan_cmd.o (.text.cmdTriggeredRoamingDisablecallback)
                  2001b2c0    0000003c     wlan_cmd.o (.text.cmdWlanDisconnectCallback)
                  2001b2fc    0000003c     ti_sysbios_config.o (.text.ti_sysbios_heaps_HeapMem_construct)
                  2001b338    0000003c     ti_sysbios_config.o (.text.ti_sysbios_knl_Task_blockI)
                  2001b374    0000003c     ti_sysbios_config.o (.text.ti_sysbios_knl_Task_restore)
                  2001b3b0    0000003c     ti_sysbios_config.o (.text.ti_sysbios_runtime_Memory_alloc)
                  2001b3ec    0000003c     libc.a : vsnprintf.c.obj (.text.vsnprintf)
                  2001b428    0000003a     simplelink.a : cc_pal.obj (.text.Mutex_create_handle)
                  2001b462    0000003a                  : netapp.obj (.text._SlNetAppCopyPingResultsToReport)
                  2001b49c    00000038     uart_term.o (.text.InitTerm)
                  2001b4d4    00000038     ti_sysbios_config.o (.text.MemAlloc_alloc)
                  2001b50c    00000038     drivers_cc32xx.a : PowerCC32XX.c.obj (.text.Power_setConstraint)
                  2001b544    00000038                      : RingBuf.c.obj (.text.RingBuf_putAdvance)
                  2001b57c    00000038                      : UART2.c.obj (.text.UART2_rxEnable)
                  2001b5b4    00000038                      : UDMACC32XX.c.obj (.text.UDMACC32XX_close)
                  2001b5ec    00000038     libclang_rt.builtins.a : fixsfsi.S.obj (.text.__fixsfsi)
                  2001b624    00000038     ti_sysbios_config.o (.text.pthread_mutex_init)
                  2001b65c    00000038     simplelink.a : wlan.obj (.text.sl_WlanDisconnect)
                  2001b694    00000038     ti_sysbios_config.o (.text.ti_sysbios_family_arm_m3_Timer_Instance_finalize)
                  2001b6cc    00000038     ti_sysbios_config.o (.text.ti_sysbios_knl_TaskSupport_buildTaskStack)
                  2001b704    00000038     ti_sysbios_config.o (.text.ti_sysbios_knl_Task_processVitalTaskFlag)
                  2001b73c    00000038     libc.a : autoinit.c.obj (.text:__TI_auto_init_nobinit_nopinit)
                  2001b774    00000036     driverlib.a : pin.obj (.text.PinLock)
                  2001b7aa    00000036                 : spi.obj (.text.SPIFIFOLevelSet)
                  2001b7e0    00000036                 : uart.obj (.text.UARTCharPutNonBlocking)
                  2001b816    00000034                 : pin.obj (.text.PinDirModeGet)
                  2001b84a    00000034                 : pin.obj (.text.PinModeGet)
                  2001b87e    00000034     drivers_cc32xx.a : PowerCC32XX.c.obj (.text.PowerCC32XX_parkPin)
                  2001b8b2    00000034                      : UART2.c.obj (.text.UART2_rxDisable)
                  2001b8e6    00000034     libc.a : _printfi.c.obj (.text._fcpy)
                  2001b91a    00000002     --HOLE-- [fill = 0]
                  2001b91c    00000034     ti_sysbios_config.o (.text._pthread_cleanupFxn)
                  2001b950    00000034     wlan_cmd.o (.text.cmdSoftRoamingDisablecallback)
                  2001b984    00000034     ti_sysbios_config.o (.text.pthread_mutex_unlock)
                  2001b9b8    00000034     ti_sysbios_config.o (.text.ti_sysbios_family_arm_m3_Hwi_getStackInfo)
                  2001b9ec    00000034     ti_sysbios_config.o (.text.ti_sysbios_family_arm_m3_Hwi_init)
                  2001ba20    00000034     ti_sysbios_config.o (.text.ti_sysbios_family_arm_m3_Timer_periodicStub)
                  2001ba54    00000034     ti_sysbios_config.o (.text.ti_sysbios_knl_Task_unblockI)
                  2001ba88    00000034     ti_sysbios_config.o (.text.ti_sysbios_runtime_Error_raiseX)
                  2001babc    00000032     drivers_cc32xx.a : UART2CC32XX.c.obj (.text.UART2Support_enableInts)
                  2001baee    00000032     simplelink.a : driver.obj (.text._SlDrvObjLockWaitForever)
                  2001bb20    00000032                  : driver.obj (.text._SlDrvObjUnLock)
                  2001bb52    00000032                  : driver.obj (.text._SlDrvSyncObjSignal)
                  2001bb84    00000032     ti_sysbios_config.o (.text.ti_sysbios_knl_Semaphore_pendTimeout)
                  2001bbb6    00000030     driverlib.a : prcm.obj (.text.PRCMLPDSIntervalSet)
                  2001bbe6    00000030                 : prcm.obj (.text.PRCMSlowClkCtrFastGet)
                  2001bc16    00000030     simplelink.a : driver.obj (.text._SlDrvStartMeasureTimeout)
                  2001bc46    00000030     libc.a : vsnprintf.c.obj (.text._outs)
                  2001bc76    00000002     --HOLE-- [fill = 0]
                  2001bc78    00000030     ti_sysbios_config.o (.text.clock_settime)
                  2001bca8    00000030     ti_sysbios_config.o (.text.getTime)
                  2001bcd8    00000030     drivers_cc32xx.a : PowerCC32XX.c.obj (.text.notify)
                  2001bd08    00000030     ti_sysbios_config.o (.text.ti_sysbios_family_arm_m3_Hwi_excHandlerMin)
                  2001bd38    00000030     ti_sysbios_config.o (.text.ti_sysbios_heaps_HeapMem_free)
                  2001bd68    00000030     ti_sysbios_config.o (.text.ti_sysbios_knl_Clock_walkQueuePeriodic)
                  2001bd98    00000030     ti_sysbios_config.o (.text.ti_sysbios_knl_TaskSupport_start)
                  2001bdc8    00000030     ti_sysbios_config.o (.text.ti_sysbios_runtime_System_atexit)
                  2001bdf8    00000030     ti_sysbios_config.o (.text.ti_sysbios_runtime_System_processAtExit)
                  2001be28    00000030     ti_sysbios_config.o (.text.usleep)
                  2001be58    0000002e     driverlib.a : gpio.obj (.text.GPIOIntStatus)
                  2001be86    0000002e     simplelink.a : cc_pal.obj (.text.NwpPowerOn)
                  2001beb4    0000002e     drivers_cc32xx.a : RingBuf.c.obj (.text.RingBuf_getConsume)
                  2001bee2    0000002e                      : RingBuf.c.obj (.text.RingBuf_putPointer)
                  2001bf10    0000002e     driverlib.a : uart.obj (.text.UARTDisable)
                  2001bf3e    00000002     --HOLE-- [fill = 0]
                  2001bf40    0000002e     libclang_rt.builtins.a : floatsidf.S.obj (.text.__floatsidf)
                  2001bf6e    0000002c     drivers_cc32xx.a : UART2CC32XX.c.obj (.text.UART2CC32XX_getRxData)
                  2001bf9a    00000002     --HOLE-- [fill = 0]
                  2001bf9c    0000002c     ti_sysbios_config.o (.text._pthread_delete)
                  2001bfc8    0000002c     radio_tool.o (.text.radioTool_Close)
                  2001bff4    0000002c     libc.a : strstr.c.obj (.text.strstr)
                  2001c020    0000002c     ti_sysbios_config.o (.text.ti_sysbios_family_arm_m3_Timer_construct)
                  2001c04c    0000002c     ti_sysbios_config.o (.text.ti_sysbios_gates_GateMutex_enter)
                  2001c078    0000002c     ti_sysbios_config.o (.text.ti_sysbios_knl_Task_restoreHwi)
                  2001c0a4    0000002a     driverlib.a : prcm.obj (.text.PRCMLPDSWakeUpGPIOSelect)
                  2001c0ce    0000002a                 : prcm.obj (.text.PRCMPeripheralClkDisable)
                  2001c0f8    0000002a                 : uart.obj (.text.UARTIntStatus)
                  2001c122    0000002a     simplelink.a : flowcont.obj (.text._SlFlowContSet)
                  2001c14c    0000002a     ti_sysbios_config.o (.text.ti_sysbios_knl_Task_allBlockedFunction)
                  2001c176    00000002     --HOLE-- [fill = 0]
                  2001c178    00000028     ti_sysbios_config.o (.text.BIOS_registerRTSLock)
                  2001c1a0    00000028     drivers_cc32xx.a : List.c.obj (.text.List_remove)
                  2001c1c8    00000028     driverlib.a : prcm.obj (.text.PRCMSRAMRetentionEnable)
                  2001c1f0    00000028     drivers_cc32xx.a : PowerCC32XX.c.obj (.text.PowerCC32XX_getParkState)
                  2001c218    00000028     driverlib.a : spi.obj (.text.SPIReset)
                  2001c240    00000028     ti_sysbios_config.o (.text.calloc)
                  2001c268    00000028     radio_tool.o (.text.radioTool_GetStats)
                  2001c290    00000028     ti_sysbios_config.o (.text.sem_init)
                  2001c2b8    00000028     transceiver_cmd.o (.text.showPowMenu)
                  2001c2e0    00000028     ti_sysbios_config.o (.text.sleep)
                  2001c308    00000028     sysbios.a : Hwi_asm_gcc.s.obj (.text.ti_sysbios_family_arm_m3_Hwi_excHandlerAsm)
                  2001c330    00000028     ti_sysbios_config.o (.text.ti_sysbios_family_arm_m3_Timer_oneShotStub)
                  2001c358    00000028     ti_sysbios_config.o (.text.ti_sysbios_family_arm_m3_Timer_setPeriod)
                  2001c380    00000028     ti_sysbios_config.o (.text.ti_sysbios_gates_GateMutex_Instance_init)
                  2001c3a8    00000028     ti_sysbios_config.o (.text.ti_sysbios_knl_Semaphore_Instance_init)
                  2001c3d0    00000028     ti_sysbios_config.o (.text.ti_sysbios_knl_Swi_init)
                  2001c3f8    00000028     ti_sysbios_config.o (.text.ti_sysbios_knl_Task_construct)
                  2001c420    00000028     ti_sysbios_config.o (.text.ti_sysbios_knl_Task_init)
                  2001c448    00000026     driverlib.a : spi.obj (.text.SPIDataGet)
                  2001c46e    00000002     --HOLE-- [fill = 0]
                  2001c470    00000024     ti_sysbios_config.o (.text.BIOS_removeRTSLock)
                  2001c494    00000024     drivers_cc32xx.a : List.c.obj (.text.List_put)
                  2001c4b8    00000024     uart_term.o (.text.Message)
                  2001c4dc    00000024     driverlib.a : prcm.obj (.text.PRCMLPDSWakeupSourceEnable)
                  2001c500    00000024     drivers_cc32xx.a : PowerCC32XX.c.obj (.text.PowerCC32XX_restoreParkState)
                  2001c524    00000024                      : PowerCC32XX.c.obj (.text.PowerCC32XX_restoreParkedPin)
                  2001c548    00000024                      : PowerCC32XX.c.obj (.text.Power_registerNotify)
                  2001c56c    00000024     driverlib.a : spi.obj (.text.SPIDataPut)
                  2001c590    00000024     ti_sysbios_config.o (.text.SemaphoreP_createBinary)
                  2001c5b4    00000024     drivers_cc32xx.a : UART2CC32XX.c.obj (.text.UART2Support_disableRx)
                  2001c5d8    00000024     libclang_rt.builtins.a : floatunsisf.S.obj (.text.__floatunsisf)
                  2001c5fc    00000024     radio_tool.o (.text.radioTool_RxStop)
                  2001c620    00000024     cmd_parser.o (.text.strncpy)
                  2001c644    00000024     ti_sysbios_config.o (.text.ti_sysbios_family_arm_m3_Hwi_construct)
                  2001c668    00000024     ti_sysbios_config.o (.text.ti_sysbios_family_arm_m3_Timer_postInit)
                  2001c68c    00000024     ti_sysbios_config.o (.text.ti_sysbios_family_arm_m3_Timer_startup)
                  2001c6b0    00000024     ti_sysbios_config.o (.text.ti_sysbios_knl_Semaphore_destruct)
                  2001c6d4    00000024     ti_sysbios_config.o (.text.ti_sysbios_knl_Task_enter)
                  2001c6f8    00000024     sysbios.a : boot_cortex_m.c.obj (.text:_c_int00)
                  2001c71c    00000022     driverlib.a : gpio.obj (.text.GPIOPinWrite)
                  2001c73e    00000022                 : pin.obj (.text.PinUnlock)
                  2001c760    00000022     drivers_cc32xx.a : RingBuf.c.obj (.text.RingBuf_getPointer)
                  2001c782    00000022     driverlib.a : spi.obj (.text.SPIWordCountSet)
                  2001c7a4    00000022     drivers_cc32xx.a : UART2CC32XX.c.obj (.text.UART2Support_sendData)
                  2001c7c6    00000022                      : UART2.c.obj (.text.UART2_read)
                  2001c7e8    00000022     libc.a : strspn.c.obj (.text.strspn)
                  2001c80a    00000002     --HOLE-- [fill = 0]
                  2001c80c    00000020     ti_sysbios_config.o (.text.HwiP_clearInterrupt)
                  2001c82c    00000020     drivers_cc32xx.a : PowerCC32XX.c.obj (.text.PowerCC32XX_reset)
                  2001c84c    00000020                      : PowerCC32XX.c.obj (.text.Power_unregisterNotify)
                  2001c86c    00000020     ti_sysbios_config.o (.text.SemaphoreP_constructBinary)
                  2001c88c    00000020     ti_sysbios_config.o (.text.getClockTicks)
                  2001c8ac    00000020     network_terminal.o (.text.gpioButtonFxn1)
                  2001c8cc    00000020     libc.a : strcspn.c.obj (.text.strcspn)
                  2001c8ec    00000020     ti_sysbios_config.o (.text.ti_sysbios_family_arm_m3_Hwi_delete)
                  2001c90c    00000020     ti_sysbios_config.o (.text.ti_sysbios_family_arm_m3_Hwi_initStack)
                  2001c92c    00000020     ti_sysbios_config.o (.text.ti_sysbios_knl_Clock_addI)
                  2001c94c    00000020     ti_sysbios_config.o (.text.ti_sysbios_knl_Clock_tick)
                  2001c96c    00000020     ti_sysbios_config.o (.text.ti_sysbios_knl_Semaphore_delete)
                  2001c98c    00000020     sysbios.a : TaskSupport_asm_gcc.s.obj (.text.ti_sysbios_knl_TaskSupport_swap)
                  2001c9ac    00000020     ti_sysbios_config.o (.text.ti_sysbios_knl_Task_delete)
                  2001c9cc    00000020     ti_sysbios_config.o (.text.ti_sysbios_knl_Task_destruct)
                  2001c9ec    0000001e     cmd_parser.o (.text.FreeStartApCmd)
                  2001ca0a    0000001e     cmd_parser.o (.text.FreemDNSAdvertiseCmd)
                  2001ca28    0000001e     driverlib.a : pin.obj (.text.PinTypeSPI)
                  2001ca46    0000001e                 : pin.obj (.text.PinTypeUART)
                  2001ca64    0000001e     drivers_cc32xx.a : UART2.c.obj (.text.UART2_writeTimeout)
                  2001ca82    0000001e     driverlib.a : uart.obj (.text.UARTEnable)
                  2001caa0    0000001e     libc.a : memccpy.c.obj (.text.memccpy)
                  2001cabe    0000001e     sysbios.a : Hwi_asm_switch_gcc.s.obj (.text.ti_sysbios_family_arm_m3_Hwi_switchAndRunFunc)
                  2001cadc    0000001e     ti_sysbios_config.o (.text.ti_sysbios_knl_Semaphore_create)
                  2001cafa    0000001e     driverlib.a : udma.obj (.text.uDMAChannelDisable)
                  2001cb18    0000001e                 : udma.obj (.text.uDMAChannelEnable)
                  2001cb36    0000001e                 : udma.obj (.text.uDMAChannelIsEnabled)
                  2001cb54    0000001c     ti_sysbios_config.o (.text.BIOS_rtsLock)
                  2001cb70    0000001c     drivers_cc32xx.a : GPIOCC32XX.c.obj (.text.GPIO_clearInt)
                  2001cb8c    0000001c                      : GPIO.c.obj (.text.GPIO_setCallback)
                  2001cba8    0000001c     socket_cmd.o (.text.OUTLINED_FUNCTION_1)
                  2001cbc4    0000001c     simplelink.a : spawn.obj (.text._SlInternalIsItSpawnThread)
                  2001cbe0    0000001c     ti_sysbios_config.o (.text.free)
                  2001cbfc    0000001c     uart_term.o (.text.getch)
                  2001cc18    0000001c     uart_term.o (.text.putch)
                  2001cc34    0000001c     ti_sysbios_config.o (.text.ti_sysbios_knl_Idle_run)
                  2001cc50    0000001c     ti_sysbios_config.o (.text.ti_sysbios_knl_Queue_put)
                  2001cc6c    0000001c     ti_sysbios_config.o (.text.ti_sysbios_knl_Semaphore_construct)
                  2001cc88    0000001a     driverlib.a : gpio.obj (.text.GPIOIntDisable)
                  2001cca2    0000001a     socket_cmd.o (.text.OUTLINED_FUNCTION_2)
                  2001ccbc    0000001a     cmd_parser.o (.text.OUTLINED_FUNCTION_8)
                  2001ccd6    0000001a     driverlib.a : prcm.obj (.text.PRCMHIBRegRead)
                  2001ccf0    0000001a                 : prcm.obj (.text.PRCMHIBRegWrite)
                  2001cd0a    0000001a                 : prcm.obj (.text.PRCMLPDSWakeupSourceDisable)
                  2001cd24    0000001a                 : pin.obj (.text.PinToPadGet)
                  2001cd3e    0000001a                 : spi.obj (.text.SPIDmaDisable)
                  2001cd58    0000001a                 : spi.obj (.text.SPIFIFODisable)
                  2001cd72    0000001a                 : uart.obj (.text.UARTFlowControlSet)
                  2001cd8c    0000001a     simplelink.a : device.obj (.text._SlDeviceGetStartResponseConvert)
                  2001cda6    0000001a     ti_sysbios_config.o (.text.ti_sysbios_knl_Task_sleepTimeout)
                  2001cdc0    00000018     ti_sysbios_config.o (.text.BIOS_exitFunc)
                  2001cdd8    00000018     ti_sysbios_config.o (.text.BIOS_rtsUnlock)
                  2001cdf0    00000018     driverlib.a : gpio.obj (.text.GPIOIntEnable)
                  2001ce08    00000018                 : spi.obj (.text.SPIDmaEnable)
                  2001ce20    00000018                 : spi.obj (.text.SPIFIFOEnable)
                  2001ce38    00000018     simplelink.a : driver.obj (.text._SlDrvMemZero)
                  2001ce50    00000018     libc.a : vsnprintf.c.obj (.text._outc)
                  2001ce68    00000018     str.o (.text.printBorder)
                  2001ce80    00000018     ti_sysbios_config.o (.text.pthread_attr_init)
                  2001ce98    00000018     cmd_parser.o (.text.strcat)
                  2001ceb0    00000018     ti_sysbios_config.o (.text.ti_sysbios_family_arm_m3_Timer_stop)
                  2001cec8    00000018     sysbios.a : TaskSupport_asm_gcc.s.obj (.text.ti_sysbios_knl_TaskSupport_glue)
                  2001cee0    00000018     ti_sysbios_config.o (.text.ti_sysbios_knl_Task_unblock)
                  2001cef8    00000016     ti_drivers_config.o (.text.Board_init)
                  2001cf0e    00000016     ti_sysbios_config.o (.text.HwiP_interruptsEnabled)
                  2001cf24    00000016     driverlib.a : spi.obj (.text.SPICSDisable)
                  2001cf3a    00000016                 : spi.obj (.text.SPICSEnable)
                  2001cf50    00000016                 : spi.obj (.text.SPIDisable)
                  2001cf66    00000016                 : spi.obj (.text.SPIEnable)
                  2001cf7c    00000016                 : uart.obj (.text.UARTCharsAvail)
                  2001cf92    00000016                 : uart.obj (.text.UARTDMADisable)
                  2001cfa8    00000016                 : uart.obj (.text.UARTFIFOLevelSet)
                  2001cfbe    00000016                 : uart.obj (.text.UARTIntDisable)
                  2001cfd4    00000016     ti_sysbios_config.o (.text.clockFxn)
                  2001cfea    00000016     cmd_parser.o (.text.isChannelAt)
                  2001d000    00000014     driverlib.a : cpu.obj (.text.CPUcpsid)
                  2001d014    00000014                 : cpu.obj (.text.CPUcpsie)
                  2001d028    00000014     socket_cmd.o (.text.OUTLINED_FUNCTION_3)
                  2001d03c    00000014     socket_cmd.o (.text.OUTLINED_FUNCTION_4)
                  2001d050    00000014     drivers_cc32xx.a : PowerCC32XX.c.obj (.text.Power_disablePolicy)
                  2001d064    00000014                      : PowerCC32XX.c.obj (.text.Power_getTransitionLatency)
                  2001d078    00000014                      : PowerCC32XX.c.obj (.text.Power_idleFunc)
                  2001d08c    00000014     network_terminal.o (.text.SimpleLinkGeneralEventHandler)
                  2001d0a0    00000014     driverlib.a : uart.obj (.text.UARTDMAEnable)
                  2001d0b4    00000014                 : uart.obj (.text.UARTIntEnable)
                  2001d0c8    00000014     simplelink.a : driver.obj (.text._SlDrvDispatchHttpServerEvents)
                  2001d0dc    00000014                  : driver.obj (.text._SlDrvDispatchNetAppRequestEvents)
                  2001d0f0    00000014                  : driver.obj (.text._SlDrvIsSpawnOwnGlobalLock)
                  2001d104    00000014     libclang_rt.builtins.a : aeabi_uldivmod.S.obj (.text.__aeabi_uldivmod)
                  2001d118    00000014     libc.a : args_main.c.obj (.text._args_main)
                  2001d12c    00000014     ti_sysbios_config.o (.text.pthread_attr_setschedparam)
                  2001d140    00000014     ti_sysbios_config.o (.text.pthread_mutex_destroy)
                  2001d154    00000014     ti_sysbios_config.o (.text.pthread_mutexattr_init)
                  2001d168    00000014     ti_sysbios_config.o (.text.ti_sysbios_family_arm_m3_Hwi_switchFromBootStack)
                  2001d17c    00000014     ti_sysbios_config.o (.text.ti_sysbios_knl_ClockSupport_setPeriodMicroSecs)
                  2001d190    00000014     driverlib.a : udma.obj (.text.uDMAControlBaseSet)
                  2001d1a4    00000014                 : udma.obj (.text.uDMAIntClear)
                  2001d1b8    00000012     cmd_parser.o (.text.FreePingCmd)
                  2001d1ca    00000012     cmd_parser.o (.text.FreeRecvCmd)
                  2001d1dc    00000012     cmd_parser.o (.text.FreeSendCmd)
                  2001d1ee    00000012     driverlib.a : gpio.obj (.text.GPIOIntClear)
                  2001d200    00000012     simplelink.a : driver.obj (.text._SlDrvResetCmdExt)
                  2001d212    00000012     ti_sysbios_config.o (.text._pthread_runStub)
                  2001d224    00000012     drivers_cc32xx.a : UDMACC32XX.c.obj (.text.postNotifyFxn)
                  2001d236    00000012     simplelink.a : cc_pal.obj (.text.spi_Close)
                  2001d248    00000012     libc.a : _printfi.c.obj (.text.strchr)
                  2001d25a    00000012     ti_sysbios_config.o (.text.ti_sysbios_hal_Seconds_set)
                  2001d26c    00000012     libc.a : memcpy_t2.S.obj (.text:TI_memcpy_small)
                  2001d27e    00000002     --HOLE-- [fill = 0]
                  2001d280    00000010     ti_sysbios_config.o (.text.ClockP_getCpuFreq)
                  2001d290    00000010     ti_sysbios_config.o (.text.HwiP_Params_init)
                  2001d2a0    00000010     wlan_cmd.o (.text.OUTLINED_FUNCTION_0)
                  2001d2b0    00000010     cmd_parser.o (.text.OUTLINED_FUNCTION_16)
                  2001d2c0    00000010     cmd_parser.o (.text.OUTLINED_FUNCTION_7)
                  2001d2d0    00000010     drivers_cc32xx.a : PowerCC32XX.c.obj (.text.PowerCC32XX_getWakeup)
                  2001d2e0    00000010                      : PowerCC32XX.c.obj (.text.Power_enablePolicy)
                  2001d2f0    00000010                      : RingBuf.c.obj (.text.RingBuf_construct)
                  2001d300    00000010                      : UART2CC32XX.c.obj (.text.UART2Support_txDone)
                  2001d310    00000010     driverlib.a : uart.obj (.text.UARTBusy)
                  2001d320    00000010                 : uart.obj (.text.UARTIntClear)
                  2001d330    00000010                 : uart.obj (.text.UARTRxErrorGet)
                  2001d340    00000010     cmd_parser.o (.text.strchr)
                  2001d350    00000010     ti_sysbios_config.o (.text.ti_sysbios_family_arm_m3_Hwi_excHandler)
                  2001d360    00000010     libc.a : wcslen.c.obj (.text.wcslen)
                  2001d370    00000010            : copy_zero_init.c.obj (.text:decompress:ZI)
                  2001d380    0000000e     simplelink.a : cc_pal.obj (.text.NwpMaskInterrupt)
                  2001d38e    0000000e                  : cc_pal.obj (.text.NwpUnMaskInterrupt)
                  2001d39c    0000000e     uart_term.o (.text.OUTLINED_FUNCTION_0)
                  2001d3aa    0000000e     drivers_cc32xx.a : UART2.c.obj (.text.UART2_write)
                  2001d3b8    0000000e                      : SPICC32XXDMA.c.obj (.text.postNotifyFxn)
                  2001d3c6    0000000e     ti_sysbios_config.o (.text.sem_wait)
                  2001d3d4    0000000e     simplelink.a : device.obj (.text.sl_Task)
                  2001d3e2    0000000e     cmd_parser.o (.text.strcpy)
                  2001d3f0    0000000e     cmd_parser.o (.text.strlen)
                  2001d3fe    0000000e     libc.a : _printfi.c.obj (.text.strlen)
                  2001d40c    0000000e     netapp_cmd.o (.text.strlen)
                  2001d41a    0000000e     network_terminal.o (.text.strlen)
                  2001d428    0000000e     uart_term.o (.text.strlen)
                  2001d436    0000000e     wlan_cmd.o (.text.strlen)
                  2001d444    0000000e     ti_sysbios_config.o (.text.ti_sysbios_gates_GateMutex_leave)
                  2001d452    0000000e     ti_sysbios_config.o (.text.ti_sysbios_knl_Clock_tickReconfig)
                  2001d460    0000000e     driverlib.a : udma.obj (.text.uDMAEnable)
                  2001d46e    0000000e                 : udma.obj (.text.uDMAErrorStatusClear)
                  2001d47c    0000000e     libc.a : memset_t2.S.obj (.text:TI_memset_small)
                  2001d48a    0000000e            : copy_decompress_none.c.obj (.text:decompress:none)
                  2001d498    0000000c     ti_sysbios_config.o (.text.BIOS_linkedWithIncorrectBootLibrary)
                  2001d4a4    0000000c     ti_sysbios_config.o (.text.BIOS_start)
                  2001d4b0    0000000c     driverlib.a : cpu.obj (.text.CPUwfi)
                  2001d4bc    0000000c     uart_term.o (.text.ClearTerm)
                  2001d4c8    0000000c     ti_sysbios_config.o (.text.ClockP_getSystemTicks)
                  2001d4d4    0000000c     ti_sysbios_config.o (.text.HwiP_delete)
                  2001d4e0    0000000c     ti_sysbios_config.o (.text.HwiP_disable)
                  2001d4ec    0000000c     drivers_cc32xx.a : UART2CC32XX.c.obj (.text.OUTLINED_FUNCTION_0)
                  2001d4f8    0000000c     libc.a : _printfi.c.obj (.text.OUTLINED_FUNCTION_0)
                  2001d504    0000000c     cmd_parser.o (.text.OUTLINED_FUNCTION_18)
                  2001d510    0000000c     uart_term.o (.text.OUTLINED_FUNCTION_1)
                  2001d51c    0000000c     driverlib.a : prcm.obj (.text.PRCMLPDSWakeupCauseGet)
                  2001d528    0000000c     ti_sysbios_config.o (.text.PowerCC32XX_initPolicy)
                  2001d534    0000000c     drivers_cc32xx.a : PowerCC32XX.c.obj (.text.Power_getConstraintMask)
                  2001d540    0000000c                      : SPI.c.obj (.text.SPI_Params_init)
                  2001d54c    0000000c     ti_sysbios_config.o (.text.SemaphoreP_delete)
                  2001d558    0000000c     drivers_cc32xx.a : UART2CC32XX.c.obj (.text.UART2CC32XX_postNotifyFxn)
                  2001d564    0000000c                      : UART2CC32XX.c.obj (.text.UART2Support_disableTx)
                  2001d570    0000000c                      : UART2CC32XX.c.obj (.text.UART2Support_enableRx)
                  2001d57c    0000000c                      : UART2CC32XX.c.obj (.text.UART2Support_enableTx)
                  2001d588    0000000c                      : UART2.c.obj (.text.UART2_Params_init)
                  2001d594    0000000c     libc.a : _lock.c.obj (.text._register_lock)
                  2001d5a0    0000000c            : _lock.c.obj (.text._register_unlock)
                  2001d5ac    0000000c     ti_sysbios_config.o (.text.pthread_attr_setdetachstate)
                  2001d5b8    0000000c     ti_sysbios_config.o (.text.pthread_mutexattr_settype)
                  2001d5c4    0000000c     ti_sysbios_config.o (.text.pthread_self)
                  2001d5d0    0000000c     ti_sysbios_config.o (.text.ti_sysbios_heaps_HeapMem_init)
                  2001d5dc    0000000c     ti_sysbios_config.o (.text.ti_sysbios_knl_ClockSupport_start)
                  2001d5e8    0000000c     ti_sysbios_config.o (.text.ti_sysbios_knl_ClockSupport_stop)
                  2001d5f4    0000000c     driverlib.a : udma.obj (.text.uDMAControlBaseGet)
                  2001d600    0000000c                 : udma.obj (.text.uDMAErrorStatusGet)
                  2001d60c    0000000a     transceiver_cmd.o (.text.OUTLINED_FUNCTION_0)
                  2001d616    0000000a     drivers_cc32xx.a : SPICC32XXDMA.c.obj (.text.OUTLINED_FUNCTION_1)
                  2001d620    0000000a                      : UART2CC32XX.c.obj (.text.OUTLINED_FUNCTION_1)
                  2001d62a    0000000a     libc.a : _printfi.c.obj (.text.OUTLINED_FUNCTION_1)
                  2001d634    0000000a     transceiver_cmd.o (.text.OUTLINED_FUNCTION_1)
                  2001d63e    0000000a     drivers_cc32xx.a : SPICC32XXDMA.c.obj (.text.OUTLINED_FUNCTION_2)
                  2001d648    0000000a                      : UART2CC32XX.c.obj (.text.OUTLINED_FUNCTION_2)
                  2001d652    0000000a     transceiver_cmd.o (.text.OUTLINED_FUNCTION_4)
                  2001d65c    0000000a     socket_cmd.o (.text.OUTLINED_FUNCTION_5)
                  2001d666    0000000a     socket_cmd.o (.text.OUTLINED_FUNCTION_6)
                  2001d670    0000000a     socket_cmd.o (.text.OUTLINED_FUNCTION_7)
                  2001d67a    0000000a     socket_cmd.o (.text.OUTLINED_FUNCTION_8)
                  2001d684    0000000a     socket_cmd.o (.text.OUTLINED_FUNCTION_9)
                  2001d68e    0000000a     ti_sysbios_config.o (.text.SemaphoreP_pend)
                  2001d698    0000000a     simplelink.a : device.obj (.text._SlDeviceResetRequestInitCompletedCB)
                  2001d6a2    00000002     --HOLE-- [fill = 0]
                  2001d6a4    0000000a     libclang_rt.builtins.a : aeabi_memset.S.obj (.text.__aeabi_memset)
                  2001d6ae    0000000a     network_terminal.o (.text.cmdClearcallback)
                  2001d6b8    0000000a     ti_drivers_config.o (.text.dmaErrorFxn)
                  2001d6c2    0000000a     ti_sysbios_config.o (.text.sem_destroy)
                  2001d6cc    0000000a     ti_sysbios_config.o (.text.sem_post)
                  2001d6d6    00000008     network_terminal.o (.text.OUTLINED_FUNCTION_0)
                  2001d6de    00000008     cmd_parser.o (.text.OUTLINED_FUNCTION_11)
                  2001d6e6    00000008     cmd_parser.o (.text.OUTLINED_FUNCTION_12)
                  2001d6ee    00000008     cmd_parser.o (.text.OUTLINED_FUNCTION_13)
                  2001d6f6    00000008     cmd_parser.o (.text.OUTLINED_FUNCTION_14)
                  2001d6fe    00000008     cmd_parser.o (.text.OUTLINED_FUNCTION_15)
                  2001d706    00000008     cmd_parser.o (.text.OUTLINED_FUNCTION_1)
                  2001d70e    00000008     wlan_cmd.o (.text.OUTLINED_FUNCTION_1)
                  2001d716    00000008     cmd_parser.o (.text.OUTLINED_FUNCTION_2)
                  2001d71e    00000008     cmd_parser.o (.text.OUTLINED_FUNCTION_3)
                  2001d726    00000008     transceiver_cmd.o (.text.OUTLINED_FUNCTION_3)
                  2001d72e    00000008     wlan_cmd.o (.text.OUTLINED_FUNCTION_3)
                  2001d736    00000008     wlan_cmd.o (.text.OUTLINED_FUNCTION_4)
                  2001d73e    00000008     driverlib.a : prcm.obj (.text.PRCMSleepEnter)
                  2001d746    00000008     simplelink.a : cc_pal.obj (.text.TimerGetCurrentTimestamp)
                  2001d74e    00000008     driverlib.a : utils.obj (.text.UtilsDelay)
                  2001d756    00000002     --HOLE-- [fill = 0]
                  2001d758    00000008     libc.a : aeabi_portable.c.obj (.text.__aeabi_errno_addr)
                  2001d760    00000008     libclang_rt.builtins.a : aeabi_memset.S.obj (.text.__aeabi_memclr)
                  2001d768    00000008     drivers_cc32xx.a : SPICC32XXDMA.c.obj (.text.blockingTransferCallback)
                  2001d770    00000008     ti_sysbios_config.o (.text.pthread_mutex_lock)
                  2001d778    00000008     ti_sysbios_config.o (.text.sem_getvalue)
                  2001d780    00000008     ti_sysbios_config.o (.text.ti_sysbios_runtime_System_exit)
                  2001d788    00000006     ti_sysbios_config.o (.text.ClockP_getSystemTickPeriod)
                  2001d78e    00000006     ti_sysbios_config.o (.text.HwiP_restore)
                  2001d794    00000006     cmd_parser.o (.text.OUTLINED_FUNCTION_0)
                  2001d79a    00000006     drivers_cc32xx.a : UART2.c.obj (.text.OUTLINED_FUNCTION_0)
                  2001d7a0    00000006     socket_cmd.o (.text.OUTLINED_FUNCTION_0)
                  2001d7a6    00000006     cmd_parser.o (.text.OUTLINED_FUNCTION_10)
                  2001d7ac    00000006     cmd_parser.o (.text.OUTLINED_FUNCTION_17)
                  2001d7b2    00000006     transceiver_cmd.o (.text.OUTLINED_FUNCTION_2)
                  2001d7b8    00000006     wlan_cmd.o (.text.OUTLINED_FUNCTION_2)
                  2001d7be    00000006     drivers_cc32xx.a : SPICC32XXDMA.c.obj (.text.OUTLINED_FUNCTION_3)
                  2001d7c4    00000006     cmd_parser.o (.text.OUTLINED_FUNCTION_4)
                  2001d7ca    00000006     cmd_parser.o (.text.OUTLINED_FUNCTION_5)
                  2001d7d0    00000006     transceiver_cmd.o (.text.OUTLINED_FUNCTION_5)
                  2001d7d6    00000006     cmd_parser.o (.text.OUTLINED_FUNCTION_6)
                  2001d7dc    00000006     transceiver_cmd.o (.text.OUTLINED_FUNCTION_6)
                  2001d7e2    00000006     cmd_parser.o (.text.OUTLINED_FUNCTION_9)
                  2001d7e8    00000006     drivers_cc32xx.a : SPICC32XXDMA.c.obj (.text.SPICC32XXDMA_control)
                  2001d7ee    00000006                      : SPI.c.obj (.text.SPI_close)
                  2001d7f4    00000006                      : SPI.c.obj (.text.SPI_transfer)
                  2001d7fa    00000006                      : UART2CC32XX.c.obj (.text.UART2Support_powerRelConstraint)
                  2001d800    00000006                      : UART2CC32XX.c.obj (.text.UART2Support_powerSetConstraint)
                  2001d806    00000006     ti_sysbios_config.o (.text.pthread_attr_setstacksize)
                  2001d80c    00000006     ti_sysbios_config.o (.text.ti_sysbios_family_arm_m3_Hwi_destruct)
                  2001d812    00000006     ti_sysbios_config.o (.text.ti_sysbios_family_arm_m3_Hwi_doSwiRestore)
                  2001d818    00000006     ti_sysbios_config.o (.text.ti_sysbios_family_arm_m3_Hwi_doTaskRestore)
                  2001d81e    00000006     ti_sysbios_config.o (.text.ti_sysbios_knl_Idle_loop)
                  2001d824    00000006     ti_sysbios_config.o (.text.ti_sysbios_knl_Swi_startup)
                  2001d82a    00000004     ti_sysbios_config.o (.text.HwiP_disableInterrupt)
                  2001d82e    00000004     ti_sysbios_config.o (.text.HwiP_enableInterrupt)
                  2001d832    00000004     drivers_cc32xx.a : RingBuf.c.obj (.text.RingBuf_getCount)
                  2001d836    00000004                      : SPICC32XXDMA.c.obj (.text.SPICC32XXDMA_init)
                  2001d83a    00000004     ti_sysbios_config.o (.text.SemaphoreP_destruct)
[...]
20030061  send_s_optionDetailsStr                                         
2003007c  Template_Hdr                                                    
20030096  g_SlDeviceStatus                                                
200300b0  APTransitionDisablecmdStr                                       
200300c4  AntSelectionDisablecmdStr                                       
200300ec  ti_sysbios_family_arm_m3_Timer_Module_state                     
20030100  APTransitionEnablecmdStr                                        
20030113  AntSelectionEnablecmdStr                                        
20030126  ConnectedStationsStr                                            
20030139  SoftRoamingDisablecmdStr                                        
2003014c  TriggeredRoamingDisablecmdStr                                   
2003015f  helpUsageStr                                                    
20030172  SoftRoamingEnablecmdStr                                         
20030184  TriggeredRoamingEnablecmdStr                                    
20030196  radiotool_PromptStr                                             
200301b8  wlanDisconnectStr                                               
200301c7  FRAME_SUBTYPE_str                                               
200301d5  ap_start_str                                                    
200301e3  disableFilterStr                                                
200301f1  mDNSAdvertiseStr                                                
200301ff  ap_stop_str                                                     
2003020c  createFilterStr                                                 
20030219  deleteFilterStr                                                 
20030226  enableFilterStr                                                 
20030233  enableWoWLANStr                                                 
20030240  AntSelectionEnableUsageStr                                      
2003024c  CoexDisablecmdStr                                               
20030258  CoexEnableUsageStr                                              
20030264  ConnectedStationsUsageStr                                       
20030270  SetCountryCodeStr                                               
2003027c  ap_stop_UsageStr                                                
20030288  wlanConnectStr                                                  
20030294  wlanDisconnectUsageStr                                          
200302a0  AddProfileStr                                                   
200302ab  CoexEnablecmdStr                                                
200302b6  FRAME_TYPE_str                                                  
200302c1  GetProfileStr                                                   
200302cc  usageStr                                                        
200302d7  APTransitionDisableUsageStr                                     
200302e1  APTransitionEnableUsageStr                                      
200302eb  AntSelectionDisableUsageStr                                     
200302f5  CoexDisableUsageStr                                             
200302ff  SoftRoamingDisableUsageStr                                      
20030309  TriggeredRoamingDisableUsageStr                                 
20030313  WPA2_PLUS_str                                                   
2003031d  mDNSQueryStr                                                    
20030327  radiotool_Str                                                   
20030331  setPolicyStr                                                    
2003033b  WPAWPA2_str                                                     
20030344  p2pStartcmdStr                                                  
2003034d  d_optionStr                                                     
20030358  PATTERN_str                                                     
20030360  p2pStopcmdStr                                                   
20030368  ti_sysbios_gates_GateMutex_Module_state                         
20030370  ti_sysbios_heaps_HeapMem_Module_state                           
20030378  ti_sysbios_knl_Semaphore_Module_state                           
20030380  BSSID_str                                                       
20030386  DESTINATION_MAC_str                                             
2003038c  SOURCE_MAC_str                                                  
20030392  clearStr                                                        
20030398  cmdPromptStr                                                    
2003039e  help_optionStr                                                  
200303a4  D_IP_str                                                        
200303a9  OPEN_str                                                        
200303ae  S_IP_str                                                        
200303b3  WPA2_str                                                        
200303b8  WPA3_str                                                        
200303bd  dns_optionStr                                                   
200303c2  ent_optionStr                                                   
200303c7  helpStr                                                         
200303cc  mac_optionStr                                                   
200303d1  pingStr                                                         
200303d6  recvStr                                                         
200303db  scanStr                                                         
200303e0  sendStr                                                         
200303e5  ttl_optionStr                                                   
200303ea  txpow_optionStr                                                 
200303ef  gStackFull                                                      
200303f0  APTransitionDisableDetailsStr                                   
200303f4  APTransitionEnableDetailsStr                                    
200303f8  AntSelectionDisableDetailsStr                                   
200303fc  AntSelectionEnableDetailsStr                                    
20030400  AntSelectionEnable_Note_optionDetailsStr                        
20030404  CoexDisableDetailsStr                                           
20030408  CoexEnableDetailsStr                                            
2003040c  CoexEnable_Note_optionDetailsStr                                
20030410  ConnectedStationsDetailsStr                                     
20030414  CountryCodeDetailsStr                                           
20030418  CountryCode_Note_optionDetailsStr                               
2003041c  CountryCode_g_optionDetailsStr                                  
20030420  SoftRoamingDisableDetailsStr                                    
20030424  SoftRoamingEnableDetailsStr                                     
20030428  SoftRoamingEnable_Note_optionDetailsStr                         
2003042c  SoftRoamingEnable_r_optionDetailsStr                            
20030430  TriggeredRoamingDisableDetailsStr                               
20030434  TriggeredRoamingEnableDetailsStr                                
20030438  TriggeredRoaming_r_optionDetailsStr                             
2003043c  Txtask_m10_optionDetailsStr                                     
20030440  Txtask_m11_optionDetailsStr                                     
20030444  Txtask_m12_optionDetailsStr                                     
20030448  Txtask_m13_optionDetailsStr                                     
2003044c  Txtask_m14_optionDetailsStr                                     
20030450  Txtask_m15_optionDetailsStr                                     
20030454  Txtask_m16_optionDetailsStr                                     
20030458  Txtask_m17_optionDetailsStr                                     
2003045c  Txtask_m18_optionDetailsStr                                     
20030460  Txtask_m19_optionDetailsStr                                     
20030464  Txtask_m1_optionDetailsStr                                      
20030468  Txtask_m20_optionDetailsStr                                     
2003046c  Txtask_m21_optionDetailsStr                                     
20030470  Txtask_m2_optionDetailsStr                                      
20030474  Txtask_m3_optionDetailsStr                                      
20030478  Txtask_m4_optionDetailsStr                                      
2003047c  Txtask_m5_optionDetailsStr                                      
20030480  Txtask_m6_optionDetailsStr                                      
20030484  Txtask_m7_optionDetailsStr                                      
20030488  Txtask_m8_optionDetailsStr                                      
2003048c  Txtask_m9_optionDetailsStr                                      
20030490  Txtask_m_optionDetailsStr                                       
20030494  Txtask_p0_optionDetailsStr                                      
20030498  Txtask_p1_optionDetailsStr                                      
2003049c  Txtask_p2_optionDetailsStr                                      
200304a0  Txtask_p3_optionDetailsStr                                      
200304a4  Txtask_p4_optionDetailsStr                                      
200304a8  Txtask_p_optionDetailsStr                                       
200304ac  Txtask_tone_optionDetailsStr                                    
200304b0  Txtask_txp_optionDetailsStr                                     
200304b4  WEP_str                                                         
200304b8  WPA_str                                                         
200304bc  WPS_str                                                         
200304c0  __aeabi_errno                                                   
200304c4  _lock                                                           
200304c8  _unlock                                                         
200304cc  ap_start_DetailsStr                                             
200304d0  ap_start_channel_optionDetailsStr                               
200304d4  ap_start_h_optionDetailsStr                                     
200304d8  ap_start_l_optionDetailsStr                                     
200304dc  ap_start_txp_optionDetailsStr                                   
200304e0  ap_stop_DetailsStr                                              
200304e4  cca_th1_optionDetailStr                                         
200304e8  cca_th2_optionDetailStr                                         
200304ec  cca_th3_optionDetailStr                                         
200304f0  cca_th4_optionDetailStr                                         
200304f4  cca_th5_optionDetailStr                                         
200304f8  cca_th6_optionDetailStr                                         
200304fc  cca_th_optionDetailStr                                          
20030500  clearDetailsStr                                                 
20030504  createFilter_a_optionDetailsStr                                 
20030508  createFilter_e_optionDetailsStr                                 
2003050c  createFilter_f_optionDetailsStr                                 
20030510  createFilter_i_optionDetailsStr                                 
20030514  createFilter_m_optionDetailsStr                                 
20030518  createFilter_o_optionDetailsStr                                 
2003051c  createFilter_v_optionDetailsStr                                 
20030520  creteFilterDetailsStr                                           
20030524  deleteFilterDetailsStr                                          
20030528  descriptionStr                                                  
2003052c  disableFilterDetailsStr                                         
20030530  enableFilterDetailsStr                                          
20030534  enableWoWLANDetailsStr                                          
20030538  enableWoWLAN_Note_optionDetailsStr                              
2003053c  enableWoWLAN_i_optionDetailsStr                                 
20030540  enableWoWLAN_u_optionDetailsStr                                 
20030544  enableWoWLAN_v_optionDetailsStr                                 
20030548  ext_optionStr                                                   
2003054c  gMaxCmd                                                         
20030550  gSpawn_thread                                                   
20030554  g_intHandle                                                     
20030558  g_pCB                                                           
2003055c  gw_optionStr                                                    
20030560  helpDetailsStr                                                  
20030564  help_optaionDetails                                             
20030568  ip_optionStr                                                    
20030570  mDNSAdvertiseDetailsStr                                         
20030574  mDNSAdvertise_n_optionDetailsStr                                
20030578  mDNSAdvertise_p_optionDetailsStr                                
2003057c  mDNSAdvertise_so_optionDetailsStr                               
20030580  mDNSAdvertise_st_optionDetailsStr                               
20030584  mDNSAdvertise_t_optionDetailsStr                                
20030588  mDNSAdvertise_ttl_optionDetailsStr                              
2003058c  mDNSdQueryDetailsStr                                            
20030590  mDNSdQuery_n_optionDetailsStr                                   
20030594  mDNSdQuery_o_optionDetailsStr                                   
20030598  mDNSdQuery_so_optionDetailsStr                                  
2003059c  mDNSdQuery_st_optionDetailsStr                                  
200305a0  nb_optionStr                                                    
200305a4  p2pStartDetailsStr                                              
200305a8  p2pStopDetailsStr                                               
200305ac  pPingCallBackFunc                                               
200305b0  pingDetailsStr                                                  
200305b4  ping_c_optionDetailsStr                                         
200305b8  ping_h_optionDetailsStr                                         
200305bc  ping_i_optionDetailsStr                                         
200305c0  ping_s_optionDetailsStr                                         
200305c4  ping_t_optionDetailsStr                                         
200305c8  priority_optionStr                                              
200305cc  recvDetailsStr                                                  
200305d0  recvUsage1Str                                                   
200305d4  recvUsage2Str                                                   
200305d8  recv_6_optionDetailsStr                                         
200305dc  recv_c_optionDetailsStr                                         
200305e0  recv_nb_optionDetailsStr                                        
200305e4  recv_p_optionDetailsStr                                         
200305e8  recv_s_optionDetailsStr                                         
200305ec  recv_u_optionDetailsStr                                         
200305f0  scanDetailsStr                                                  
200305f4  scan_Note_optionDetailsStr                                      
200305f8  scan_ext_optionDetailsStr                                       
200305fc  scan_n_optionDetailsStr                                         
20030600  sendDetailsStr                                                  
20030604  setPolicyDetailsStr                                             
20030608  setPolicy_c_optionDetailsStr                                    
2003060c  setPolicy_d_optionDetailsStr                                    
20030610  setPolicy_h_optionDetailsStr                                    
20030614  setPolicy_i_optionDetailsStr                                    
20030618  setPolicy_o_optionDetailsStr                                    
2003061c  setPolicy_r_optionDetailsStr                                    
20030620  so_optionStr                                                    
20030624  st_optionStr                                                    
20030628  wlanAddProfileDetailsStr                                        
2003062c  wlanConnectDetailsStr                                           
20030630  wlanConnect_dns_optionDetailsStr                                
20030634  wlanConnect_ent_optionDetailStr                                 
20030638  wlanConnect_gw_optionDetailsStr                                 
2003063c  wlanConnect_ip_optionDetailsStr                                 
20030640  wlanConnect_p_optionDetailsStr                                  
20030644  wlanConnect_s_optionDetailsStr                                  
20030648  wlanConnect_t_optionDetailsStr                                  
2003064c  wlanDisConnectDetailsStr                                        
20030650  wlanGetProfileDetailsStr                                        
20030654  wlanProfile_i_optionDetailsStr                                  
20030658  wlanProfile_mac_optionDetailsStr                                
2003065c  wlanProfile_pr_optionDetailsStr                                 
20030660  e_optionStr                                                     
20030663  f_optionStr                                                     
20030666  g_optionStr                                                     
20030669  h_optionStr                                                     
2003066c  i_optionStr                                                     
2003066f  l_optionStr                                                     
20030672  lineBreak                                                       
20030675  m_optionStr                                                     
20030678  n_optionStr                                                     
2003067b  o_optionStr                                                     
2003067e  p_optionStr                                                     
20030681  r_optionStr                                                     
20030684  s_optionStr                                                     
20030687  t_optionStr                                                     
2003068a  u_optionStr                                                     
2003068d  v_optionStr                                                     
20030690  space_str                                                       
20030800  ti_sysbios_family_arm_m3_Hwi_ramVectors                         
20030b0c  __TI_static_base__                                              
20031724  __TI_Handler_Table_Base                                         
20031730  __TI_Handler_Table_Limit                                        
20031738  __TI_CINIT_Base                                                 
20031748  __TI_CINIT_Limit                                                
20031748  __TI_CINIT_Warm                                                 
ffffffff  __TI_pprof_out_hndl                                             
ffffffff  __TI_prof_data_size                                             
ffffffff  __TI_prof_data_start                                            
ffffffff  __binit__                                                       
ffffffff  binit                                                           
UNDEFED   ITM_flush                                                       
UNDEFED   ITM_restore                                                     
UNDEFED   __c_args__                                                      
UNDEFED   __mpu_init                                                      

[1131 symbols]
