<?xml version="1.0" encoding="ISO-8859-1" ?>
<link_info>
   <banner>TI ARM Clang Linker PC v3.2.2.LTS</banner>
   <copyright>Copyright (c) 1996-2018 Texas Instruments Incorporated</copyright>
   <link_time>0x6765fc55</link_time>
   <link_errors>0x0</link_errors>
   <output_file>C:\Users\caleb\workspace_CCSv12\Irwin_SmartThermostat\MCU+Image\Irwin_SmartThermostat.out</output_file>
   <entry_point>
      <name>resetISR</name>
      <address>0x200114c9</address>
   </entry_point>
   <input_file_list>
      <input_file id="fl-1">
         <path>C:\Users\caleb\workspace_CCSv12\Irwin_SmartThermostat\MCU+Image\.\</path>
         <kind>object</kind>
         <file>main_nortos.o</file>
         <name>main_nortos.o</name>
      </input_file>
      <input_file id="fl-2">
         <path>C:\Users\caleb\workspace_CCSv12\Irwin_SmartThermostat\MCU+Image\.\</path>
         <kind>object</kind>
         <file>smartthermostat.o</file>
         <name>smartthermostat.o</name>
      </input_file>
      <input_file id="fl-3">
         <path>C:\Users\caleb\workspace_CCSv12\Irwin_SmartThermostat\MCU+Image\.\syscfg\</path>
         <kind>object</kind>
         <file>ti_drivers_config.o</file>
         <name>ti_drivers_config.o</name>
      </input_file>
      <input_file id="fl-13">
         <path>C:\Users\caleb\workspace_CCSv12\Irwin_SmartThermostat\MCU+Image\</path>
         <kind>object</kind>
         <file>&lt;internal&gt;</file>
         <name>&lt;internal&gt;</name>
      </input_file>
      <input_file id="fl-14">
         <path>C:\ti\simplelink_cc32xx_sdk_7_10_00_13\source\ti\drivers\lib\ticlang\m4\</path>
         <kind>archive</kind>
         <file>drivers_cc32xx.a</file>
         <name>GPIO.c.obj</name>
      </input_file>
      <input_file id="fl-15">
         <path>C:\ti\simplelink_cc32xx_sdk_7_10_00_13\source\ti\drivers\lib\ticlang\m4\</path>
         <kind>archive</kind>
         <file>drivers_cc32xx.a</file>
         <name>GPIOCC32XX.c.obj</name>
      </input_file>
      <input_file id="fl-16">
         <path>C:\ti\simplelink_cc32xx_sdk_7_10_00_13\source\ti\drivers\lib\ticlang\m4\</path>
         <kind>archive</kind>
         <file>drivers_cc32xx.a</file>
         <name>I2C.c.obj</name>
      </input_file>
      <input_file id="fl-17">
         <path>C:\ti\simplelink_cc32xx_sdk_7_10_00_13\source\ti\drivers\lib\ticlang\m4\</path>
         <kind>archive</kind>
         <file>drivers_cc32xx.a</file>
         <name>I2CCC32XX.c.obj</name>
      </input_file>
      <input_file id="fl-18">
         <path>C:\ti\simplelink_cc32xx_sdk_7_10_00_13\source\ti\drivers\lib\ticlang\m4\</path>
         <kind>archive</kind>
         <file>drivers_cc32xx.a</file>
         <name>PowerCC32XX.c.obj</name>
      </input_file>
      <input_file id="fl-19">
         <path>C:\ti\simplelink_cc32xx_sdk_7_10_00_13\source\ti\drivers\lib\ticlang\m4\</path>
         <kind>archive</kind>
         <file>drivers_cc32xx.a</file>
         <name>PowerCC32XX_ticlang.asm.obj</name>
      </input_file>
      <input_file id="fl-1a">
         <path>C:\ti\simplelink_cc32xx_sdk_7_10_00_13\source\ti\drivers\lib\ticlang\m4\</path>
         <kind>archive</kind>
         <file>drivers_cc32xx.a</file>
         <name>Timer.c.obj</name>
      </input_file>
      <input_file id="fl-1b">
         <path>C:\ti\simplelink_cc32xx_sdk_7_10_00_13\source\ti\drivers\lib\ticlang\m4\</path>
         <kind>archive</kind>
         <file>drivers_cc32xx.a</file>
         <name>TimerCC32XX.c.obj</name>
      </input_file>
      <input_file id="fl-1c">
         <path>C:\ti\simplelink_cc32xx_sdk_7_10_00_13\source\ti\drivers\lib\ticlang\m4\</path>
         <kind>archive</kind>
         <file>drivers_cc32xx.a</file>
         <name>UART2.c.obj</name>
      </input_file>
      <input_file id="fl-1d">
         <path>C:\ti\simplelink_cc32xx_sdk_7_10_00_13\source\ti\drivers\lib\ticlang\m4\</path>
         <kind>archive</kind>
         <file>drivers_cc32xx.a</file>
         <name>UART2CC32XX.c.obj</name>
      </input_file>
      <input_file id="fl-1e">
         <path>C:\ti\simplelink_cc32xx_sdk_7_10_00_13\source\ti\drivers\lib\ticlang\m4\</path>
         <kind>archive</kind>
         <file>drivers_cc32xx.a</file>
         <name>List.c.obj</name>
      </input_file>
      <input_file id="fl-1f">
         <path>C:\ti\simplelink_cc32xx_sdk_7_10_00_13\source\ti\drivers\lib\ticlang\m4\</path>
         <kind>archive</kind>
         <file>drivers_cc32xx.a</file>
         <name>RingBuf.c.obj</name>
      </input_file>
      <input_file id="fl-20">
         <path>C:\ti\simplelink_cc32xx_sdk_7_10_00_13\source\ti\drivers\lib\ticlang\m4\</path>
         <kind>archive</kind>
         <file>drivers_cc32xx.a</file>
         <name>UDMACC32XX.c.obj</name>
      </input_file>
      <input_file id="fl-21">
         <path>C:\ti\simplelink_cc32xx_sdk_7_10_00_13\kernel\nortos\lib\ticlang\m4\</path>
         <kind>archive</kind>
         <file>nortos_cc32xx.a</file>
         <name>NoRTOS.c.obj</name>
      </input_file>
      <input_file id="fl-22">
         <path>C:\ti\simplelink_cc32xx_sdk_7_10_00_13\kernel\nortos\lib\ticlang\m4\</path>
         <kind>archive</kind>
         <file>nortos_cc32xx.a</file>
         <name>SemaphoreP_nortos.c.obj</name>
      </input_file>
      <input_file id="fl-23">
         <path>C:\ti\simplelink_cc32xx_sdk_7_10_00_13\kernel\nortos\lib\ticlang\m4\</path>
         <kind>archive</kind>
         <file>nortos_cc32xx.a</file>
         <name>ClockPSysTick_nortos.c.obj</name>
      </input_file>
      <input_file id="fl-24">
         <path>C:\ti\simplelink_cc32xx_sdk_7_10_00_13\kernel\nortos\lib\ticlang\m4\</path>
         <kind>archive</kind>
         <file>nortos_cc32xx.a</file>
         <name>HwiPCC32XX_nortos.c.obj</name>
      </input_file>
      <input_file id="fl-25">
         <path>C:\ti\simplelink_cc32xx_sdk_7_10_00_13\kernel\nortos\lib\ticlang\m4\</path>
         <kind>archive</kind>
         <file>nortos_cc32xx.a</file>
         <name>PowerCC32XX_nortos.c.obj</name>
      </input_file>
      <input_file id="fl-26">
         <path>C:\ti\simplelink_cc32xx_sdk_7_10_00_13\kernel\nortos\lib\ticlang\m4\</path>
         <kind>archive</kind>
         <file>nortos_cc32xx.a</file>
         <name>startup_cc32xx_ticlang.c.obj</name>
      </input_file>
      <input_file id="fl-27">
         <path>C:\ti\simplelink_cc32xx_sdk_7_10_00_13\kernel\nortos\lib\ticlang\m4\</path>
         <kind>archive</kind>
         <file>nortos_cc32xx.a</file>
         <name>SwiP_nortos.c.obj</name>
      </input_file>
      <input_file id="fl-28">
         <path>C:\ti\simplelink_cc32xx_sdk_7_10_00_13\source\ti\devices\cc32xx\driverlib\ticlang\Release\</path>
         <kind>archive</kind>
         <file>driverlib.a</file>
         <name>cpu.obj</name>
      </input_file>
      <input_file id="fl-29">
         <path>C:\ti\simplelink_cc32xx_sdk_7_10_00_13\source\ti\devices\cc32xx\driverlib\ticlang\Release\</path>
         <kind>archive</kind>
         <file>driverlib.a</file>
         <name>gpio.obj</name>
      </input_file>
      <input_file id="fl-2a">
         <path>C:\ti\simplelink_cc32xx_sdk_7_10_00_13\source\ti\devices\cc32xx\driverlib\ticlang\Release\</path>
         <kind>archive</kind>
         <file>driverlib.a</file>
         <name>hwspinlock.obj</name>
      </input_file>
      <input_file id="fl-2b">
         <path>C:\ti\simplelink_cc32xx_sdk_7_10_00_13\source\ti\devices\cc32xx\driverlib\ticlang\Release\</path>
         <kind>archive</kind>
         <file>driverlib.a</file>
         <name>i2c.obj</name>
      </input_file>
      <input_file id="fl-2c">
         <path>C:\ti\simplelink_cc32xx_sdk_7_10_00_13\source\ti\devices\cc32xx\driverlib\ticlang\Release\</path>
         <kind>archive</kind>
         <file>driverlib.a</file>
         <name>interrupt.obj</name>
      </input_file>
      <input_file id="fl-2d">
         <path>C:\ti\simplelink_cc32xx_sdk_7_10_00_13\source\ti\devices\cc32xx\driverlib\ticlang\Release\</path>
         <kind>archive</kind>
         <file>driverlib.a</file>
         <name>pin.obj</name>
      </input_file>
      <input_file id="fl-2e">
         <path>C:\ti\simplelink_cc32xx_sdk_7_10_00_13\source\ti\devices\cc32xx\driverlib\ticlang\Release\</path>
         <kind>archive</kind>
         <file>driverlib.a</file>
         <name>prcm.obj</name>
      </input_file>
      <input_file id="fl-2f">
         <path>C:\ti\simplelink_cc32xx_sdk_7_10_00_13\source\ti\devices\cc32xx\driverlib\ticlang\Release\</path>
         <kind>archive</kind>
         <file>driverlib.a</file>
         <name>spi.obj</name>
      </input_file>
      <input_file id="fl-30">
         <path>C:\ti\simplelink_cc32xx_sdk_7_10_00_13\source\ti\devices\cc32xx\driverlib\ticlang\Release\</path>
         <kind>archive</kind>
         <file>driverlib.a</file>
         <name>systick.obj</name>
      </input_file>
      <input_file id="fl-31">
         <path>C:\ti\simplelink_cc32xx_sdk_7_10_00_13\source\ti\devices\cc32xx\driverlib\ticlang\Release\</path>
         <kind>archive</kind>
         <file>driverlib.a</file>
         <name>timer.obj</name>
      </input_file>
      <input_file id="fl-32">
         <path>C:\ti\simplelink_cc32xx_sdk_7_10_00_13\source\ti\devices\cc32xx\driverlib\ticlang\Release\</path>
         <kind>archive</kind>
         <file>driverlib.a</file>
         <name>uart.obj</name>
      </input_file>
      <input_file id="fl-33">
         <path>C:\ti\simplelink_cc32xx_sdk_7_10_00_13\source\ti\devices\cc32xx\driverlib\ticlang\Release\</path>
         <kind>archive</kind>
         <file>driverlib.a</file>
         <name>udma.obj</name>
      </input_file>
      <input_file id="fl-34">
         <path>C:\ti\simplelink_cc32xx_sdk_7_10_00_13\source\ti\devices\cc32xx\driverlib\ticlang\Release\</path>
         <kind>archive</kind>
         <file>driverlib.a</file>
         <name>utils.obj</name>
      </input_file>
      <input_file id="fl-35">
         <path>C:\ti\simplelink_cc32xx_sdk_7_10_00_13\source\ti\devices\cc32xx\driverlib\ticlang\Release\</path>
         <kind>archive</kind>
         <file>driverlib.a</file>
         <name>flash.obj</name>
      </input_file>
      <input_file id="fl-44">
         <path>C:\ti\ccs1281\ccs\tools\compiler\ti-cgt-armllvm_3.2.2.LTS\lib\armv7em-ti-none-eabi\c\</path>
         <kind>archive</kind>
         <file>libc.a</file>
         <name>snprintf.c.obj</name>
      </input_file>
      <input_file id="fl-45">
         <path>C:\ti\ccs1281\ccs\tools\compiler\ti-cgt-armllvm_3.2.2.LTS\lib\armv7em-ti-none-eabi\c\</path>
         <kind>archive</kind>
         <file>libc.a</file>
         <name>memory.c.obj</name>
      </input_file>
      <input_file id="fl-46">
         <path>C:\ti\ccs1281\ccs\tools\compiler\ti-cgt-armllvm_3.2.2.LTS\lib\armv7em-ti-none-eabi\c\</path>
         <kind>archive</kind>
         <file>libc.a</file>
         <name>boot_cortex_m.c.obj</name>
      </input_file>
      <input_file id="fl-47">
         <path>C:\ti\ccs1281\ccs\tools\compiler\ti-cgt-armllvm_3.2.2.LTS\lib\armv7em-ti-none-eabi\c\</path>
         <kind>archive</kind>
         <file>libc.a</file>
         <name>mathacl_init.c.obj</name>
      </input_file>
      <input_file id="fl-48">
         <path>C:\ti\ccs1281\ccs\tools\compiler\ti-cgt-armllvm_3.2.2.LTS\lib\armv7em-ti-none-eabi\c\</path>
         <kind>archive</kind>
         <file>libc.a</file>
         <name>autoinit.c.obj</name>
      </input_file>
      <input_file id="fl-49">
         <path>C:\ti\ccs1281\ccs\tools\compiler\ti-cgt-armllvm_3.2.2.LTS\lib\armv7em-ti-none-eabi\c\</path>
         <kind>archive</kind>
         <file>libc.a</file>
         <name>pre_init.c.obj</name>
      </input_file>
      <input_file id="fl-4a">
         <path>C:\ti\ccs1281\ccs\tools\compiler\ti-cgt-armllvm_3.2.2.LTS\lib\armv7em-ti-none-eabi\c\</path>
         <kind>archive</kind>
         <file>libc.a</file>
         <name>cpy_tbl.c.obj</name>
      </input_file>
      <input_file id="fl-4b">
         <path>C:\ti\ccs1281\ccs\tools\compiler\ti-cgt-armllvm_3.2.2.LTS\lib\armv7em-ti-none-eabi\c\</path>
         <kind>archive</kind>
         <file>libc.a</file>
         <name>copy_zero_init.c.obj</name>
      </input_file>
      <input_file id="fl-4c">
         <path>C:\ti\ccs1281\ccs\tools\compiler\ti-cgt-armllvm_3.2.2.LTS\lib\armv7em-ti-none-eabi\c\</path>
         <kind>archive</kind>
         <file>libc.a</file>
         <name>copy_decompress_none.c.obj</name>
      </input_file>
      <input_file id="fl-4d">
         <path>C:\ti\ccs1281\ccs\tools\compiler\ti-cgt-armllvm_3.2.2.LTS\lib\armv7em-ti-none-eabi\c\</path>
         <kind>archive</kind>
         <file>libc.a</file>
         <name>copy_decompress_lzss.c.obj</name>
      </input_file>
      <input_file id="fl-4e">
         <path>C:\ti\ccs1281\ccs\tools\compiler\ti-cgt-armllvm_3.2.2.LTS\lib\armv7em-ti-none-eabi\c\</path>
         <kind>archive</kind>
         <file>libc.a</file>
         <name>_printfi.c.obj</name>
      </input_file>
      <input_file id="fl-4f">
         <path>C:\ti\ccs1281\ccs\tools\compiler\ti-cgt-armllvm_3.2.2.LTS\lib\armv7em-ti-none-eabi\c\</path>
         <kind>archive</kind>
         <file>libc.a</file>
         <name>s_frexp.c.obj</name>
      </input_file>
      <input_file id="fl-50">
         <path>C:\ti\ccs1281\ccs\tools\compiler\ti-cgt-armllvm_3.2.2.LTS\lib\armv7em-ti-none-eabi\c\</path>
         <kind>archive</kind>
         <file>libc.a</file>
         <name>s_scalbn.c.obj</name>
      </input_file>
      <input_file id="fl-51">
         <path>C:\ti\ccs1281\ccs\tools\compiler\ti-cgt-armllvm_3.2.2.LTS\lib\armv7em-ti-none-eabi\c\</path>
         <kind>archive</kind>
         <file>libc.a</file>
         <name>aeabi_portable.c.obj</name>
      </input_file>
      <input_file id="fl-52">
         <path>C:\ti\ccs1281\ccs\tools\compiler\ti-cgt-armllvm_3.2.2.LTS\lib\armv7em-ti-none-eabi\c\</path>
         <kind>archive</kind>
         <file>libc.a</file>
         <name>exit.c.obj</name>
      </input_file>
      <input_file id="fl-53">
         <path>C:\ti\ccs1281\ccs\tools\compiler\ti-cgt-armllvm_3.2.2.LTS\lib\armv7em-ti-none-eabi\c\</path>
         <kind>archive</kind>
         <file>libc.a</file>
         <name>_lock.c.obj</name>
      </input_file>
      <input_file id="fl-54">
         <path>C:\ti\ccs1281\ccs\tools\compiler\ti-cgt-armllvm_3.2.2.LTS\lib\armv7em-ti-none-eabi\c\</path>
         <kind>archive</kind>
         <file>libc.a</file>
         <name>_ltoa.c.obj</name>
      </input_file>
      <input_file id="fl-55">
         <path>C:\ti\ccs1281\ccs\tools\compiler\ti-cgt-armllvm_3.2.2.LTS\lib\armv7em-ti-none-eabi\c\</path>
         <kind>archive</kind>
         <file>libc.a</file>
         <name>args_main.c.obj</name>
      </input_file>
      <input_file id="fl-56">
         <path>C:\ti\ccs1281\ccs\tools\compiler\ti-cgt-armllvm_3.2.2.LTS\lib\armv7em-ti-none-eabi\c\</path>
         <kind>archive</kind>
         <file>libc.a</file>
         <name>assert.c.obj</name>
      </input_file>
      <input_file id="fl-57">
         <path>C:\ti\ccs1281\ccs\tools\compiler\ti-cgt-armllvm_3.2.2.LTS\lib\armv7em-ti-none-eabi\c\</path>
         <kind>archive</kind>
         <file>libc.a</file>
         <name>atoi.c.obj</name>
      </input_file>
      <input_file id="fl-58">
         <path>C:\ti\ccs1281\ccs\tools\compiler\ti-cgt-armllvm_3.2.2.LTS\lib\armv7em-ti-none-eabi\c\</path>
         <kind>archive</kind>
         <file>libc.a</file>
         <name>defs.c.obj</name>
      </input_file>
      <input_file id="fl-59">
         <path>C:\ti\ccs1281\ccs\tools\compiler\ti-cgt-armllvm_3.2.2.LTS\lib\armv7em-ti-none-eabi\c\</path>
         <kind>archive</kind>
         <file>libc.a</file>
         <name>memccpy.c.obj</name>
      </input_file>
      <input_file id="fl-5a">
         <path>C:\ti\ccs1281\ccs\tools\compiler\ti-cgt-armllvm_3.2.2.LTS\lib\armv7em-ti-none-eabi\c\</path>
         <kind>archive</kind>
         <file>libc.a</file>
         <name>wcslen.c.obj</name>
      </input_file>
      <input_file id="fl-5b">
         <path>C:\ti\ccs1281\ccs\tools\compiler\ti-cgt-armllvm_3.2.2.LTS\lib\armv7em-ti-none-eabi\c\</path>
         <kind>archive</kind>
         <file>libc.a</file>
         <name>sprintf.c.obj</name>
      </input_file>
      <input_file id="fl-5c">
         <path>C:\ti\ccs1281\ccs\tools\compiler\ti-cgt-armllvm_3.2.2.LTS\lib\armv7em-ti-none-eabi\c\</path>
         <kind>archive</kind>
         <file>libc.a</file>
         <name>fflush.c.obj</name>
      </input_file>
      <input_file id="fl-5d">
         <path>C:\ti\ccs1281\ccs\tools\compiler\ti-cgt-armllvm_3.2.2.LTS\lib\armv7em-ti-none-eabi\c\</path>
         <kind>archive</kind>
         <file>libc.a</file>
         <name>fputs.c.obj</name>
      </input_file>
      <input_file id="fl-5e">
         <path>C:\ti\ccs1281\ccs\tools\compiler\ti-cgt-armllvm_3.2.2.LTS\lib\armv7em-ti-none-eabi\c\</path>
         <kind>archive</kind>
         <file>libc.a</file>
         <name>_io_perm.c.obj</name>
      </input_file>
      <input_file id="fl-5f">
         <path>C:\ti\ccs1281\ccs\tools\compiler\ti-cgt-armllvm_3.2.2.LTS\lib\armv7em-ti-none-eabi\c\</path>
         <kind>archive</kind>
         <file>libc.a</file>
         <name>setvbuf.c.obj</name>
      </input_file>
      <input_file id="fl-60">
         <path>C:\ti\ccs1281\ccs\tools\compiler\ti-cgt-armllvm_3.2.2.LTS\lib\armv7em-ti-none-eabi\c\</path>
         <kind>archive</kind>
         <file>libc.a</file>
         <name>aeabi_ctype.S.obj</name>
      </input_file>
      <input_file id="fl-61">
         <path>C:\ti\ccs1281\ccs\tools\compiler\ti-cgt-armllvm_3.2.2.LTS\lib\armv7em-ti-none-eabi\c\</path>
         <kind>archive</kind>
         <file>libc.a</file>
         <name>fopen.c.obj</name>
      </input_file>
      <input_file id="fl-62">
         <path>C:\ti\ccs1281\ccs\tools\compiler\ti-cgt-armllvm_3.2.2.LTS\lib\armv7em-ti-none-eabi\c\</path>
         <kind>archive</kind>
         <file>libc.a</file>
         <name>fseek.c.obj</name>
      </input_file>
      <input_file id="fl-63">
         <path>C:\ti\ccs1281\ccs\tools\compiler\ti-cgt-armllvm_3.2.2.LTS\lib\armv7em-ti-none-eabi\c\</path>
         <kind>archive</kind>
         <file>libc.a</file>
         <name>fclose.c.obj</name>
      </input_file>
      <input_file id="fl-c9">
         <path>C:\ti\ccs1281\ccs\tools\compiler\ti-cgt-armllvm_3.2.2.LTS\lib\armv7em-ti-none-eabi\c\</path>
         <kind>archive</kind>
         <file>libsysbm.a</file>
         <name>write.c.obj</name>
      </input_file>
      <input_file id="fl-ca">
         <path>C:\ti\ccs1281\ccs\tools\compiler\ti-cgt-armllvm_3.2.2.LTS\lib\armv7em-ti-none-eabi\c\</path>
         <kind>archive</kind>
         <file>libsysbm.a</file>
         <name>host_device.c.obj</name>
      </input_file>
      <input_file id="fl-cb">
         <path>C:\ti\ccs1281\ccs\tools\compiler\ti-cgt-armllvm_3.2.2.LTS\lib\armv7em-ti-none-eabi\c\</path>
         <kind>archive</kind>
         <file>libsysbm.a</file>
         <name>remove.c.obj</name>
      </input_file>
      <input_file id="fl-cc">
         <path>C:\ti\ccs1281\ccs\tools\compiler\ti-cgt-armllvm_3.2.2.LTS\lib\armv7em-ti-none-eabi\c\</path>
         <kind>archive</kind>
         <file>libsysbm.a</file>
         <name>open.c.obj</name>
      </input_file>
      <input_file id="fl-cd">
         <path>C:\ti\ccs1281\ccs\tools\compiler\ti-cgt-armllvm_3.2.2.LTS\lib\armv7em-ti-none-eabi\c\</path>
         <kind>archive</kind>
         <file>libsysbm.a</file>
         <name>lseek.c.obj</name>
      </input_file>
      <input_file id="fl-ce">
         <path>C:\ti\ccs1281\ccs\tools\compiler\ti-cgt-armllvm_3.2.2.LTS\lib\armv7em-ti-none-eabi\c\</path>
         <kind>archive</kind>
         <file>libsysbm.a</file>
         <name>close.c.obj</name>
      </input_file>
      <input_file id="fl-cf">
         <path>C:\ti\ccs1281\ccs\tools\compiler\ti-cgt-armllvm_3.2.2.LTS\lib\armv7em-ti-none-eabi\c\</path>
         <kind>archive</kind>
         <file>libsysbm.a</file>
         <name>unlink.c.obj</name>
      </input_file>
      <input_file id="fl-d0">
         <path>C:\ti\ccs1281\ccs\tools\compiler\ti-cgt-armllvm_3.2.2.LTS\lib\armv7em-ti-none-eabi\c\</path>
         <kind>archive</kind>
         <file>libsysbm.a</file>
         <name>hostclose.c.obj</name>
      </input_file>
      <input_file id="fl-d1">
         <path>C:\ti\ccs1281\ccs\tools\compiler\ti-cgt-armllvm_3.2.2.LTS\lib\armv7em-ti-none-eabi\c\</path>
         <kind>archive</kind>
         <file>libsysbm.a</file>
         <name>hostlseek.c.obj</name>
      </input_file>
      <input_file id="fl-d2">
         <path>C:\ti\ccs1281\ccs\tools\compiler\ti-cgt-armllvm_3.2.2.LTS\lib\armv7em-ti-none-eabi\c\</path>
         <kind>archive</kind>
         <file>libsysbm.a</file>
         <name>hostopen.c.obj</name>
      </input_file>
      <input_file id="fl-d3">
         <path>C:\ti\ccs1281\ccs\tools\compiler\ti-cgt-armllvm_3.2.2.LTS\lib\armv7em-ti-none-eabi\c\</path>
         <kind>archive</kind>
         <file>libsysbm.a</file>
         <name>hostread.c.obj</name>
      </input_file>
      <input_file id="fl-d4">
         <path>C:\ti\ccs1281\ccs\tools\compiler\ti-cgt-armllvm_3.2.2.LTS\lib\armv7em-ti-none-eabi\c\</path>
         <kind>archive</kind>
         <file>libsysbm.a</file>
         <name>hostrename.c.obj</name>
      </input_file>
      <input_file id="fl-d5">
         <path>C:\ti\ccs1281\ccs\tools\compiler\ti-cgt-armllvm_3.2.2.LTS\lib\armv7em-ti-none-eabi\c\</path>
         <kind>archive</kind>
         <file>libsysbm.a</file>
         <name>hostunlink.c.obj</name>
      </input_file>
      <input_file id="fl-d6">
         <path>C:\ti\ccs1281\ccs\tools\compiler\ti-cgt-armllvm_3.2.2.LTS\lib\armv7em-ti-none-eabi\c\</path>
         <kind>archive</kind>
         <file>libsysbm.a</file>
         <name>hostwrite.c.obj</name>
      </input_file>
      <input_file id="fl-d7">
         <path>C:\ti\ccs1281\ccs\tools\compiler\ti-cgt-armllvm_3.2.2.LTS\lib\armv7em-ti-none-eabi\c\</path>
         <kind>archive</kind>
         <file>libsysbm.a</file>
         <name>trgmsg.c.obj</name>
      </input_file>
      <input_file id="fl-d8">
         <path>C:\ti\ccs1281\ccs\tools\compiler\ti-cgt-armllvm_3.2.2.LTS\lib\clang\15.0.7\lib\armv7em-ti-none-eabi\</path>
         <kind>archive</kind>
         <file>libclang_rt.builtins.a</file>
         <name>adddf3.S.obj</name>
      </input_file>
      <input_file id="fl-d9">
         <path>C:\ti\ccs1281\ccs\tools\compiler\ti-cgt-armllvm_3.2.2.LTS\lib\clang\15.0.7\lib\armv7em-ti-none-eabi\</path>
         <kind>archive</kind>
         <file>libclang_rt.builtins.a</file>
         <name>muldf3.S.obj</name>
      </input_file>
      <input_file id="fl-da">
         <path>C:\ti\ccs1281\ccs\tools\compiler\ti-cgt-armllvm_3.2.2.LTS\lib\clang\15.0.7\lib\armv7em-ti-none-eabi\</path>
         <kind>archive</kind>
         <file>libclang_rt.builtins.a</file>
         <name>divdf3.S.obj</name>
      </input_file>
      <input_file id="fl-db">
         <path>C:\ti\ccs1281\ccs\tools\compiler\ti-cgt-armllvm_3.2.2.LTS\lib\clang\15.0.7\lib\armv7em-ti-none-eabi\</path>
         <kind>archive</kind>
         <file>libclang_rt.builtins.a</file>
         <name>fixdfsi.S.obj</name>
      </input_file>
      <input_file id="fl-dc">
         <path>C:\ti\ccs1281\ccs\tools\compiler\ti-cgt-armllvm_3.2.2.LTS\lib\clang\15.0.7\lib\armv7em-ti-none-eabi\</path>
         <kind>archive</kind>
         <file>libclang_rt.builtins.a</file>
         <name>floatsidf.S.obj</name>
      </input_file>
      <input_file id="fl-dd">
         <path>C:\ti\ccs1281\ccs\tools\compiler\ti-cgt-armllvm_3.2.2.LTS\lib\clang\15.0.7\lib\armv7em-ti-none-eabi\</path>
         <kind>archive</kind>
         <file>libclang_rt.builtins.a</file>
         <name>aeabi_dcmp.S.obj</name>
      </input_file>
      <input_file id="fl-de">
         <path>C:\ti\ccs1281\ccs\tools\compiler\ti-cgt-armllvm_3.2.2.LTS\lib\clang\15.0.7\lib\armv7em-ti-none-eabi\</path>
         <kind>archive</kind>
         <file>libclang_rt.builtins.a</file>
         <name>aeabi_memcpy.S.obj</name>
      </input_file>
      <input_file id="fl-df">
         <path>C:\ti\ccs1281\ccs\tools\compiler\ti-cgt-armllvm_3.2.2.LTS\lib\clang\15.0.7\lib\armv7em-ti-none-eabi\</path>
         <kind>archive</kind>
         <file>libclang_rt.builtins.a</file>
         <name>aeabi_memset.S.obj</name>
      </input_file>
      <input_file id="fl-e0">
         <path>C:\ti\ccs1281\ccs\tools\compiler\ti-cgt-armllvm_3.2.2.LTS\lib\clang\15.0.7\lib\armv7em-ti-none-eabi\</path>
         <kind>archive</kind>
         <file>libclang_rt.builtins.a</file>
         <name>aeabi_uldivmod.S.obj</name>
      </input_file>
      <input_file id="fl-e1">
         <path>C:\ti\ccs1281\ccs\tools\compiler\ti-cgt-armllvm_3.2.2.LTS\lib\clang\15.0.7\lib\armv7em-ti-none-eabi\</path>
         <kind>archive</kind>
         <file>libclang_rt.builtins.a</file>
         <name>udivmoddi4.S.obj</name>
      </input_file>
      <input_file id="fl-e2">
         <path>C:\ti\ccs1281\ccs\tools\compiler\ti-cgt-armllvm_3.2.2.LTS\lib\clang\15.0.7\lib\armv7em-ti-none-eabi\</path>
         <kind>archive</kind>
         <file>libclang_rt.builtins.a</file>
         <name>comparedf2.c.obj</name>
      </input_file>
      <input_file id="fl-e3">
         <path>C:\ti\ccs1281\ccs\tools\compiler\ti-cgt-armllvm_3.2.2.LTS\lib\clang\15.0.7\lib\armv7em-ti-none-eabi\</path>
         <kind>archive</kind>
         <file>libclang_rt.builtins.a</file>
         <name>aeabi_div0.c.obj</name>
      </input_file>
      <input_file id="fl-e4">
         <path>C:\ti\ccs1281\ccs\tools\compiler\ti-cgt-armllvm_3.2.2.LTS\lib\armv7em-ti-none-eabi\c\</path>
         <kind>archive</kind>
         <file>libc.a</file>
         <name>getdevice.c.obj</name>
      </input_file>
      <input_file id="fl-e5">
         <path>C:\ti\ccs1281\ccs\tools\compiler\ti-cgt-armllvm_3.2.2.LTS\lib\armv7em-ti-none-eabi\c\</path>
         <kind>archive</kind>
         <file>libc.a</file>
         <name>strcmp_t2.S.obj</name>
      </input_file>
      <input_file id="fl-e6">
         <path>C:\ti\ccs1281\ccs\tools\compiler\ti-cgt-armllvm_3.2.2.LTS\lib\armv7em-ti-none-eabi\c\</path>
         <kind>archive</kind>
         <file>libc.a</file>
         <name>memcpy_t2.S.obj</name>
      </input_file>
      <input_file id="fl-e7">
         <path>C:\ti\ccs1281\ccs\tools\compiler\ti-cgt-armllvm_3.2.2.LTS\lib\armv7em-ti-none-eabi\c\</path>
         <kind>archive</kind>
         <file>libc.a</file>
         <name>memset_t2.S.obj</name>
      </input_file>
   </input_file_list>
   <object_component_list>
      <object_component id="oc-2ac">
         <name>.text:__TI_printfi_nofloat</name>
         <load_address>0x2000c040</load_address>
         <readonly>true</readonly>
         <executable>true</executable>
         <run_address>0x2000c040</run_address>
         <size>0x86c</size>
         <alignment>0x4</alignment>
         <input_file_ref idref="fl-4e"/>
      </object_component>
      <object_component id="oc-d2">
         <name>.text.PRCMCC3200MCUInit</name>
         <load_address>0x2000c8ac</load_address>
         <readonly>true</readonly>
         <executable>true</executable>
         <run_address>0x2000c8ac</run_address>
         <size>0x4b8</size>
         <alignment>0x2</alignment>
         <input_file_ref idref="fl-2e"/>
      </object_component>
      <object_component id="oc-246">
         <name>.text.Power_sleep</name>
         <load_address>0x2000cd64</load_address>
         <readonly>true</readonly>
         <executable>true</executable>
         <run_address>0x2000cd64</run_address>
         <size>0x3e4</size>
         <alignment>0x4</alignment>
         <input_file_ref idref="fl-18"/>
      </object_component>
      <object_component id="oc-1ec">
         <name>.text.UART2CC32XX_hwiIntFxn</name>
         <load_address>0x2000d148</load_address>
         <readonly>true</readonly>
         <executable>true</executable>
         <run_address>0x2000d148</run_address>
         <size>0x222</size>
         <alignment>0x2</alignment>
         <input_file_ref idref="fl-1d"/>
      </object_component>
      <object_component id="oc-e2">
         <name>.text.Board_initHook</name>
         <load_address>0x2000d36a</load_address>
         <readonly>true</readonly>
         <executable>true</executable>
         <run_address>0x2000d36a</run_address>
         <size>0x2</size>
         <alignment>0x2</alignment>
         <input_file_ref idref="fl-3"/>
      </object_component>
      <object_component id="oc-151">
         <name>.text.UART2_open</name>
         <load_address>0x2000d36c</load_address>
         <readonly>true</readonly>
         <executable>true</executable>
         <run_address>0x2000d36c</run_address>
         <size>0x1cc</size>
         <alignment>0x4</alignment>
         <input_file_ref idref="fl-1d"/>
      </object_component>
      <object_component id="oc-f4">
         <name>.text.initI2C</name>
         <load_address>0x2000d538</load_address>
         <readonly>true</readonly>
         <executable>true</executable>
         <run_address>0x2000d538</run_address>
         <size>0x178</size>
         <alignment>0x4</alignment>
         <input_file_ref idref="fl-2"/>
      </object_component>
      <object_component id="oc-220">
         <name>.text.UART2_writeTimeoutBlocking</name>
         <load_address>0x2000d6b0</load_address>
         <readonly>true</readonly>
         <executable>true</executable>
         <run_address>0x2000d6b0</run_address>
         <size>0x174</size>
         <alignment>0x2</alignment>
         <input_file_ref idref="fl-1c"/>
      </object_component>
      <object_component id="oc-1b3">
         <name>.text.PowerCC32XX_sleepPolicy</name>
         <load_address>0x2000d824</load_address>
         <readonly>true</readonly>
         <executable>true</executable>
         <run_address>0x2000d824</run_address>
         <size>0x150</size>
         <alignment>0x4</alignment>
         <input_file_ref idref="fl-25"/>
      </object_component>
      <object_component id="oc-17e">
         <name>.text.Timer_open</name>
         <load_address>0x2000d974</load_address>
         <readonly>true</readonly>
         <executable>true</executable>
         <run_address>0x2000d974</run_address>
         <size>0x148</size>
         <alignment>0x4</alignment>
         <input_file_ref idref="fl-1b"/>
      </object_component>
      <object_component id="oc-f6">
         <name>.text.GPIO_setConfig</name>
         <load_address>0x2000dabc</load_address>
         <readonly>true</readonly>
         <executable>true</executable>
         <run_address>0x2000dabc</run_address>
         <size>0x140</size>
         <alignment>0x4</alignment>
         <input_file_ref idref="fl-15"/>
      </object_component>
      <object_component id="oc-1fc">
         <name>.text.I2CCC32XX_hwiFxn</name>
         <load_address>0x2000dbfc</load_address>
         <readonly>true</readonly>
         <executable>true</executable>
         <run_address>0x2000dbfc</run_address>
         <size>0x138</size>
         <alignment>0x2</alignment>
         <input_file_ref idref="fl-17"/>
      </object_component>
      <object_component id="oc-b0">
         <name>.text.mainThread</name>
         <load_address>0x2000dd34</load_address>
         <readonly>true</readonly>
         <executable>true</executable>
         <run_address>0x2000dd34</run_address>
         <size>0x12c</size>
         <alignment>0x4</alignment>
         <input_file_ref idref="fl-2"/>
      </object_component>
      <object_component id="oc-205">
         <name>.text.I2C_transferTimeout</name>
         <load_address>0x2000de60</load_address>
         <readonly>true</readonly>
         <executable>true</executable>
         <run_address>0x2000de60</run_address>
         <size>0x126</size>
         <alignment>0x2</alignment>
         <input_file_ref idref="fl-16"/>
      </object_component>
      <object_component id="oc-157">
         <name>.text.I2C_init</name>
         <load_address>0x2000df86</load_address>
         <readonly>true</readonly>
         <executable>true</executable>
         <run_address>0x2000df86</run_address>
         <size>0x2</size>
         <alignment>0x2</alignment>
         <input_file_ref idref="fl-16"/>
      </object_component>
      <object_component id="oc-2c7">
         <name>.text.aligned_alloc</name>
         <load_address>0x2000df88</load_address>
         <readonly>true</readonly>
         <executable>true</executable>
         <run_address>0x2000df88</run_address>
         <size>0x120</size>
         <alignment>0x4</alignment>
         <input_file_ref idref="fl-45"/>
      </object_component>
      <object_component id="oc-21f">
         <name>.text.UART2_writeTimeoutNonblocking</name>
         <load_address>0x2000e0a8</load_address>
         <readonly>true</readonly>
         <executable>true</executable>
         <run_address>0x2000e0a8</run_address>
         <size>0x11a</size>
         <alignment>0x2</alignment>
         <input_file_ref idref="fl-1c"/>
      </object_component>
      <object_component id="oc-308">
         <name>.text.uDMAChannelTransferSet</name>
         <load_address>0x2000e1c2</load_address>
         <readonly>true</readonly>
         <executable>true</executable>
         <run_address>0x2000e1c2</run_address>
         <size>0x112</size>
         <alignment>0x2</alignment>
         <input_file_ref idref="fl-33"/>
      </object_component>
      <object_component id="oc-225">
         <name>.text.__muldf3</name>
         <load_address>0x2000e2d4</load_address>
         <readonly>true</readonly>
         <executable>true</executable>
         <run_address>0x2000e2d4</run_address>
         <size>0xfc</size>
         <alignment>0x4</alignment>
         <input_file_ref idref="fl-d9"/>
      </object_component>
      <object_component id="oc-1ba">
         <name>.text.free</name>
         <load_address>0x2000e3d0</load_address>
         <readonly>true</readonly>
         <executable>true</executable>
         <run_address>0x2000e3d0</run_address>
         <size>0xf0</size>
         <alignment>0x4</alignment>
         <input_file_ref idref="fl-45"/>
      </object_component>
      <object_component id="oc-15d">
         <name>.text.I2C_open</name>
         <load_address>0x2000e4c0</load_address>
         <readonly>true</readonly>
         <executable>true</executable>
         <run_address>0x2000e4c0</run_address>
         <size>0xe8</size>
         <alignment>0x4</alignment>
         <input_file_ref idref="fl-17"/>
      </object_component>
      <object_component id="oc-1e7">
         <name>.text.UART2_close</name>
         <load_address>0x2000e5a8</load_address>
         <readonly>true</readonly>
         <executable>true</executable>
         <run_address>0x2000e5a8</run_address>
         <size>0xe8</size>
         <alignment>0x4</alignment>
         <input_file_ref idref="fl-1d"/>
      </object_component>
      <object_component id="oc-28f">
         <name>.text.UART2Support_dmaStartRx</name>
         <load_address>0x2000e690</load_address>
         <readonly>true</readonly>
         <executable>true</executable>
         <run_address>0x2000e690</run_address>
         <size>0xcc</size>
         <alignment>0x4</alignment>
         <input_file_ref idref="fl-1d"/>
      </object_component>
      <object_component id="oc-2fd">
         <name>.text.IntDisable</name>
         <load_address>0x2000e75c</load_address>
         <readonly>true</readonly>
         <executable>true</executable>
         <run_address>0x2000e75c</run_address>
         <size>0xc8</size>
         <alignment>0x2</alignment>
         <input_file_ref idref="fl-2c"/>
      </object_component>
      <object_component id="oc-278">
         <name>.text.IntEnable</name>
         <load_address>0x2000e824</load_address>
         <readonly>true</readonly>
         <executable>true</executable>
         <run_address>0x2000e824</run_address>
         <size>0xc8</size>
         <alignment>0x2</alignment>
         <input_file_ref idref="fl-2c"/>
      </object_component>
      <object_component id="oc-1e3">
         <name>.text.UART2CC32XX_initHw</name>
         <load_address>0x2000e8ec</load_address>
         <readonly>true</readonly>
         <executable>true</executable>
         <run_address>0x2000e8ec</run_address>
         <size>0xc4</size>
         <alignment>0x4</alignment>
         <input_file_ref idref="fl-1d"/>
      </object_component>
      <object_component id="oc-292">
         <name>.text.UART2Support_dmaStartTx</name>
         <load_address>0x2000e9b0</load_address>
         <readonly>true</readonly>
         <executable>true</executable>
         <run_address>0x2000e9b0</run_address>
         <size>0xb8</size>
         <alignment>0x4</alignment>
         <input_file_ref idref="fl-1d"/>
      </object_component>
      <object_component id="oc-2d8">
         <name>.text</name>
         <load_address>0x2000ea68</load_address>
         <readonly>true</readonly>
         <executable>true</executable>
         <run_address>0x2000ea68</run_address>
         <size>0xb0</size>
         <alignment>0x4</alignment>
         <input_file_ref idref="fl-e1"/>
      </object_component>
      <object_component id="oc-21b">
         <name>.text.GPIOIntTypeSet</name>
         <load_address>0x2000eb18</load_address>
         <readonly>true</readonly>
         <executable>true</executable>
         <run_address>0x2000eb18</run_address>
         <size>0xac</size>
         <alignment>0x2</alignment>
         <input_file_ref idref="fl-29"/>
      </object_component>
      <object_component id="oc-34e">
         <name>.text.IntPendSet</name>
         <load_address>0x2000ebc4</load_address>
         <readonly>true</readonly>
         <executable>true</executable>
         <run_address>0x2000ebc4</run_address>
         <size>0xa4</size>
         <alignment>0x2</alignment>
         <input_file_ref idref="fl-2c"/>
      </object_component>
      <object_component id="oc-198">
         <name>.text.readTemp</name>
         <load_address>0x2000ec68</load_address>
         <readonly>true</readonly>
         <executable>true</executable>
         <run_address>0x2000ec68</run_address>
         <size>0xa4</size>
         <alignment>0x4</alignment>
         <input_file_ref idref="fl-2"/>
      </object_component>
      <object_component id="oc-188">
         <name>.text.PinConfigSet</name>
         <load_address>0x2000ed0c</load_address>
         <readonly>true</readonly>
         <executable>true</executable>
         <run_address>0x2000ed0c</run_address>
         <size>0xa2</size>
         <alignment>0x2</alignment>
         <input_file_ref idref="fl-2d"/>
      </object_component>
      <object_component id="oc-2a5">
         <name>.text.I2CCC32XX_completeTransfer</name>
         <load_address>0x2000edae</load_address>
         <readonly>true</readonly>
         <executable>true</executable>
         <run_address>0x2000edae</run_address>
         <size>0x9c</size>
         <alignment>0x2</alignment>
         <input_file_ref idref="fl-17"/>
      </object_component>
      <object_component id="oc-296">
         <name>.text.I2CMasterInitExpClk</name>
         <load_address>0x2000ee4a</load_address>
         <readonly>true</readonly>
         <executable>true</executable>
         <run_address>0x2000ee4a</run_address>
         <size>0x98</size>
         <alignment>0x2</alignment>
         <input_file_ref idref="fl-2b"/>
      </object_component>
      <object_component id="oc-1ae">
         <name>.text.PowerCC32XX_initPolicy</name>
         <load_address>0x2000eee2</load_address>
         <readonly>true</readonly>
         <executable>true</executable>
         <run_address>0x2000eee2</run_address>
         <size>0x2</size>
         <alignment>0x2</alignment>
         <input_file_ref idref="fl-25"/>
      </object_component>
      <object_component id="oc-139">
         <name>.text.SemaphoreP_pend</name>
         <load_address>0x2000eee4</load_address>
         <readonly>true</readonly>
         <executable>true</executable>
         <run_address>0x2000eee4</run_address>
         <size>0x98</size>
         <alignment>0x4</alignment>
         <input_file_ref idref="fl-22"/>
      </object_component>
      <object_component id="oc-24d">
         <name>.text.ClockP_doTick</name>
         <load_address>0x2000ef7c</load_address>
         <readonly>true</readonly>
         <executable>true</executable>
         <run_address>0x2000ef7c</run_address>
         <size>0x4</size>
         <alignment>0x2</alignment>
         <input_file_ref idref="fl-23"/>
      </object_component>
      <object_component id="oc-2e4">
         <name>.text</name>
         <load_address>0x2000ef80</load_address>
         <readonly>true</readonly>
         <executable>true</executable>
         <run_address>0x2000ef80</run_address>
         <size>0x96</size>
         <alignment>0x10</alignment>
         <input_file_ref idref="fl-19"/>
      </object_component>
      <object_component id="oc-271">
         <name>.text.uDMAChannelAttributeDisable</name>
         <load_address>0x2000f016</load_address>
         <readonly>true</readonly>
         <executable>true</executable>
         <run_address>0x2000f016</run_address>
         <size>0x92</size>
         <alignment>0x2</alignment>
         <input_file_ref idref="fl-33"/>
      </object_component>
      <object_component id="oc-dc">
         <name>.text.GPIO_init</name>
         <load_address>0x2000f0a8</load_address>
         <readonly>true</readonly>
         <executable>true</executable>
         <run_address>0x2000f0a8</run_address>
         <size>0x90</size>
         <alignment>0x4</alignment>
         <input_file_ref idref="fl-15"/>
      </object_component>
      <object_component id="oc-118">
         <name>.text.PRCMSysResetCauseGet</name>
         <load_address>0x2000f138</load_address>
         <readonly>true</readonly>
         <executable>true</executable>
         <run_address>0x2000f138</run_address>
         <size>0x8e</size>
         <alignment>0x2</alignment>
         <input_file_ref idref="fl-2e"/>
      </object_component>
      <object_component id="oc-281">
         <name>.text.SemaphoreP_destruct</name>
         <load_address>0x2000f1c6</load_address>
         <readonly>true</readonly>
         <executable>true</executable>
         <run_address>0x2000f1c6</run_address>
         <size>0x2</size>
         <alignment>0x2</alignment>
         <input_file_ref idref="fl-22"/>
      </object_component>
      <object_component id="oc-12a">
         <name>.text.PowerCC32XX_configureWakeup</name>
         <load_address>0x2000f1c8</load_address>
         <readonly>true</readonly>
         <executable>true</executable>
         <run_address>0x2000f1c8</run_address>
         <size>0x88</size>
         <alignment>0x4</alignment>
         <input_file_ref idref="fl-18"/>
      </object_component>
      <object_component id="oc-2a2">
         <name>.text.I2CCC32XX_primeReadBurst</name>
         <load_address>0x2000f250</load_address>
         <readonly>true</readonly>
         <executable>true</executable>
         <run_address>0x2000f250</run_address>
         <size>0x7a</size>
         <alignment>0x2</alignment>
         <input_file_ref idref="fl-17"/>
      </object_component>
      <object_component id="oc-177">
         <name>.text.Timer_init</name>
         <load_address>0x2000f2ca</load_address>
         <readonly>true</readonly>
         <executable>true</executable>
         <run_address>0x2000f2ca</run_address>
         <size>0x2</size>
         <alignment>0x2</alignment>
         <input_file_ref idref="fl-1a"/>
      </object_component>
      <object_component id="oc-d7">
         <name>.text.Power_init</name>
         <load_address>0x2000f2cc</load_address>
         <readonly>true</readonly>
         <executable>true</executable>
         <run_address>0x2000f2cc</run_address>
         <size>0x78</size>
         <alignment>0x4</alignment>
         <input_file_ref idref="fl-18"/>
      </object_component>
      <object_component id="oc-1e5">
         <name>.text.HwiP_construct</name>
         <load_address>0x2000f344</load_address>
         <readonly>true</readonly>
         <executable>true</executable>
         <run_address>0x2000f344</run_address>
         <size>0x74</size>
         <alignment>0x4</alignment>
         <input_file_ref idref="fl-24"/>
      </object_component>
      <object_component id="oc-1ab">
         <name>.text.PRCMHibernateWakeUpGPIOSelect</name>
         <load_address>0x2000f3b8</load_address>
         <readonly>true</readonly>
         <executable>true</executable>
         <run_address>0x2000f3b8</run_address>
         <size>0x74</size>
         <alignment>0x2</alignment>
         <input_file_ref idref="fl-2e"/>
      </object_component>
      <object_component id="oc-266">
         <name>.text.UARTConfigSetExpClk</name>
         <load_address>0x2000f42c</load_address>
         <readonly>true</readonly>
         <executable>true</executable>
         <run_address>0x2000f42c</run_address>
         <size>0x74</size>
         <alignment>0x2</alignment>
         <input_file_ref idref="fl-32"/>
      </object_component>
      <object_component id="oc-18">
         <name>.text:decompress:lzss</name>
         <load_address>0x2000f4a0</load_address>
         <readonly>true</readonly>
         <executable>true</executable>
         <run_address>0x2000f4a0</run_address>
         <size>0x70</size>
         <alignment>0x2</alignment>
         <input_file_ref idref="fl-4d"/>
      </object_component>
      <object_component id="oc-2e2">
         <name>.text.PinLockLevelSet</name>
         <load_address>0x2000f510</load_address>
         <readonly>true</readonly>
         <executable>true</executable>
         <run_address>0x2000f510</run_address>
         <size>0x6c</size>
         <alignment>0x2</alignment>
         <input_file_ref idref="fl-2d"/>
      </object_component>
      <object_component id="oc-189">
         <name>.text.Power_setDependency</name>
         <load_address>0x2000f57c</load_address>
         <readonly>true</readonly>
         <executable>true</executable>
         <run_address>0x2000f57c</run_address>
         <size>0x6c</size>
         <alignment>0x4</alignment>
         <input_file_ref idref="fl-18"/>
      </object_component>
      <object_component id="oc-1e1">
         <name>.text.UDMACC32XX_open</name>
         <load_address>0x2000f5e8</load_address>
         <readonly>true</readonly>
         <executable>true</executable>
         <run_address>0x2000f5e8</run_address>
         <size>0x6c</size>
         <alignment>0x4</alignment>
         <input_file_ref idref="fl-20"/>
      </object_component>
      <object_component id="oc-f5">
         <name>.text.initTimer</name>
         <load_address>0x2000f654</load_address>
         <readonly>true</readonly>
         <executable>true</executable>
         <run_address>0x2000f654</run_address>
         <size>0x6c</size>
         <alignment>0x4</alignment>
         <input_file_ref idref="fl-2"/>
      </object_component>
      <object_component id="oc-140">
         <name>.text.powerNotifyFxn</name>
         <load_address>0x2000f6c0</load_address>
         <readonly>true</readonly>
         <executable>true</executable>
         <run_address>0x2000f6c0</run_address>
         <size>0x6c</size>
         <alignment>0x4</alignment>
         <input_file_ref idref="fl-15"/>
      </object_component>
      <object_component id="oc-337">
         <name>.text.split</name>
         <load_address>0x2000f72c</load_address>
         <readonly>true</readonly>
         <executable>true</executable>
         <run_address>0x2000f72c</run_address>
         <size>0x6c</size>
         <alignment>0x4</alignment>
         <input_file_ref idref="fl-45"/>
      </object_component>
      <object_component id="oc-120">
         <name>.text.PRCMPeripheralReset</name>
         <load_address>0x2000f798</load_address>
         <readonly>true</readonly>
         <executable>true</executable>
         <run_address>0x2000f798</run_address>
         <size>0x6a</size>
         <alignment>0x2</alignment>
         <input_file_ref idref="fl-2e"/>
      </object_component>
      <object_component id="oc-1ea">
         <name>.text.UART2CC32XX_eventCallback</name>
         <load_address>0x2000f802</load_address>
         <readonly>true</readonly>
         <executable>true</executable>
         <run_address>0x2000f802</run_address>
         <size>0x2</size>
         <alignment>0x2</alignment>
         <input_file_ref idref="fl-1d"/>
      </object_component>
      <object_component id="oc-1f7">
         <name>.text.I2CCC32XX_initHw</name>
         <load_address>0x2000f804</load_address>
         <readonly>true</readonly>
         <executable>true</executable>
         <run_address>0x2000f804</run_address>
         <size>0x68</size>
         <alignment>0x4</alignment>
         <input_file_ref idref="fl-17"/>
      </object_component>
      <object_component id="oc-275">
         <name>.text.IntPendClear</name>
         <load_address>0x2000f86c</load_address>
         <readonly>true</readonly>
         <executable>true</executable>
         <run_address>0x2000f86c</run_address>
         <size>0x68</size>
         <alignment>0x2</alignment>
         <input_file_ref idref="fl-2c"/>
      </object_component>
      <object_component id="oc-2a3">
         <name>.text.I2CCC32XX_primeWriteBurst</name>
         <load_address>0x2000f8d4</load_address>
         <readonly>true</readonly>
         <executable>true</executable>
         <run_address>0x2000f8d4</run_address>
         <size>0x66</size>
         <alignment>0x2</alignment>
         <input_file_ref idref="fl-17"/>
      </object_component>
      <object_component id="oc-33d">
         <name>.text.__aeabi_ldiv0</name>
         <load_address>0x2000f93a</load_address>
         <readonly>true</readonly>
         <executable>true</executable>
         <run_address>0x2000f93a</run_address>
         <size>0x2</size>
         <alignment>0x2</alignment>
         <input_file_ref idref="fl-e3"/>
      </object_component>
      <object_component id="oc-197">
         <name>.text.GPIO_write</name>
         <load_address>0x2000f93c</load_address>
         <readonly>true</readonly>
         <executable>true</executable>
         <run_address>0x2000f93c</run_address>
         <size>0x60</size>
         <alignment>0x4</alignment>
         <input_file_ref idref="fl-15"/>
      </object_component>
      <object_component id="oc-291">
         <name>.text.UART2Support_dmaStopTx</name>
         <load_address>0x2000f99c</load_address>
         <readonly>true</readonly>
         <executable>true</executable>
         <run_address>0x2000f99c</run_address>
         <size>0x60</size>
         <alignment>0x2</alignment>
         <input_file_ref idref="fl-1d"/>
      </object_component>
      <object_component id="oc-349">
         <name>.text.FlashDisable</name>
         <load_address>0x2000f9fc</load_address>
         <readonly>true</readonly>
         <executable>true</executable>
         <run_address>0x2000f9fc</run_address>
         <size>0x5c</size>
         <alignment>0x2</alignment>
         <input_file_ref idref="fl-35"/>
      </object_component>
      <object_component id="oc-2b0">
         <name>.text.I2CSupport_primeTransfer</name>
         <load_address>0x2000fa58</load_address>
         <readonly>true</readonly>
         <executable>true</executable>
         <run_address>0x2000fa58</run_address>
         <size>0x5c</size>
         <alignment>0x2</alignment>
         <input_file_ref idref="fl-17"/>
      </object_component>
      <object_component id="oc-1ad">
         <name>.text.PRCMHibernateWakeupSourceDisable</name>
         <load_address>0x2000fab4</load_address>
         <readonly>true</readonly>
         <executable>true</executable>
         <run_address>0x2000fab4</run_address>
         <size>0x5c</size>
         <alignment>0x2</alignment>
         <input_file_ref idref="fl-2e"/>
      </object_component>
      <object_component id="oc-20c">
         <name>.text.TimerCC32XX_allocateTimerResource</name>
         <load_address>0x2000fb10</load_address>
         <readonly>true</readonly>
         <executable>true</executable>
         <run_address>0x2000fb10</run_address>
         <size>0x5c</size>
         <alignment>0x4</alignment>
         <input_file_ref idref="fl-1b"/>
      </object_component>
      <object_component id="oc-11f">
         <name>.text.PRCMPeripheralClkEnable</name>
         <load_address>0x2000fb6c</load_address>
         <readonly>true</readonly>
         <executable>true</executable>
         <run_address>0x2000fb6c</run_address>
         <size>0x5a</size>
         <alignment>0x2</alignment>
         <input_file_ref idref="fl-2e"/>
      </object_component>
      <object_component id="oc-199">
         <name>.text._nop</name>
         <load_address>0x2000fbc6</load_address>
         <readonly>true</readonly>
         <executable>true</executable>
         <run_address>0x2000fbc6</run_address>
         <size>0x2</size>
         <alignment>0x2</alignment>
         <input_file_ref idref="fl-53"/>
      </object_component>
      <object_component id="oc-2d6">
         <name>.text.ClockP_startup</name>
         <load_address>0x2000fbc8</load_address>
         <readonly>true</readonly>
         <executable>true</executable>
         <run_address>0x2000fbc8</run_address>
         <size>0x58</size>
         <alignment>0x4</alignment>
         <input_file_ref idref="fl-23"/>
      </object_component>
      <object_component id="oc-277">
         <name>.text.IntPrioritySet</name>
         <load_address>0x2000fc20</load_address>
         <readonly>true</readonly>
         <executable>true</executable>
         <run_address>0x2000fc20</run_address>
         <size>0x58</size>
         <alignment>0x2</alignment>
         <input_file_ref idref="fl-2c"/>
      </object_component>
      <object_component id="oc-2ee">
         <name>.text.PRCMLPDSEnter</name>
         <load_address>0x2000fc78</load_address>
         <readonly>true</readonly>
         <executable>true</executable>
         <run_address>0x2000fc78</run_address>
         <size>0x56</size>
         <alignment>0x2</alignment>
         <input_file_ref idref="fl-2e"/>
      </object_component>
      <object_component id="oc-57">
         <name>.text.busFaultHandler</name>
         <load_address>0x2000fcce</load_address>
         <readonly>true</readonly>
         <executable>true</executable>
         <run_address>0x2000fcce</run_address>
         <size>0x2</size>
         <alignment>0x2</alignment>
         <input_file_ref idref="fl-26"/>
      </object_component>
      <object_component id="oc-1cd">
         <name>.text.PowerCC32XX_setParkState</name>
         <load_address>0x2000fcd0</load_address>
         <readonly>true</readonly>
         <executable>true</executable>
         <run_address>0x2000fcd0</run_address>
         <size>0x54</size>
         <alignment>0x4</alignment>
         <input_file_ref idref="fl-18"/>
      </object_component>
      <object_component id="oc-284">
         <name>.text.Power_releaseDependency</name>
         <load_address>0x2000fd24</load_address>
         <readonly>true</readonly>
         <executable>true</executable>
         <run_address>0x2000fd24</run_address>
         <size>0x54</size>
         <alignment>0x4</alignment>
         <input_file_ref idref="fl-18"/>
      </object_component>
      <object_component id="oc-191">
         <name>.text.GPIO_hwiIntFxn</name>
         <load_address>0x2000fd78</load_address>
         <readonly>true</readonly>
         <executable>true</executable>
         <run_address>0x2000fd78</run_address>
         <size>0x50</size>
         <alignment>0x4</alignment>
         <input_file_ref idref="fl-15"/>
      </object_component>
      <object_component id="oc-1ac">
         <name>.text.PRCMHibernateWakeupSourceEnable</name>
         <load_address>0x2000fdc8</load_address>
         <readonly>true</readonly>
         <executable>true</executable>
         <run_address>0x2000fdc8</run_address>
         <size>0x50</size>
         <alignment>0x2</alignment>
         <input_file_ref idref="fl-2e"/>
      </object_component>
      <object_component id="oc-24f">
         <name>.text.SemaphoreP_construct</name>
         <load_address>0x2000fe18</load_address>
         <readonly>true</readonly>
         <executable>true</executable>
         <run_address>0x2000fe18</run_address>
         <size>0x50</size>
         <alignment>0x4</alignment>
         <input_file_ref idref="fl-22"/>
      </object_component>
      <object_component id="oc-270">
         <name>.text.uDMAChannelAssign</name>
         <load_address>0x2000fe68</load_address>
         <readonly>true</readonly>
         <executable>true</executable>
         <run_address>0x2000fe68</run_address>
         <size>0x4e</size>
         <alignment>0x2</alignment>
         <input_file_ref idref="fl-33"/>
      </object_component>
      <object_component id="oc-1c1">
         <name>.text.clkFxn</name>
         <load_address>0x2000feb6</load_address>
         <readonly>true</readonly>
         <executable>true</executable>
         <run_address>0x2000feb6</run_address>
         <size>0x2</size>
         <alignment>0x2</alignment>
         <input_file_ref idref="fl-22"/>
      </object_component>
      <object_component id="oc-18e">
         <name>.text.GPIO_setInterruptConfig</name>
         <load_address>0x2000feb8</load_address>
         <readonly>true</readonly>
         <executable>true</executable>
         <run_address>0x2000feb8</run_address>
         <size>0x4c</size>
         <alignment>0x4</alignment>
         <input_file_ref idref="fl-15"/>
      </object_component>
      <object_component id="oc-347">
         <name>.text.PRCMLPDSRestoreInfoSet</name>
         <load_address>0x2000ff04</load_address>
         <readonly>true</readonly>
         <executable>true</executable>
         <run_address>0x2000ff04</run_address>
         <size>0x4c</size>
         <alignment>0x2</alignment>
         <input_file_ref idref="fl-2e"/>
      </object_component>
      <object_component id="oc-103">
         <name>.text.UARTUpdate</name>
         <load_address>0x2000ff50</load_address>
         <readonly>true</readonly>
         <executable>true</executable>
         <run_address>0x2000ff50</run_address>
         <size>0x4c</size>
         <alignment>0x4</alignment>
         <input_file_ref idref="fl-2"/>
      </object_component>
      <object_component id="oc-210">
         <name>.text.initHw</name>
         <load_address>0x2000ff9c</load_address>
         <readonly>true</readonly>
         <executable>true</executable>
         <run_address>0x2000ff9c</run_address>
         <size>0x4c</size>
         <alignment>0x2</alignment>
         <input_file_ref idref="fl-1b"/>
      </object_component>
      <object_component id="oc-28d">
         <name>.text.UART2Support_dmaStopRx</name>
         <load_address>0x2000ffe8</load_address>
         <readonly>true</readonly>
         <executable>true</executable>
         <run_address>0x2000ffe8</run_address>
         <size>0x4a</size>
         <alignment>0x2</alignment>
         <input_file_ref idref="fl-1d"/>
      </object_component>
      <object_component id="oc-20f">
         <name>.text.getPrescaler</name>
         <load_address>0x20010032</load_address>
         <readonly>true</readonly>
         <executable>true</executable>
         <run_address>0x20010032</run_address>
         <size>0x4a</size>
         <alignment>0x2</alignment>
         <input_file_ref idref="fl-1b"/>
      </object_component>
      <object_component id="oc-304">
         <name>.text.uDMAChannelSizeGet</name>
         <load_address>0x2001007c</load_address>
         <readonly>true</readonly>
         <executable>true</executable>
         <run_address>0x2001007c</run_address>
         <size>0x4a</size>
         <alignment>0x2</alignment>
         <input_file_ref idref="fl-33"/>
      </object_component>
      <object_component id="oc-56">
         <name>.text.defaultHandler</name>
         <load_address>0x200100c6</load_address>
         <readonly>true</readonly>
         <executable>true</executable>
         <run_address>0x200100c6</run_address>
         <size>0x2</size>
         <alignment>0x2</alignment>
         <input_file_ref idref="fl-26"/>
      </object_component>
      <object_component id="oc-58">
         <name>.text.ClockP_sysTickHandler</name>
         <load_address>0x200100c8</load_address>
         <readonly>true</readonly>
         <executable>true</executable>
         <run_address>0x200100c8</run_address>
         <size>0x48</size>
         <alignment>0x4</alignment>
         <input_file_ref idref="fl-23"/>
      </object_component>
      <object_component id="oc-2e8">
         <name>.text.PRCMIntEnable</name>
         <load_address>0x20010110</load_address>
         <readonly>true</readonly>
         <executable>true</executable>
         <run_address>0x20010110</run_address>
         <size>0x48</size>
         <alignment>0x2</alignment>
         <input_file_ref idref="fl-2e"/>
      </object_component>
      <object_component id="oc-219">
         <name>.text.PRCMPeripheralStatusGet</name>
         <load_address>0x20010158</load_address>
         <readonly>true</readonly>
         <executable>true</executable>
         <run_address>0x20010158</run_address>
         <size>0x48</size>
         <alignment>0x2</alignment>
         <input_file_ref idref="fl-2e"/>
      </object_component>
      <object_component id="oc-344">
         <name>.text.PinConfigGet</name>
         <load_address>0x200101a0</load_address>
         <readonly>true</readonly>
         <executable>true</executable>
         <run_address>0x200101a0</run_address>
         <size>0x48</size>
         <alignment>0x2</alignment>
         <input_file_ref idref="fl-2d"/>
      </object_component>
      <object_component id="oc-229">
         <name>.text.__fixdfsi</name>
         <load_address>0x200101e8</load_address>
         <readonly>true</readonly>
         <executable>true</executable>
         <run_address>0x200101e8</run_address>
         <size>0x48</size>
         <alignment>0x4</alignment>
         <input_file_ref idref="fl-db"/>
      </object_component>
      <object_component id="oc-2a1">
         <name>.text.I2CCC32XX_fillTransmitFifo</name>
         <load_address>0x20010230</load_address>
         <readonly>true</readonly>
         <executable>true</executable>
         <run_address>0x20010230</run_address>
         <size>0x46</size>
         <alignment>0x2</alignment>
         <input_file_ref idref="fl-17"/>
      </object_component>
      <object_component id="oc-2ed">
         <name>.text.PRCMLPDSEnterKeepDebugIf</name>
         <load_address>0x20010276</load_address>
         <readonly>true</readonly>
         <executable>true</executable>
         <run_address>0x20010276</run_address>
         <size>0x46</size>
         <alignment>0x2</alignment>
         <input_file_ref idref="fl-2e"/>
      </object_component>
      <object_component id="oc-302">
         <name>.text.RingBuf_put</name>
         <load_address>0x200102bc</load_address>
         <readonly>true</readonly>
         <executable>true</executable>
         <run_address>0x200102bc</run_address>
         <size>0x46</size>
         <alignment>0x2</alignment>
         <input_file_ref idref="fl-1f"/>
      </object_component>
      <object_component id="oc-18c">
         <name>.text.GPIODirModeSet</name>
         <load_address>0x20010302</load_address>
         <readonly>true</readonly>
         <executable>true</executable>
         <run_address>0x20010302</run_address>
         <size>0x44</size>
         <alignment>0x2</alignment>
         <input_file_ref idref="fl-29"/>
      </object_component>
      <object_component id="oc-55">
         <name>.text.faultISR</name>
         <load_address>0x20010346</load_address>
         <readonly>true</readonly>
         <executable>true</executable>
         <run_address>0x20010346</run_address>
         <size>0x2</size>
         <alignment>0x2</alignment>
         <input_file_ref idref="fl-26"/>
      </object_component>
      <object_component id="oc-21c">
         <name>.text.GPIO_disableInt</name>
         <load_address>0x20010348</load_address>
         <readonly>true</readonly>
         <executable>true</executable>
         <run_address>0x20010348</run_address>
         <size>0x44</size>
         <alignment>0x4</alignment>
         <input_file_ref idref="fl-15"/>
      </object_component>
      <object_component id="oc-f2">
         <name>.text.GPIO_enableInt</name>
         <load_address>0x2001038c</load_address>
         <readonly>true</readonly>
         <executable>true</executable>
         <run_address>0x2001038c</run_address>
         <size>0x44</size>
         <alignment>0x4</alignment>
         <input_file_ref idref="fl-15"/>
      </object_component>
      <object_component id="oc-290">
         <name>.text.Power_releaseConstraint</name>
         <load_address>0x200103d0</load_address>
         <readonly>true</readonly>
         <executable>true</executable>
         <run_address>0x200103d0</run_address>
         <size>0x44</size>
         <alignment>0x4</alignment>
         <input_file_ref idref="fl-18"/>
      </object_component>
      <object_component id="oc-184">
         <name>.text.Timer_start</name>
         <load_address>0x20010414</load_address>
         <readonly>true</readonly>
         <executable>true</executable>
         <run_address>0x20010414</run_address>
         <size>0x44</size>
         <alignment>0x2</alignment>
         <input_file_ref idref="fl-1a"/>
      </object_component>
      <object_component id="oc-7d">
         <name>.text.addToList</name>
         <load_address>0x20010458</load_address>
         <readonly>true</readonly>
         <executable>true</executable>
         <run_address>0x20010458</run_address>
         <size>0x44</size>
         <alignment>0x4</alignment>
         <input_file_ref idref="fl-23"/>
      </object_component>
      <object_component id="oc-164">
         <name>.text.snprintf</name>
         <load_address>0x2001049c</load_address>
         <readonly>true</readonly>
         <executable>true</executable>
         <run_address>0x2001049c</run_address>
         <size>0x44</size>
         <alignment>0x4</alignment>
         <input_file_ref idref="fl-44"/>
      </object_component>
      <object_component id="oc-127">
         <name>.text.PinModeSet</name>
         <load_address>0x200104e0</load_address>
         <readonly>true</readonly>
         <executable>true</executable>
         <run_address>0x200104e0</run_address>
         <size>0x42</size>
         <alignment>0x2</alignment>
         <input_file_ref idref="fl-2d"/>
      </object_component>
      <object_component id="oc-2c0">
         <name>.text.TimerControlStall</name>
         <load_address>0x20010522</load_address>
         <readonly>true</readonly>
         <executable>true</executable>
         <run_address>0x20010522</run_address>
         <size>0x42</size>
         <alignment>0x2</alignment>
         <input_file_ref idref="fl-31"/>
      </object_component>
      <object_component id="oc-20e">
         <name>.text.Timer_close</name>
         <load_address>0x20010564</load_address>
         <readonly>true</readonly>
         <executable>true</executable>
         <run_address>0x20010564</run_address>
         <size>0x42</size>
         <alignment>0x2</alignment>
         <input_file_ref idref="fl-1b"/>
      </object_component>
      <object_component id="oc-23b">
         <name>.text.getCountsRTC</name>
         <load_address>0x200105a6</load_address>
         <readonly>true</readonly>
         <executable>true</executable>
         <run_address>0x200105a6</run_address>
         <size>0x42</size>
         <alignment>0x2</alignment>
         <input_file_ref idref="fl-25"/>
      </object_component>
      <object_component id="oc-13b">
         <name>.text.SemaphoreP_post</name>
         <load_address>0x200105e8</load_address>
         <readonly>true</readonly>
         <executable>true</executable>
         <run_address>0x200105e8</run_address>
         <size>0x40</size>
         <alignment>0x4</alignment>
         <input_file_ref idref="fl-22"/>
      </object_component>
      <object_component id="oc-2b6">
         <name>.text.Timer_stop</name>
         <load_address>0x20010628</load_address>
         <readonly>true</readonly>
         <executable>true</executable>
         <run_address>0x20010628</run_address>
         <size>0x40</size>
         <alignment>0x2</alignment>
         <input_file_ref idref="fl-1a"/>
      </object_component>
      <object_component id="oc-31c">
         <name>.text.atoi</name>
         <load_address>0x20010668</load_address>
         <readonly>true</readonly>
         <executable>true</executable>
         <run_address>0x20010668</run_address>
         <size>0x40</size>
         <alignment>0x4</alignment>
         <input_file_ref idref="fl-57"/>
      </object_component>
      <object_component id="oc-307">
         <name>.text.uDMAChannelControlSet</name>
         <load_address>0x200106a8</load_address>
         <readonly>true</readonly>
         <executable>true</executable>
         <run_address>0x200106a8</run_address>
         <size>0x40</size>
         <alignment>0x2</alignment>
         <input_file_ref idref="fl-33"/>
      </object_component>
      <object_component id="oc-346">
         <name>.text.PinDirModeSet</name>
         <load_address>0x200106e8</load_address>
         <readonly>true</readonly>
         <executable>true</executable>
         <run_address>0x200106e8</run_address>
         <size>0x3e</size>
         <alignment>0x2</alignment>
         <input_file_ref idref="fl-2d"/>
      </object_component>
      <object_component id="oc-54">
         <name>.text.nmiISR</name>
         <load_address>0x20010726</load_address>
         <readonly>true</readonly>
         <executable>true</executable>
         <run_address>0x20010726</run_address>
         <size>0x2</size>
         <alignment>0x2</alignment>
         <input_file_ref idref="fl-26"/>
      </object_component>
      <object_component id="oc-253">
         <name>.text.ClockP_stop</name>
         <load_address>0x20010728</load_address>
         <readonly>true</readonly>
         <executable>true</executable>
         <run_address>0x20010728</run_address>
         <size>0x3c</size>
         <alignment>0x4</alignment>
         <input_file_ref idref="fl-23"/>
      </object_component>
      <object_component id="oc-1dc">
         <name>.text.UDMACC32XX_init</name>
         <load_address>0x20010764</load_address>
         <readonly>true</readonly>
         <executable>true</executable>
         <run_address>0x20010764</run_address>
         <size>0x3c</size>
         <alignment>0x4</alignment>
         <input_file_ref idref="fl-20"/>
      </object_component>
      <object_component id="oc-218">
         <name>.text.TimerSupport_timerEnable</name>
         <load_address>0x200107a0</load_address>
         <readonly>true</readonly>
         <executable>true</executable>
         <run_address>0x200107a0</run_address>
         <size>0x3a</size>
         <alignment>0x2</alignment>
         <input_file_ref idref="fl-1b"/>
      </object_component>
      <object_component id="oc-1c0">
         <name>.text.ClockP_destruct</name>
         <load_address>0x200107dc</load_address>
         <readonly>true</readonly>
         <executable>true</executable>
         <run_address>0x200107dc</run_address>
         <size>0x38</size>
         <alignment>0x4</alignment>
         <input_file_ref idref="fl-23"/>
      </object_component>
      <object_component id="oc-2c5">
         <name>.text.Power_setConstraint</name>
         <load_address>0x20010814</load_address>
         <readonly>true</readonly>
         <executable>true</executable>
         <run_address>0x20010814</run_address>
         <size>0x38</size>
         <alignment>0x4</alignment>
         <input_file_ref idref="fl-18"/>
      </object_component>
      <object_component id="oc-2cb">
         <name>.text.RingBuf_putAdvance</name>
         <load_address>0x2001084c</load_address>
         <readonly>true</readonly>
         <executable>true</executable>
         <run_address>0x2001084c</run_address>
         <size>0x38</size>
         <alignment>0x2</alignment>
         <input_file_ref idref="fl-1f"/>
      </object_component>
      <object_component id="oc-24c">
         <name>.text.SwiP_restore</name>
         <load_address>0x20010884</load_address>
         <readonly>true</readonly>
         <executable>true</executable>
         <run_address>0x20010884</run_address>
         <size>0x38</size>
         <alignment>0x4</alignment>
         <input_file_ref idref="fl-27"/>
      </object_component>
      <object_component id="oc-282">
         <name>.text.UDMACC32XX_close</name>
         <load_address>0x200108bc</load_address>
         <readonly>true</readonly>
         <executable>true</executable>
         <run_address>0x200108bc</run_address>
         <size>0x38</size>
         <alignment>0x4</alignment>
         <input_file_ref idref="fl-20"/>
      </object_component>
      <object_component id="oc-bf">
         <name>.text:__TI_auto_init_nobinit_nopinit</name>
         <load_address>0x200108f4</load_address>
         <readonly>true</readonly>
         <executable>true</executable>
         <run_address>0x200108f4</run_address>
         <size>0x38</size>
         <alignment>0x4</alignment>
         <input_file_ref idref="fl-48"/>
      </object_component>
      <object_component id="oc-2e3">
         <name>.text.PinLock</name>
         <load_address>0x2001092c</load_address>
         <readonly>true</readonly>
         <executable>true</executable>
         <run_address>0x2001092c</run_address>
         <size>0x36</size>
         <alignment>0x2</alignment>
         <input_file_ref idref="fl-2d"/>
      </object_component>
      <object_component id="oc-215">
         <name>.text.TimerCC32XX_hwiIntFunction</name>
         <load_address>0x20010962</load_address>
         <readonly>true</readonly>
         <executable>true</executable>
         <run_address>0x20010962</run_address>
         <size>0x36</size>
         <alignment>0x2</alignment>
         <input_file_ref idref="fl-1b"/>
      </object_component>
      <object_component id="oc-33a">
         <name>.text.UARTCharPutNonBlocking</name>
         <load_address>0x20010998</load_address>
         <readonly>true</readonly>
         <executable>true</executable>
         <run_address>0x20010998</run_address>
         <size>0x36</size>
         <alignment>0x2</alignment>
         <input_file_ref idref="fl-32"/>
      </object_component>
      <object_component id="oc-1bd">
         <name>.text.ClockP_start</name>
         <load_address>0x200109d0</load_address>
         <readonly>true</readonly>
         <executable>true</executable>
         <run_address>0x200109d0</run_address>
         <size>0x34</size>
         <alignment>0x4</alignment>
         <input_file_ref idref="fl-23"/>
      </object_component>
      <object_component id="oc-30e">
         <name>.text.I2CFIFODataPutNonBlocking</name>
         <load_address>0x20010a04</load_address>
         <readonly>true</readonly>
         <executable>true</executable>
         <run_address>0x20010a04</run_address>
         <size>0x34</size>
         <alignment>0x2</alignment>
         <input_file_ref idref="fl-2b"/>
      </object_component>
      <object_component id="oc-345">
         <name>.text.PinDirModeGet</name>
         <load_address>0x20010a38</load_address>
         <readonly>true</readonly>
         <executable>true</executable>
         <run_address>0x20010a38</run_address>
         <size>0x34</size>
         <alignment>0x2</alignment>
         <input_file_ref idref="fl-2d"/>
      </object_component>
      <object_component id="oc-122">
         <name>.text.PinModeGet</name>
         <load_address>0x20010a6c</load_address>
         <readonly>true</readonly>
         <executable>true</executable>
         <run_address>0x20010a6c</run_address>
         <size>0x34</size>
         <alignment>0x2</alignment>
         <input_file_ref idref="fl-2d"/>
      </object_component>
      <object_component id="oc-2e1">
         <name>.text.PowerCC32XX_parkPin</name>
         <load_address>0x20010aa0</load_address>
         <readonly>true</readonly>
         <executable>true</executable>
         <run_address>0x20010aa0</run_address>
         <size>0x34</size>
         <alignment>0x2</alignment>
         <input_file_ref idref="fl-18"/>
      </object_component>
      <object_component id="oc-2b8">
         <name>.text.TimerCC32XX_freeTimerResource</name>
         <load_address>0x20010ad4</load_address>
         <readonly>true</readonly>
         <executable>true</executable>
         <run_address>0x20010ad4</run_address>
         <size>0x34</size>
         <alignment>0x4</alignment>
         <input_file_ref idref="fl-1b"/>
      </object_component>
      <object_component id="oc-27e">
         <name>.text.UART2_rxDisable</name>
         <load_address>0x20010b08</load_address>
         <readonly>true</readonly>
         <executable>true</executable>
         <run_address>0x20010b08</run_address>
         <size>0x34</size>
         <alignment>0x2</alignment>
         <input_file_ref idref="fl-1c"/>
      </object_component>
      <object_component id="oc-4f">
         <name>.text.initVectors</name>
         <load_address>0x20010b3c</load_address>
         <readonly>true</readonly>
         <executable>true</executable>
         <run_address>0x20010b3c</run_address>
         <size>0x34</size>
         <alignment>0x4</alignment>
         <input_file_ref idref="fl-26"/>
      </object_component>
      <object_component id="oc-106">
         <name>.text.ButtonCheck</name>
         <load_address>0x20010b70</load_address>
         <readonly>true</readonly>
         <executable>true</executable>
         <run_address>0x20010b70</run_address>
         <size>0x30</size>
         <alignment>0x4</alignment>
         <input_file_ref idref="fl-2"/>
      </object_component>
      <object_component id="oc-238">
         <name>.text.ClockP_getTicksUntilInterrupt</name>
         <load_address>0x20010ba0</load_address>
         <readonly>true</readonly>
         <executable>true</executable>
         <run_address>0x20010ba0</run_address>
         <size>0x30</size>
         <alignment>0x4</alignment>
         <input_file_ref idref="fl-23"/>
      </object_component>
      <object_component id="oc-2a0">
         <name>.text.I2CFIFODataGetNonBlocking</name>
         <load_address>0x20010bd0</load_address>
         <readonly>true</readonly>
         <executable>true</executable>
         <run_address>0x20010bd0</run_address>
         <size>0x30</size>
         <alignment>0x2</alignment>
         <input_file_ref idref="fl-2b"/>
      </object_component>
      <object_component id="oc-245">
         <name>.text.PRCMLPDSIntervalSet</name>
         <load_address>0x20010c00</load_address>
         <readonly>true</readonly>
         <executable>true</executable>
         <run_address>0x20010c00</run_address>
         <size>0x30</size>
         <alignment>0x2</alignment>
         <input_file_ref idref="fl-2e"/>
      </object_component>
      <object_component id="oc-2d7">
         <name>.text.PRCMSlowClkCtrFastGet</name>
         <load_address>0x20010c30</load_address>
         <readonly>true</readonly>
         <executable>true</executable>
         <run_address>0x20010c30</run_address>
[...]
      </symbol>
      <symbol id="sm-53d">
         <name>PinLockLevelSet</name>
         <value>0x2000f511</value>
         <object_component_ref idref="oc-2e2"/>
      </symbol>
      <symbol id="sm-53e">
         <name>PinModeGet</name>
         <value>0x20010a6d</value>
         <object_component_ref idref="oc-122"/>
      </symbol>
      <symbol id="sm-53f">
         <name>PinModeSet</name>
         <value>0x200104e1</value>
         <object_component_ref idref="oc-127"/>
      </symbol>
      <symbol id="sm-540">
         <name>PinToPadGet</name>
         <value>0x2001154d</value>
         <object_component_ref idref="oc-286"/>
      </symbol>
      <symbol id="sm-541">
         <name>PinTypeI2C</name>
         <value>0x200112a9</value>
         <object_component_ref idref="oc-1f6"/>
      </symbol>
      <symbol id="sm-542">
         <name>PinTypeUART</name>
         <value>0x20011369</value>
         <object_component_ref idref="oc-259"/>
      </symbol>
      <symbol id="sm-543">
         <name>PinUnlock</name>
         <value>0x20011203</value>
         <object_component_ref idref="oc-2e9"/>
      </symbol>
      <symbol id="sm-5f5">
         <name>PRCMCC3200MCUInit</name>
         <value>0x2000c8ad</value>
         <object_component_ref idref="oc-d2"/>
      </symbol>
      <symbol id="sm-5f6">
         <name>PRCMHIBRegRead</name>
         <value>0x200114ff</value>
         <object_component_ref idref="oc-11e"/>
      </symbol>
      <symbol id="sm-5f7">
         <name>PRCMHIBRegWrite</name>
         <value>0x20011519</value>
         <object_component_ref idref="oc-11d"/>
      </symbol>
      <symbol id="sm-5f8">
         <name>PRCMHibernateWakeUpGPIOSelect</name>
         <value>0x2000f3b9</value>
         <object_component_ref idref="oc-1ab"/>
      </symbol>
      <symbol id="sm-5f9">
         <name>PRCMHibernateWakeupSourceDisable</name>
         <value>0x2000fab5</value>
         <object_component_ref idref="oc-1ad"/>
      </symbol>
      <symbol id="sm-5fa">
         <name>PRCMHibernateWakeupSourceEnable</name>
         <value>0x2000fdc9</value>
         <object_component_ref idref="oc-1ac"/>
      </symbol>
      <symbol id="sm-5fb">
         <name>PRCMIntEnable</name>
         <value>0x20010111</value>
         <object_component_ref idref="oc-2e8"/>
      </symbol>
      <symbol id="sm-5fc">
         <name>PRCMLPDSEnter</name>
         <value>0x2000fc79</value>
         <object_component_ref idref="oc-2ee"/>
      </symbol>
      <symbol id="sm-5fd">
         <name>PRCMLPDSEnterKeepDebugIf</name>
         <value>0x20010277</value>
         <object_component_ref idref="oc-2ed"/>
      </symbol>
      <symbol id="sm-5fe">
         <name>PRCMLPDSIntervalSet</name>
         <value>0x20010c01</value>
         <object_component_ref idref="oc-245"/>
      </symbol>
      <symbol id="sm-5ff">
         <name>PRCMLPDSRestoreInfoSet</name>
         <value>0x2000ff05</value>
         <object_component_ref idref="oc-347"/>
      </symbol>
      <symbol id="sm-600">
         <name>PRCMLPDSWakeUpGPIOSelect</name>
         <value>0x20010eb7</value>
         <object_component_ref idref="oc-1aa"/>
      </symbol>
      <symbol id="sm-601">
         <name>PRCMLPDSWakeupCauseGet</name>
         <value>0x20011aad</value>
         <object_component_ref idref="oc-2eb"/>
      </symbol>
      <symbol id="sm-602">
         <name>PRCMLPDSWakeupSourceDisable</name>
         <value>0x20011533</value>
         <object_component_ref idref="oc-1a9"/>
      </symbol>
      <symbol id="sm-603">
         <name>PRCMLPDSWakeupSourceEnable</name>
         <value>0x20011109</value>
         <object_component_ref idref="oc-1a8"/>
      </symbol>
      <symbol id="sm-604">
         <name>PRCMPeripheralClkDisable</name>
         <value>0x20010ee1</value>
         <object_component_ref idref="oc-121"/>
      </symbol>
      <symbol id="sm-605">
         <name>PRCMPeripheralClkEnable</name>
         <value>0x2000fb6d</value>
         <object_component_ref idref="oc-11f"/>
      </symbol>
      <symbol id="sm-606">
         <name>PRCMPeripheralReset</name>
         <value>0x2000f799</value>
         <object_component_ref idref="oc-120"/>
      </symbol>
      <symbol id="sm-607">
         <name>PRCMPeripheralStatusGet</name>
         <value>0x20010159</value>
         <object_component_ref idref="oc-219"/>
      </symbol>
      <symbol id="sm-608">
         <name>PRCMSRAMRetentionEnable</name>
         <value>0x20010ffd</value>
         <object_component_ref idref="oc-2e0"/>
      </symbol>
      <symbol id="sm-609">
         <name>PRCMSleepEnter</name>
         <value>0x20011ba1</value>
         <object_component_ref idref="oc-24b"/>
      </symbol>
      <symbol id="sm-60a">
         <name>PRCMSlowClkCtrFastGet</name>
         <value>0x20010c31</value>
         <object_component_ref idref="oc-2d7"/>
      </symbol>
      <symbol id="sm-60b">
         <name>PRCMSysResetCauseGet</name>
         <value>0x2000f139</value>
         <object_component_ref idref="oc-118"/>
      </symbol>
      <symbol id="sm-629">
         <name>SysTickEnable</name>
         <value>0x2001186b</value>
         <object_component_ref idref="oc-249"/>
      </symbol>
      <symbol id="sm-62a">
         <name>SysTickIntDisable</name>
         <value>0x2001187d</value>
         <object_component_ref idref="oc-240"/>
      </symbol>
      <symbol id="sm-62b">
         <name>SysTickIntEnable</name>
         <value>0x2001188f</value>
         <object_component_ref idref="oc-24a"/>
      </symbol>
      <symbol id="sm-62c">
         <name>SysTickPeriodSet</name>
         <value>0x20011651</value>
         <object_component_ref idref="oc-248"/>
      </symbol>
      <symbol id="sm-66b">
         <name>TimerControlStall</name>
         <value>0x20010523</value>
         <object_component_ref idref="oc-2c0"/>
      </symbol>
      <symbol id="sm-66c">
         <name>TimerDisable</name>
         <value>0x20011349</value>
         <object_component_ref idref="oc-2b9"/>
      </symbol>
      <symbol id="sm-66d">
         <name>TimerEnable</name>
         <value>0x20011567</value>
         <object_component_ref idref="oc-2c6"/>
      </symbol>
      <symbol id="sm-66e">
         <name>TimerIntClear</name>
         <value>0x20011965</value>
         <object_component_ref idref="oc-2c3"/>
      </symbol>
      <symbol id="sm-66f">
         <name>TimerIntDisable</name>
         <value>0x20011667</value>
         <object_component_ref idref="oc-385"/>
      </symbol>
      <symbol id="sm-670">
         <name>TimerIntEnable</name>
         <value>0x20011775</value>
         <object_component_ref idref="oc-2c4"/>
      </symbol>
      <symbol id="sm-671">
         <name>TimerLoadSet</name>
         <value>0x20010c61</value>
         <object_component_ref idref="oc-2bf"/>
      </symbol>
      <symbol id="sm-672">
         <name>TimerPrescaleSet</name>
         <value>0x20010c91</value>
         <object_component_ref idref="oc-2be"/>
      </symbol>
      <symbol id="sm-6dc">
         <name>UARTBusy</name>
         <value>0x20011995</value>
         <object_component_ref idref="oc-33b"/>
      </symbol>
      <symbol id="sm-6dd">
         <name>UARTCharPutNonBlocking</name>
         <value>0x20010999</value>
         <object_component_ref idref="oc-33a"/>
      </symbol>
      <symbol id="sm-6de">
         <name>UARTCharsAvail</name>
         <value>0x2001167d</value>
         <object_component_ref idref="oc-28e"/>
      </symbol>
      <symbol id="sm-6df">
         <name>UARTConfigSetExpClk</name>
         <value>0x2000f42d</value>
         <object_component_ref idref="oc-266"/>
      </symbol>
      <symbol id="sm-6e0">
         <name>UARTDMADisable</name>
         <value>0x20011693</value>
         <object_component_ref idref="oc-27d"/>
      </symbol>
      <symbol id="sm-6e1">
         <name>UARTDMAEnable</name>
         <value>0x20011789</value>
         <object_component_ref idref="oc-30a"/>
      </symbol>
      <symbol id="sm-6e2">
         <name>UARTDisable</name>
         <value>0x20010dab</value>
         <object_component_ref idref="oc-27f"/>
      </symbol>
      <symbol id="sm-6e3">
         <name>UARTEnable</name>
         <value>0x200113a5</value>
         <object_component_ref idref="oc-26c"/>
      </symbol>
      <symbol id="sm-6e4">
         <name>UARTFIFOLevelSet</name>
         <value>0x200116a9</value>
         <object_component_ref idref="oc-26e"/>
      </symbol>
      <symbol id="sm-6e5">
         <name>UARTFlowControlSet</name>
         <value>0x20011581</value>
         <object_component_ref idref="oc-26f"/>
      </symbol>
      <symbol id="sm-6e6">
         <name>UARTIntClear</name>
         <value>0x200119a5</value>
         <object_component_ref idref="oc-26b"/>
      </symbol>
      <symbol id="sm-6e7">
         <name>UARTIntDisable</name>
         <value>0x200116bf</value>
         <object_component_ref idref="oc-27c"/>
      </symbol>
      <symbol id="sm-6e8">
         <name>UARTIntEnable</name>
         <value>0x2001179d</value>
         <object_component_ref idref="oc-26d"/>
      </symbol>
      <symbol id="sm-6e9">
         <name>UARTIntStatus</name>
         <value>0x20010f0b</value>
         <object_component_ref idref="oc-289"/>
      </symbol>
      <symbol id="sm-6ea">
         <name>UARTRxErrorGet</name>
         <value>0x200119b5</value>
         <object_component_ref idref="oc-28b"/>
      </symbol>
      <symbol id="sm-743">
         <name>uDMAChannelAssign</name>
         <value>0x2000fe69</value>
         <object_component_ref idref="oc-270"/>
      </symbol>
      <symbol id="sm-744">
         <name>uDMAChannelAttributeDisable</name>
         <value>0x2000f017</value>
         <object_component_ref idref="oc-271"/>
      </symbol>
      <symbol id="sm-745">
         <name>uDMAChannelControlSet</name>
         <value>0x200106a9</value>
         <object_component_ref idref="oc-307"/>
      </symbol>
      <symbol id="sm-746">
         <name>uDMAChannelDisable</name>
         <value>0x200113e1</value>
         <object_component_ref idref="oc-303"/>
      </symbol>
      <symbol id="sm-747">
         <name>uDMAChannelEnable</name>
         <value>0x200113ff</value>
         <object_component_ref idref="oc-309"/>
      </symbol>
      <symbol id="sm-748">
         <name>uDMAChannelIsEnabled</name>
         <value>0x2001141d</value>
         <object_component_ref idref="oc-28c"/>
      </symbol>
      <symbol id="sm-749">
         <name>uDMAChannelSizeGet</name>
         <value>0x2001007d</value>
         <object_component_ref idref="oc-304"/>
      </symbol>
      <symbol id="sm-74a">
         <name>uDMAChannelTransferSet</name>
         <value>0x2000e1c3</value>
         <object_component_ref idref="oc-308"/>
      </symbol>
      <symbol id="sm-74b">
         <name>uDMAControlBaseSet</name>
         <value>0x200117c5</value>
         <object_component_ref idref="oc-263"/>
      </symbol>
      <symbol id="sm-74c">
         <name>uDMAEnable</name>
         <value>0x20011a2d</value>
         <object_component_ref idref="oc-25e"/>
      </symbol>
      <symbol id="sm-74d">
         <name>uDMAErrorStatusClear</name>
         <value>0x20011a3b</value>
         <object_component_ref idref="oc-38c"/>
      </symbol>
      <symbol id="sm-74e">
         <name>uDMAErrorStatusGet</name>
         <value>0x20011b25</value>
         <object_component_ref idref="oc-38b"/>
      </symbol>
      <symbol id="sm-74f">
         <name>uDMAIntClear</name>
         <value>0x200117d9</value>
         <object_component_ref idref="oc-305"/>
      </symbol>
      <symbol id="sm-75a">
         <name>UtilsDelay</name>
         <value>0x20011ba9</value>
         <object_component_ref idref="oc-119"/>
      </symbol>
      <symbol id="sm-787">
         <name>FlashDisable</name>
         <value>0x2000f9fd</value>
         <object_component_ref idref="oc-349"/>
      </symbol>
      <symbol id="sm-798">
         <name>snprintf</name>
         <value>0x2001049d</value>
         <object_component_ref idref="oc-164"/>
      </symbol>
      <symbol id="sm-7b8">
         <name>malloc</name>
         <value>0x20011bc1</value>
         <object_component_ref idref="oc-21a"/>
      </symbol>
      <symbol id="sm-7b9">
         <name>aligned_alloc</name>
         <value>0x2000df89</value>
         <object_component_ref idref="oc-2c7"/>
      </symbol>
      <symbol id="sm-7ba">
         <name>free</name>
         <value>0x2000e3d1</value>
         <object_component_ref idref="oc-1ba"/>
      </symbol>
      <symbol id="sm-7bb">
         <name>_sys_memory</name>
         <value>0x20004040</value>
         <object_component_ref idref="oc-31"/>
      </symbol>
      <symbol id="sm-7bc">
         <name>memalign</name>
         <value>0x2000df89</value>
         <object_component_ref idref="oc-2c7"/>
      </symbol>
      <symbol id="sm-7c7">
         <name>_c_int00_noargs</name>
         <value>0x200111bd</value>
         <object_component_ref idref="oc-76"/>
      </symbol>
      <symbol id="sm-7c8">
         <name>__stack</name>
         <value>0x20003000</value>
         <object_component_ref idref="oc-16"/>
      </symbol>
      <symbol id="sm-7d4">
         <name>__TI_auto_init_nobinit_nopinit</name>
         <value>0x200108f5</value>
         <object_component_ref idref="oc-bf"/>
      </symbol>
      <symbol id="sm-7dc">
         <name>_system_pre_init</name>
         <value>0x20011c05</value>
         <object_component_ref idref="oc-8b"/>
      </symbol>
      <symbol id="sm-7e7">
         <name>__TI_zero_init</name>
         <value>0x200119e5</value>
         <object_component_ref idref="oc-49"/>
      </symbol>
      <symbol id="sm-7f0">
         <name>__TI_decompress_none</name>
         <value>0x20011a57</value>
         <object_component_ref idref="oc-1c"/>
      </symbol>
      <symbol id="sm-7fa">
         <name>__TI_decompress_lzss</name>
         <value>0x2000f4a1</value>
         <object_component_ref idref="oc-18"/>
      </symbol>
      <symbol id="sm-81a">
         <name>__TI_printfi_nofloat</name>
         <value>0x2000c041</value>
         <object_component_ref idref="oc-2ac"/>
      </symbol>
      <symbol id="sm-827">
         <name>__aeabi_errno_addr</name>
         <value>0x20011bb1</value>
         <object_component_ref idref="oc-324"/>
      </symbol>
      <symbol id="sm-828">
         <name>__aeabi_errno</name>
         <value>0x20013810</value>
         <object_component_ref idref="oc-35d"/>
      </symbol>
      <symbol id="sm-832">
         <name>abort</name>
         <value>0x20011c09</value>
         <object_component_ref idref="oc-b8"/>
      </symbol>
      <symbol id="sm-833">
         <name>C$$EXIT</name>
         <value>0x20011c08</value>
         <object_component_ref idref="oc-b8"/>
      </symbol>
      <symbol id="sm-83c">
         <name>_nop</name>
         <value>0x2000fbc7</value>
         <object_component_ref idref="oc-199"/>
      </symbol>
      <symbol id="sm-83d">
         <name>_lock</name>
         <value>0x20013814</value>
         <object_component_ref idref="oc-10e"/>
      </symbol>
      <symbol id="sm-83e">
         <name>_unlock</name>
         <value>0x20013818</value>
         <object_component_ref idref="oc-111"/>
      </symbol>
      <symbol id="sm-84b">
         <name>atoi</name>
         <value>0x20010669</value>
         <object_component_ref idref="oc-31c"/>
      </symbol>
      <symbol id="sm-855">
         <name>memccpy</name>
         <value>0x200113c3</value>
         <object_component_ref idref="oc-315"/>
      </symbol>
      <symbol id="sm-85e">
         <name>wcslen</name>
         <value>0x200119d5</value>
         <object_component_ref idref="oc-320"/>
      </symbol>
      <symbol id="sm-864">
         <name>__aeabi_ctype_table_</name>
         <value>0x20012a50</value>
         <object_component_ref idref="oc-356"/>
      </symbol>
      <symbol id="sm-865">
         <name>__aeabi_ctype_table_C</name>
         <value>0x20012a50</value>
         <object_component_ref idref="oc-356"/>
      </symbol>
      <symbol id="sm-87d">
         <name>__aeabi_dmul</name>
         <value>0x2000e2d5</value>
         <object_component_ref idref="oc-225"/>
      </symbol>
      <symbol id="sm-87e">
         <name>__muldf3</name>
         <value>0x2000e2d5</value>
         <object_component_ref idref="oc-225"/>
      </symbol>
      <symbol id="sm-884">
         <name>__aeabi_d2iz</name>
         <value>0x200101e9</value>
         <object_component_ref idref="oc-229"/>
      </symbol>
      <symbol id="sm-885">
         <name>__fixdfsi</name>
         <value>0x200101e9</value>
         <object_component_ref idref="oc-229"/>
      </symbol>
      <symbol id="sm-88b">
         <name>__aeabi_i2d</name>
         <value>0x20010dd9</value>
         <object_component_ref idref="oc-221"/>
      </symbol>
      <symbol id="sm-88c">
         <name>__floatsidf</name>
         <value>0x20010dd9</value>
         <object_component_ref idref="oc-221"/>
      </symbol>
      <symbol id="sm-892">
         <name>__aeabi_memcpy</name>
         <value>0x20011c01</value>
         <object_component_ref idref="oc-3c"/>
      </symbol>
      <symbol id="sm-893">
         <name>__aeabi_memcpy4</name>
         <value>0x20011c01</value>
         <object_component_ref idref="oc-3c"/>
      </symbol>
      <symbol id="sm-894">
         <name>__aeabi_memcpy8</name>
         <value>0x20011c01</value>
         <object_component_ref idref="oc-3c"/>
      </symbol>
      <symbol id="sm-89d">
         <name>__aeabi_memset</name>
         <value>0x20011b6d</value>
         <object_component_ref idref="oc-314"/>
      </symbol>
      <symbol id="sm-89e">
         <name>__aeabi_memset4</name>
         <value>0x20011b6d</value>
         <object_component_ref idref="oc-314"/>
      </symbol>
      <symbol id="sm-89f">
         <name>__aeabi_memset8</name>
         <value>0x20011b6d</value>
         <object_component_ref idref="oc-314"/>
      </symbol>
      <symbol id="sm-8a0">
         <name>__aeabi_memclr</name>
         <value>0x20011bb9</value>
         <object_component_ref idref="oc-67"/>
      </symbol>
      <symbol id="sm-8a1">
         <name>__aeabi_memclr4</name>
         <value>0x20011bb9</value>
         <object_component_ref idref="oc-67"/>
      </symbol>
      <symbol id="sm-8a2">
         <name>__aeabi_memclr8</name>
         <value>0x20011bb9</value>
         <object_component_ref idref="oc-67"/>
      </symbol>
      <symbol id="sm-8a8">
         <name>__aeabi_uldivmod</name>
         <value>0x200117b1</value>
         <object_component_ref idref="oc-23c"/>
      </symbol>
      <symbol id="sm-8ae">
         <name>__udivmoddi4</name>
         <value>0x2000ea69</value>
         <object_component_ref idref="oc-2d8"/>
      </symbol>
      <symbol id="sm-8b9">
         <name>__aeabi_ldiv0</name>
         <value>0x2000f93b</value>
         <object_component_ref idref="oc-33d"/>
      </symbol>
      <symbol id="sm-8c2">
         <name>TI_memcpy_small</name>
         <value>0x200118b3</value>
         <object_component_ref idref="oc-81"/>
      </symbol>
      <symbol id="sm-8ca">
         <name>TI_memset_small</name>
         <value>0x20011a49</value>
         <object_component_ref idref="oc-9e"/>
      </symbol>
      <symbol id="sm-8cb">
         <name>__TI_static_base__</name>
         <value>0x20011c0c</value>
      </symbol>
      <symbol id="sm-8ce">
         <name>ITM_flush</name>
         <value>0x0</value>
      </symbol>
      <symbol id="sm-8cf">
         <name>ITM_restore</name>
         <value>0x0</value>
      </symbol>
      <symbol id="sm-8d0">
         <name>__mpu_init</name>
         <value>0x0</value>
      </symbol>
      <symbol id="sm-8d1">
         <name>_system_post_cinit</name>
         <value>0x0</value>
      </symbol>
   </symbol_table>
   <title>Link successful</title>
</link_info>
