******************************************************************************
            TI ARM Clang Linker PC v3.2.2                      
******************************************************************************
>> Linked Fri Dec 20 18:23:01 2024

OUTPUT FILE NAME:   <Irwin_SmartThermostat.out>
ENTRY POINT SYMBOL: "resetISR"  address: 200114c9


MEMORY CONFIGURATION

         name            origin    length      used     unused   attr    fill
----------------------  --------  ---------  --------  --------  ----  --------
  SRAM2                 20000000   00004000  0000130c  00002cf4  RW X
  SRAM                  20004000   0003c000  0000f519  0002cae7  RW X
  LOG_DATA              90000000   00040000  00000000  00040000  R   
  LOG_PTR               94000008   00040000  00000000  00040000  R   


SEGMENT ALLOCATION MAP

run origin  load origin   length   init length attrs members
----------  ----------- ---------- ----------- ----- -------
20003000    20003000    00001000   00000000    rw-
  20003000    20003000    00001000   00000000    rw- .stack
20004000    20004000    00000040   00000040    r--
  20004000    20004000    00000040   00000040    r-- .resetVecs
20004040    20004040    00008000   00000000    rw-
  20004040    20004040    00008000   00000000    rw- .sysmem
2000c040    2000c040    00005cc8   00005cc8    r-x
  2000c040    2000c040    00005bcc   00005bcc    r-x .text
  20011c0c    20011c0c    000000fc   000000fc    r-- .cinit
20012000    20012000    00000a43   00000000    rw-
  20012000    20012000    00000a43   00000000    rw- .bss
20012a50    20012a50    00000735   00000735    r--
  20012a50    20012a50    00000735   00000735    r-- .rodata
20013188    20013188    00000699   00000000    rw-
  20013188    20013188    00000699   00000000    rw- .data


SECTION ALLOCATION MAP

 output                                  attributes/
section   page    origin      length       input sections
--------  ----  ----------  ----------   ----------------
.text      0    2000c040    00005bcc     
                  2000c040    0000086c     libc.a : _printfi.c.obj (.text:__TI_printfi_nofloat)
                  2000c8ac    000004b8     driverlib.a : prcm.obj (.text.PRCMCC3200MCUInit)
                  2000cd64    000003e4     drivers_cc32xx.a : PowerCC32XX.c.obj (.text.Power_sleep)
                  2000d148    00000222                      : UART2CC32XX.c.obj (.text.UART2CC32XX_hwiIntFxn)
                  2000d36a    00000002     ti_drivers_config.o (.text.Board_initHook)
                  2000d36c    000001cc     drivers_cc32xx.a : UART2CC32XX.c.obj (.text.UART2_open)
                  2000d538    00000178     smartthermostat.o (.text.initI2C)
                  2000d6b0    00000174     drivers_cc32xx.a : UART2.c.obj (.text.UART2_writeTimeoutBlocking)
                  2000d824    00000150     nortos_cc32xx.a : PowerCC32XX_nortos.c.obj (.text.PowerCC32XX_sleepPolicy)
                  2000d974    00000148     drivers_cc32xx.a : TimerCC32XX.c.obj (.text.Timer_open)
                  2000dabc    00000140                      : GPIOCC32XX.c.obj (.text.GPIO_setConfig)
                  2000dbfc    00000138                      : I2CCC32XX.c.obj (.text.I2CCC32XX_hwiFxn)
                  2000dd34    0000012c     smartthermostat.o (.text.mainThread)
                  2000de60    00000126     drivers_cc32xx.a : I2C.c.obj (.text.I2C_transferTimeout)
                  2000df86    00000002                      : I2C.c.obj (.text.I2C_init)
                  2000df88    00000120     libc.a : memory.c.obj (.text.aligned_alloc)
                  2000e0a8    0000011a     drivers_cc32xx.a : UART2.c.obj (.text.UART2_writeTimeoutNonblocking)
                  2000e1c2    00000112     driverlib.a : udma.obj (.text.uDMAChannelTransferSet)
                  2000e2d4    000000fc     libclang_rt.builtins.a : muldf3.S.obj (.text.__muldf3)
                  2000e3d0    000000f0     libc.a : memory.c.obj (.text.free)
                  2000e4c0    000000e8     drivers_cc32xx.a : I2CCC32XX.c.obj (.text.I2C_open)
                  2000e5a8    000000e8                      : UART2CC32XX.c.obj (.text.UART2_close)
                  2000e690    000000cc                      : UART2CC32XX.c.obj (.text.UART2Support_dmaStartRx)
                  2000e75c    000000c8     driverlib.a : interrupt.obj (.text.IntDisable)
                  2000e824    000000c8                 : interrupt.obj (.text.IntEnable)
                  2000e8ec    000000c4     drivers_cc32xx.a : UART2CC32XX.c.obj (.text.UART2CC32XX_initHw)
                  2000e9b0    000000b8                      : UART2CC32XX.c.obj (.text.UART2Support_dmaStartTx)
                  2000ea68    000000b0     libclang_rt.builtins.a : udivmoddi4.S.obj (.text)
                  2000eb18    000000ac     driverlib.a : gpio.obj (.text.GPIOIntTypeSet)
                  2000ebc4    000000a4                 : interrupt.obj (.text.IntPendSet)
                  2000ec68    000000a4     smartthermostat.o (.text.readTemp)
                  2000ed0c    000000a2     driverlib.a : pin.obj (.text.PinConfigSet)
                  2000edae    0000009c     drivers_cc32xx.a : I2CCC32XX.c.obj (.text.I2CCC32XX_completeTransfer)
                  2000ee4a    00000098     driverlib.a : i2c.obj (.text.I2CMasterInitExpClk)
                  2000eee2    00000002     nortos_cc32xx.a : PowerCC32XX_nortos.c.obj (.text.PowerCC32XX_initPolicy)
                  2000eee4    00000098                     : SemaphoreP_nortos.c.obj (.text.SemaphoreP_pend)
                  2000ef7c    00000004                     : ClockPSysTick_nortos.c.obj (.text.ClockP_doTick)
                  2000ef80    00000096     drivers_cc32xx.a : PowerCC32XX_ticlang.asm.obj (.text)
                  2000f016    00000092     driverlib.a : udma.obj (.text.uDMAChannelAttributeDisable)
                  2000f0a8    00000090     drivers_cc32xx.a : GPIOCC32XX.c.obj (.text.GPIO_init)
                  2000f138    0000008e     driverlib.a : prcm.obj (.text.PRCMSysResetCauseGet)
                  2000f1c6    00000002     nortos_cc32xx.a : SemaphoreP_nortos.c.obj (.text.SemaphoreP_destruct)
                  2000f1c8    00000088     drivers_cc32xx.a : PowerCC32XX.c.obj (.text.PowerCC32XX_configureWakeup)
                  2000f250    0000007a                      : I2CCC32XX.c.obj (.text.I2CCC32XX_primeReadBurst)
                  2000f2ca    00000002                      : Timer.c.obj (.text.Timer_init)
                  2000f2cc    00000078                      : PowerCC32XX.c.obj (.text.Power_init)
                  2000f344    00000074     nortos_cc32xx.a : HwiPCC32XX_nortos.c.obj (.text.HwiP_construct)
                  2000f3b8    00000074     driverlib.a : prcm.obj (.text.PRCMHibernateWakeUpGPIOSelect)
                  2000f42c    00000074                 : uart.obj (.text.UARTConfigSetExpClk)
                  2000f4a0    00000070     libc.a : copy_decompress_lzss.c.obj (.text:decompress:lzss)
                  2000f510    0000006c     driverlib.a : pin.obj (.text.PinLockLevelSet)
                  2000f57c    0000006c     drivers_cc32xx.a : PowerCC32XX.c.obj (.text.Power_setDependency)
                  2000f5e8    0000006c                      : UDMACC32XX.c.obj (.text.UDMACC32XX_open)
                  2000f654    0000006c     smartthermostat.o (.text.initTimer)
                  2000f6c0    0000006c     drivers_cc32xx.a : GPIOCC32XX.c.obj (.text.powerNotifyFxn)
                  2000f72c    0000006c     libc.a : memory.c.obj (.text.split)
                  2000f798    0000006a     driverlib.a : prcm.obj (.text.PRCMPeripheralReset)
                  2000f802    00000002     drivers_cc32xx.a : UART2CC32XX.c.obj (.text.UART2CC32XX_eventCallback)
                  2000f804    00000068                      : I2CCC32XX.c.obj (.text.I2CCC32XX_initHw)
                  2000f86c    00000068     driverlib.a : interrupt.obj (.text.IntPendClear)
                  2000f8d4    00000066     drivers_cc32xx.a : I2CCC32XX.c.obj (.text.I2CCC32XX_primeWriteBurst)
                  2000f93a    00000002     libclang_rt.builtins.a : aeabi_div0.c.obj (.text.__aeabi_ldiv0)
                  2000f93c    00000060     drivers_cc32xx.a : GPIOCC32XX.c.obj (.text.GPIO_write)
                  2000f99c    00000060                      : UART2CC32XX.c.obj (.text.UART2Support_dmaStopTx)
                  2000f9fc    0000005c     driverlib.a : flash.obj (.text.FlashDisable)
                  2000fa58    0000005c     drivers_cc32xx.a : I2CCC32XX.c.obj (.text.I2CSupport_primeTransfer)
                  2000fab4    0000005c     driverlib.a : prcm.obj (.text.PRCMHibernateWakeupSourceDisable)
                  2000fb10    0000005c     drivers_cc32xx.a : TimerCC32XX.c.obj (.text.TimerCC32XX_allocateTimerResource)
                  2000fb6c    0000005a     driverlib.a : prcm.obj (.text.PRCMPeripheralClkEnable)
                  2000fbc6    00000002     libc.a : _lock.c.obj (.text._nop)
                  2000fbc8    00000058     nortos_cc32xx.a : ClockPSysTick_nortos.c.obj (.text.ClockP_startup)
                  2000fc20    00000058     driverlib.a : interrupt.obj (.text.IntPrioritySet)
                  2000fc78    00000056                 : prcm.obj (.text.PRCMLPDSEnter)
                  2000fcce    00000002     nortos_cc32xx.a : startup_cc32xx_ticlang.c.obj (.text.busFaultHandler)
                  2000fcd0    00000054     drivers_cc32xx.a : PowerCC32XX.c.obj (.text.PowerCC32XX_setParkState)
                  2000fd24    00000054                      : PowerCC32XX.c.obj (.text.Power_releaseDependency)
                  2000fd78    00000050                      : GPIOCC32XX.c.obj (.text.GPIO_hwiIntFxn)
                  2000fdc8    00000050     driverlib.a : prcm.obj (.text.PRCMHibernateWakeupSourceEnable)
                  2000fe18    00000050     nortos_cc32xx.a : SemaphoreP_nortos.c.obj (.text.SemaphoreP_construct)
                  2000fe68    0000004e     driverlib.a : udma.obj (.text.uDMAChannelAssign)
                  2000feb6    00000002     nortos_cc32xx.a : SemaphoreP_nortos.c.obj (.text.clkFxn)
                  2000feb8    0000004c     drivers_cc32xx.a : GPIOCC32XX.c.obj (.text.GPIO_setInterruptConfig)
                  2000ff04    0000004c     driverlib.a : prcm.obj (.text.PRCMLPDSRestoreInfoSet)
                  2000ff50    0000004c     smartthermostat.o (.text.UARTUpdate)
                  2000ff9c    0000004c     drivers_cc32xx.a : TimerCC32XX.c.obj (.text.initHw)
                  2000ffe8    0000004a                      : UART2CC32XX.c.obj (.text.UART2Support_dmaStopRx)
                  20010032    0000004a                      : TimerCC32XX.c.obj (.text.getPrescaler)
                  2001007c    0000004a     driverlib.a : udma.obj (.text.uDMAChannelSizeGet)
                  200100c6    00000002     nortos_cc32xx.a : startup_cc32xx_ticlang.c.obj (.text.defaultHandler)
                  200100c8    00000048                     : ClockPSysTick_nortos.c.obj (.text.ClockP_sysTickHandler)
                  20010110    00000048     driverlib.a : prcm.obj (.text.PRCMIntEnable)
                  20010158    00000048                 : prcm.obj (.text.PRCMPeripheralStatusGet)
                  200101a0    00000048                 : pin.obj (.text.PinConfigGet)
                  200101e8    00000048     libclang_rt.builtins.a : fixdfsi.S.obj (.text.__fixdfsi)
                  20010230    00000046     drivers_cc32xx.a : I2CCC32XX.c.obj (.text.I2CCC32XX_fillTransmitFifo)
                  20010276    00000046     driverlib.a : prcm.obj (.text.PRCMLPDSEnterKeepDebugIf)
                  200102bc    00000046     drivers_cc32xx.a : RingBuf.c.obj (.text.RingBuf_put)
                  20010302    00000044     driverlib.a : gpio.obj (.text.GPIODirModeSet)
                  20010346    00000002     nortos_cc32xx.a : startup_cc32xx_ticlang.c.obj (.text.faultISR)
                  20010348    00000044     drivers_cc32xx.a : GPIOCC32XX.c.obj (.text.GPIO_disableInt)
                  2001038c    00000044                      : GPIOCC32XX.c.obj (.text.GPIO_enableInt)
                  200103d0    00000044                      : PowerCC32XX.c.obj (.text.Power_releaseConstraint)
                  20010414    00000044                      : Timer.c.obj (.text.Timer_start)
                  20010458    00000044     nortos_cc32xx.a : ClockPSysTick_nortos.c.obj (.text.addToList)
                  2001049c    00000044     libc.a : snprintf.c.obj (.text.snprintf)
                  200104e0    00000042     driverlib.a : pin.obj (.text.PinModeSet)
                  20010522    00000042                 : timer.obj (.text.TimerControlStall)
                  20010564    00000042     drivers_cc32xx.a : TimerCC32XX.c.obj (.text.Timer_close)
                  200105a6    00000042     nortos_cc32xx.a : PowerCC32XX_nortos.c.obj (.text.getCountsRTC)
                  200105e8    00000040                     : SemaphoreP_nortos.c.obj (.text.SemaphoreP_post)
                  20010628    00000040     drivers_cc32xx.a : Timer.c.obj (.text.Timer_stop)
                  20010668    00000040     libc.a : atoi.c.obj (.text.atoi)
                  200106a8    00000040     driverlib.a : udma.obj (.text.uDMAChannelControlSet)
                  200106e8    0000003e                 : pin.obj (.text.PinDirModeSet)
                  20010726    00000002     nortos_cc32xx.a : startup_cc32xx_ticlang.c.obj (.text.nmiISR)
                  20010728    0000003c                     : ClockPSysTick_nortos.c.obj (.text.ClockP_stop)
                  20010764    0000003c     drivers_cc32xx.a : UDMACC32XX.c.obj (.text.UDMACC32XX_init)
                  200107a0    0000003a                      : TimerCC32XX.c.obj (.text.TimerSupport_timerEnable)
                  200107da    00000002     --HOLE-- [fill = 0]
                  200107dc    00000038     nortos_cc32xx.a : ClockPSysTick_nortos.c.obj (.text.ClockP_destruct)
                  20010814    00000038     drivers_cc32xx.a : PowerCC32XX.c.obj (.text.Power_setConstraint)
                  2001084c    00000038                      : RingBuf.c.obj (.text.RingBuf_putAdvance)
                  20010884    00000038     nortos_cc32xx.a : SwiP_nortos.c.obj (.text.SwiP_restore)
                  200108bc    00000038     drivers_cc32xx.a : UDMACC32XX.c.obj (.text.UDMACC32XX_close)
                  200108f4    00000038     libc.a : autoinit.c.obj (.text:__TI_auto_init_nobinit_nopinit)
                  2001092c    00000036     driverlib.a : pin.obj (.text.PinLock)
                  20010962    00000036     drivers_cc32xx.a : TimerCC32XX.c.obj (.text.TimerCC32XX_hwiIntFunction)
                  20010998    00000036     driverlib.a : uart.obj (.text.UARTCharPutNonBlocking)
                  200109ce    00000002     --HOLE-- [fill = 0]
                  200109d0    00000034     nortos_cc32xx.a : ClockPSysTick_nortos.c.obj (.text.ClockP_start)
                  20010a04    00000034     driverlib.a : i2c.obj (.text.I2CFIFODataPutNonBlocking)
                  20010a38    00000034                 : pin.obj (.text.PinDirModeGet)
                  20010a6c    00000034                 : pin.obj (.text.PinModeGet)
                  20010aa0    00000034     drivers_cc32xx.a : PowerCC32XX.c.obj (.text.PowerCC32XX_parkPin)
                  20010ad4    00000034                      : TimerCC32XX.c.obj (.text.TimerCC32XX_freeTimerResource)
                  20010b08    00000034                      : UART2.c.obj (.text.UART2_rxDisable)
                  20010b3c    00000034     nortos_cc32xx.a : startup_cc32xx_ticlang.c.obj (.text.initVectors)
                  20010b70    00000030     smartthermostat.o (.text.ButtonCheck)
                  20010ba0    00000030     nortos_cc32xx.a : ClockPSysTick_nortos.c.obj (.text.ClockP_getTicksUntilInterrupt)
                  20010bd0    00000030     driverlib.a : i2c.obj (.text.I2CFIFODataGetNonBlocking)
                  20010c00    00000030                 : prcm.obj (.text.PRCMLPDSIntervalSet)
                  20010c30    00000030                 : prcm.obj (.text.PRCMSlowClkCtrFastGet)
                  20010c60    00000030                 : timer.obj (.text.TimerLoadSet)
                  20010c90    00000030                 : timer.obj (.text.TimerPrescaleSet)
                  20010cc0    00000030     libc.a : snprintf.c.obj (.text._outs)
                  20010cf0    00000030     drivers_cc32xx.a : PowerCC32XX.c.obj (.text.notify)
                  20010d20    0000002e     driverlib.a : gpio.obj (.text.GPIOIntStatus)
                  20010d4e    0000002e     drivers_cc32xx.a : RingBuf.c.obj (.text.RingBuf_getConsume)
                  20010d7c    0000002e                      : RingBuf.c.obj (.text.RingBuf_putPointer)
                  20010daa    0000002e     driverlib.a : uart.obj (.text.UARTDisable)
                  20010dd8    0000002e     libclang_rt.builtins.a : floatsidf.S.obj (.text.__floatsidf)
                  20010e06    0000002c     driverlib.a : i2c.obj (.text.I2CMasterIntStatusEx)
                  20010e32    0000002c     drivers_cc32xx.a : UART2CC32XX.c.obj (.text.UART2CC32XX_getRxData)
                  20010e5e    00000002     --HOLE-- [fill = 0]
                  20010e60    0000002c     smartthermostat.o (.text.initUART)
                  20010e8c    0000002a     nortos_cc32xx.a : HwiPCC32XX_nortos.c.obj (.text.HwiP_create)
                  20010eb6    0000002a     driverlib.a : prcm.obj (.text.PRCMLPDSWakeUpGPIOSelect)
                  20010ee0    0000002a                 : prcm.obj (.text.PRCMPeripheralClkDisable)
                  20010f0a    0000002a                 : uart.obj (.text.UARTIntStatus)
                  20010f34    00000028                 : i2c.obj (.text.I2CMasterBusBusy)
                  20010f5c    00000028                 : i2c.obj (.text.I2CMasterSlaveAddrSet)
                  20010f84    00000028                 : i2c.obj (.text.I2CTxFIFOConfigSet)
                  20010fac    00000028     drivers_cc32xx.a : I2C.c.obj (.text.I2C_cancel)
                  20010fd4    00000028                      : List.c.obj (.text.List_remove)
                  20010ffc    00000028     driverlib.a : prcm.obj (.text.PRCMSRAMRetentionEnable)
                  20011024    00000028     drivers_cc32xx.a : PowerCC32XX.c.obj (.text.PowerCC32XX_getParkState)
                  2001104c    00000028                      : TimerCC32XX.c.obj (.text.TimerSupport_timerDisable)
                  20011074    00000028     libc.a : memory.c.obj (.text.free_list_insert)
                  2001109c    00000024     driverlib.a : i2c.obj (.text.I2CRxFIFOConfigSet)
                  200110c0    00000024                 : interrupt.obj (.text.IntUnregister)
                  200110e4    00000024     drivers_cc32xx.a : List.c.obj (.text.List_put)
                  20011108    00000024     driverlib.a : prcm.obj (.text.PRCMLPDSWakeupSourceEnable)
                  2001112c    00000024     drivers_cc32xx.a : PowerCC32XX.c.obj (.text.PowerCC32XX_restoreParkState)
                  20011150    00000024                      : PowerCC32XX.c.obj (.text.PowerCC32XX_restoreParkedPin)
                  20011174    00000024                      : PowerCC32XX.c.obj (.text.Power_registerNotify)
                  20011198    00000024                      : UART2CC32XX.c.obj (.text.UART2Support_disableRx)
                  200111bc    00000024     libc.a : boot_cortex_m.c.obj (.text:_c_int00_noargs)
                  200111e0    00000022     driverlib.a : gpio.obj (.text.GPIOPinWrite)
                  20011202    00000022                 : pin.obj (.text.PinUnlock)
                  20011224    00000022     drivers_cc32xx.a : RingBuf.c.obj (.text.RingBuf_getPointer)
                  20011246    00000022                      : UART2CC32XX.c.obj (.text.UART2Support_sendData)
                  20011268    00000020     driverlib.a : interrupt.obj (.text.IntRegister)
                  20011288    00000020     smartthermostat.o (.text.LEDUpdate)
                  200112a8    00000020     driverlib.a : pin.obj (.text.PinTypeI2C)
                  200112c8    00000020     drivers_cc32xx.a : PowerCC32XX.c.obj (.text.PowerCC32XX_reset)
                  200112e8    00000020                      : PowerCC32XX.c.obj (.text.Power_unregisterNotify)
                  20011308    00000020     nortos_cc32xx.a : SemaphoreP_nortos.c.obj (.text.SemaphoreP_constructBinary)
                  20011328    00000020                     : SemaphoreP_nortos.c.obj (.text.SemaphoreP_createBinary)
                  20011348    00000020     driverlib.a : timer.obj (.text.TimerDisable)
                  20011368    0000001e                 : pin.obj (.text.PinTypeUART)
                  20011386    0000001e     drivers_cc32xx.a : UART2.c.obj (.text.UART2_writeTimeout)
                  200113a4    0000001e     driverlib.a : uart.obj (.text.UARTEnable)
                  200113c2    0000001e     libc.a : memccpy.c.obj (.text.memccpy)
                  200113e0    0000001e     driverlib.a : udma.obj (.text.uDMAChannelDisable)
                  200113fe    0000001e                 : udma.obj (.text.uDMAChannelEnable)
                  2001141c    0000001e                 : udma.obj (.text.uDMAChannelIsEnabled)
                  2001143a    00000002     --HOLE-- [fill = 0]
                  2001143c    0000001c     drivers_cc32xx.a : GPIO.c.obj (.text.GPIO_setCallback)
                  20011458    0000001c     nortos_cc32xx.a : HwiPCC32XX_nortos.c.obj (.text.HwiP_dispatch)
                  20011474    0000001c                     : SwiP_nortos.c.obj (.text.SwiP_disable)
                  20011490    0000001c     libc.a : memory.c.obj (.text.free_list_remove)
                  200114ac    0000001c     drivers_cc32xx.a : TimerCC32XX.c.obj (.text.getPowerMgrId)
                  200114c8    0000001c     nortos_cc32xx.a : startup_cc32xx_ticlang.c.obj (.text.resetISR)
                  200114e4    0000001a     driverlib.a : gpio.obj (.text.GPIOIntDisable)
                  200114fe    0000001a                 : prcm.obj (.text.PRCMHIBRegRead)
                  20011518    0000001a                 : prcm.obj (.text.PRCMHIBRegWrite)
                  20011532    0000001a                 : prcm.obj (.text.PRCMLPDSWakeupSourceDisable)
                  2001154c    0000001a                 : pin.obj (.text.PinToPadGet)
                  20011566    0000001a                 : timer.obj (.text.TimerEnable)
                  20011580    0000001a                 : uart.obj (.text.UARTFlowControlSet)
                  2001159a    00000018                 : gpio.obj (.text.GPIOIntEnable)
                  200115b2    00000018     nortos_cc32xx.a : SemaphoreP_nortos.c.obj (.text.SemaphoreP_create)
                  200115ca    00000018     libc.a : snprintf.c.obj (.text._outc)
                  200115e2    00000016     ti_drivers_config.o (.text.Board_init)
                  200115f8    00000016     driverlib.a : i2c.obj (.text.I2CMasterBurstLengthSet)
                  2001160e    00000016                 : i2c.obj (.text.I2CMasterIntDisableEx)
                  20011624    00000016                 : i2c.obj (.text.I2CRxFIFOFlush)
                  2001163a    00000016                 : i2c.obj (.text.I2CTxFIFOFlush)
                  20011650    00000016                 : systick.obj (.text.SysTickPeriodSet)
                  20011666    00000016                 : timer.obj (.text.TimerIntDisable)
                  2001167c    00000016                 : uart.obj (.text.UARTCharsAvail)
                  20011692    00000016                 : uart.obj (.text.UARTDMADisable)
                  200116a8    00000016                 : uart.obj (.text.UARTFIFOLevelSet)
                  200116be    00000016                 : uart.obj (.text.UARTIntDisable)
                  200116d4    00000014                 : cpu.obj (.text.CPUcpsid)
                  200116e8    00000014                 : cpu.obj (.text.CPUcpsie)
                  200116fc    00000014     nortos_cc32xx.a : HwiPCC32XX_nortos.c.obj (.text.HwiP_destruct)
                  20011710    00000014     driverlib.a : i2c.obj (.text.I2CMasterIntEnableEx)
                  20011724    00000014                 : interrupt.obj (.text.IntVTableBaseSet)
                  20011738    00000014     drivers_cc32xx.a : PowerCC32XX.c.obj (.text.Power_disablePolicy)
                  2001174c    00000014                      : PowerCC32XX.c.obj (.text.Power_getTransitionLatency)
                  20011760    00000014                      : PowerCC32XX.c.obj (.text.Power_idleFunc)
                  20011774    00000014     driverlib.a : timer.obj (.text.TimerIntEnable)
                  20011788    00000014                 : uart.obj (.text.UARTDMAEnable)
                  2001179c    00000014                 : uart.obj (.text.UARTIntEnable)
                  200117b0    00000014     libclang_rt.builtins.a : aeabi_uldivmod.S.obj (.text.__aeabi_uldivmod)
                  200117c4    00000014     driverlib.a : udma.obj (.text.uDMAControlBaseSet)
                  200117d8    00000014                 : udma.obj (.text.uDMAIntClear)
                  200117ec    00000012     nortos_cc32xx.a : ClockPSysTick_nortos.c.obj (.text.ClockP_add)
                  200117fe    00000012     driverlib.a : gpio.obj (.text.GPIOIntClear)
                  20011810    00000012     nortos_cc32xx.a : HwiPCC32XX_nortos.c.obj (.text.HwiP_Params_init)
                  20011822    00000012                     : HwiPCC32XX_nortos.c.obj (.text.HwiP_delete)
                  20011834    00000012     driverlib.a : i2c.obj (.text.I2CMasterDisable)
                  20011846    00000012                 : i2c.obj (.text.I2CMasterEnable)
                  20011858    00000012     drivers_cc32xx.a : I2C.c.obj (.text.I2C_transfer)
                  2001186a    00000012     driverlib.a : systick.obj (.text.SysTickEnable)
                  2001187c    00000012                 : systick.obj (.text.SysTickIntDisable)
                  2001188e    00000012                 : systick.obj (.text.SysTickIntEnable)
                  200118a0    00000012     drivers_cc32xx.a : UDMACC32XX.c.obj (.text.postNotifyFxn)
                  200118b2    00000012     libc.a : memcpy_t2.S.obj (.text:TI_memcpy_small)
                  200118c4    00000010     nortos_cc32xx.a : ClockPSysTick_nortos.c.obj (.text.ClockP_getCpuFreq)
                  200118d4    00000010                     : ClockPSysTick_nortos.c.obj (.text.ClockP_getSystemTicks)
                  200118e4    00000010                     : ClockPSysTick_nortos.c.obj (.text.ClockP_setTicks)
                  200118f4    00000010                     : HwiPCC32XX_nortos.c.obj (.text.HwiP_inISR)
                  20011904    00000010     driverlib.a : i2c.obj (.text.I2CMasterControl)
                  20011914    00000010                 : i2c.obj (.text.I2CMasterIntClearEx)
                  20011924    00000010                 : i2c.obj (.text.I2CMasterTimeoutSet)
                  20011934    00000010     drivers_cc32xx.a : PowerCC32XX.c.obj (.text.Power_enablePolicy)
                  20011944    00000010                      : RingBuf.c.obj (.text.RingBuf_construct)
                  20011954    00000010     smartthermostat.o (.text.TempUpdate)
                  20011964    00000010     driverlib.a : timer.obj (.text.TimerIntClear)
                  20011974    00000010     drivers_cc32xx.a : Timer.c.obj (.text.Timer_Params_init)
                  20011984    00000010                      : UART2CC32XX.c.obj (.text.UART2Support_txDone)
                  20011994    00000010     driverlib.a : uart.obj (.text.UARTBusy)
                  200119a4    00000010                 : uart.obj (.text.UARTIntClear)
                  200119b4    00000010                 : uart.obj (.text.UARTRxErrorGet)
                  200119c4    00000010     main_nortos.o (.text.main)
                  200119d4    00000010     libc.a : wcslen.c.obj (.text.wcslen)
                  200119e4    00000010            : copy_zero_init.c.obj (.text:decompress:ZI)
                  200119f4    0000000e     nortos_cc32xx.a : HwiPCC32XX_nortos.c.obj (.text.HwiP_interruptsEnabled)
                  20011a02    0000000e     driverlib.a : i2c.obj (.text.I2CFIFOStatus)
                  20011a10    0000000e     drivers_cc32xx.a : UART2.c.obj (.text.UART2_write)
                  20011a1e    0000000e     libc.a : _printfi.c.obj (.text.strlen)
                  20011a2c    0000000e     driverlib.a : udma.obj (.text.uDMAEnable)
                  20011a3a    0000000e                 : udma.obj (.text.uDMAErrorStatusClear)
                  20011a48    0000000e     libc.a : memset_t2.S.obj (.text:TI_memset_small)
                  20011a56    0000000e            : copy_decompress_none.c.obj (.text:decompress:none)
                  20011a64    0000000c     driverlib.a : cpu.obj (.text.CPUwfi)
                  20011a70    0000000c     drivers_cc32xx.a : I2CCC32XX.c.obj (.text.I2CCC32XX_postNotify)
                  20011a7c    0000000c                      : I2C.c.obj (.text.I2C_Params_init)
                  20011a88    0000000c                      : I2CCC32XX.c.obj (.text.OUTLINED_FUNCTION_0)
                  20011a94    0000000c                      : UART2CC32XX.c.obj (.text.OUTLINED_FUNCTION_0)
                  20011aa0    0000000c     smartthermostat.o (.text.OUTLINED_FUNCTION_0)
                  20011aac    0000000c     driverlib.a : prcm.obj (.text.PRCMLPDSWakeupCauseGet)
                  20011ab8    0000000c     drivers_cc32xx.a : PowerCC32XX.c.obj (.text.Power_getConstraintMask)
                  20011ac4    0000000c                      : UART2CC32XX.c.obj (.text.UART2CC32XX_postNotifyFxn)
                  20011ad0    0000000c                      : UART2CC32XX.c.obj (.text.UART2Support_disableTx)
                  20011adc    0000000c                      : UART2CC32XX.c.obj (.text.UART2Support_enableTx)
                  20011ae8    0000000c                      : UART2.c.obj (.text.UART2_Params_init)
                  20011af4    0000000c     smartthermostat.o (.text.gpioButtonFxn0)
                  20011b00    0000000c     smartthermostat.o (.text.gpioButtonFxn1)
                  20011b0c    0000000c     drivers_cc32xx.a : TimerCC32XX.c.obj (.text.postNotifyFxn)
                  20011b18    0000000c     smartthermostat.o (.text.timerCallback)
                  20011b24    0000000c     driverlib.a : udma.obj (.text.uDMAErrorStatusGet)
                  20011b30    0000000a                 : cpu.obj (.text.CPUprimask)
                  20011b3a    0000000a     nortos_cc32xx.a : ClockPSysTick_nortos.c.obj (.text.ClockP_isActive)
                  20011b44    0000000a     driverlib.a : interrupt.obj (.text.IntMasterDisable)
                  20011b4e    0000000a                 : interrupt.obj (.text.IntMasterEnable)
                  20011b58    0000000a     drivers_cc32xx.a : UART2CC32XX.c.obj (.text.OUTLINED_FUNCTION_1)
                  20011b62    0000000a                      : UART2CC32XX.c.obj (.text.OUTLINED_FUNCTION_2)
                  20011b6c    0000000a     libclang_rt.builtins.a : aeabi_memset.S.obj (.text.__aeabi_memset)
                  20011b76    0000000a     ti_drivers_config.o (.text.dmaErrorFxn)
                  20011b80    00000008     nortos_cc32xx.a : HwiPCC32XX_nortos.c.obj (.text.HwiP_disable)
                  20011b88    00000008                     : HwiPCC32XX_nortos.c.obj (.text.HwiP_restore)
                  20011b90    00000008     drivers_cc32xx.a : I2CCC32XX.c.obj (.text.I2CCC32XX_blockingCallback)
                  20011b98    00000008                      : I2CCC32XX.c.obj (.text.I2CSupport_controllerFinish)
                  20011ba0    00000008     driverlib.a : prcm.obj (.text.PRCMSleepEnter)
                  20011ba8    00000008                 : utils.obj (.text.UtilsDelay)
                  20011bb0    00000008     libc.a : aeabi_portable.c.obj (.text.__aeabi_errno_addr)
                  20011bb8    00000008     libclang_rt.builtins.a : aeabi_memset.S.obj (.text.__aeabi_memclr)
                  20011bc0    00000008     libc.a : memory.c.obj (.text.malloc)
                  20011bc8    00000006     drivers_cc32xx.a : I2CCC32XX.c.obj (.text.I2CSupport_powerRelConstraint)
                  20011bce    00000006                      : I2CCC32XX.c.obj (.text.I2CSupport_powerSetConstraint)
                  20011bd4    00000006                      : UART2CC32XX.c.obj (.text.UART2Support_powerRelConstraint)
                  20011bda    00000004     nortos_cc32xx.a : HwiPCC32XX_nortos.c.obj (.text.HwiP_clearInterrupt)
                  20011bde    00000004                     : HwiPCC32XX_nortos.c.obj (.text.HwiP_disableInterrupt)
                  20011be2    00000004                     : HwiPCC32XX_nortos.c.obj (.text.HwiP_enable)
                  20011be6    00000004                     : HwiPCC32XX_nortos.c.obj (.text.HwiP_enableInterrupt)
                  20011bea    00000004                     : HwiPCC32XX_nortos.c.obj (.text.HwiP_post)
                  20011bee    00000004     driverlib.a : interrupt.obj (.text.IntDefaultHandler)
                  20011bf2    00000004     nortos_cc32xx.a : NoRTOS.c.obj (.text.NoRTOS_start)
                  20011bf6    00000004     drivers_cc32xx.a : RingBuf.c.obj (.text.RingBuf_getCount)
                  20011bfa    00000004     nortos_cc32xx.a : SemaphoreP_nortos.c.obj (.text.SemaphoreP_delete)
                  20011bfe    00000002     --HOLE-- [fill = 0]
                  20011c00    00000004     libclang_rt.builtins.a : aeabi_memcpy.S.obj (.text.__aeabi_memcpy)
                  20011c04    00000004     libc.a : pre_init.c.obj (.text._system_pre_init)
                  20011c08    00000004            : exit.c.obj (.text:abort)

.ramVecs   0    20000000    0000030c     NOLOAD SECTION
                  20000000    0000030c     nortos_cc32xx.a : startup_cc32xx_ticlang.c.obj (.ramVecs)

.stack     0    20003000    00001000     UNINITIALIZED
                  20003000    00000004     libc.a : boot_cortex_m.c.obj (.stack)
                  20003004    00000ffc     --HOLE--

.resetVecs 
*          0    20004000    00000040     
                  20004000    00000040     nortos_cc32xx.a : startup_cc32xx_ticlang.c.obj (.resetVecs)

.sysmem    0    20004040    00008000     UNINITIALIZED
                  20004040    00000010     libc.a : memory.c.obj (.sysmem)
                  20004050    00007ff0     --HOLE--

.cinit     0    20011c0c    000000fc     
                  20011c0c    000000d5     (.cinit..data.load) [load image, compression = lzss]
                  20011ce1    00000003     --HOLE-- [fill = 0]
                  20011ce4    0000000c     (__TI_handler_table)
                  20011cf0    00000008     (.cinit..bss.load) [load image, compression = zero_init]
                  20011cf8    00000010     (__TI_cinit_table)

.rodata    0    20012a50    00000735     
                  20012a50    00000101     libc.a : aeabi_ctype.S.obj (.rodata:__aeabi_ctype_table_)
                  20012b51    00000002     drivers_cc32xx.a : UART2CC32XX.c.obj (.rodata.stopBits)
                  20012b53    00000001     ti_drivers_config.o (.rodata.GPIO_pinUpperBound)
                  20012b54    00000100     driverlib.a : pin.obj (.rodata.g_ulPinToPadMap)
                  20012c54    000000d4                 : interrupt.obj (.rodata.g_pulRegs)
                  20012d28    000000a8                 : prcm.obj (.rodata.PRCM_PeriphRegsList)
                  20012dd0    00000048     smartthermostat.o (.rodata.str1.37546711336922212791)
                  20012e18    00000044     ti_drivers_config.o (.rodata.PowerCC32XX_config)
                  20012e5c    00000038     ti_drivers_config.o (.rodata.uart2CC32XXHWAttrs0)
                  20012e94    00000032     smartthermostat.o (.rodata.str1.4357889853298175604)
                  20012ec6    00000001     ti_drivers_config.o (.rodata.I2C_count)
                  20012ec7    00000001     ti_drivers_config.o (.rodata.Timer_count)
                  20012ec8    00000028     drivers_cc32xx.a : GPIOCC32XX.c.obj (.rodata.portConfigs)
                  20012ef0    00000028     smartthermostat.o (.rodata.str1.15763167855101013731)
                  20012f18    00000024     drivers_cc32xx.a : UART2.c.obj (.rodata.UART2_defaultParams)
                  20012f3c    00000021                      : GPIOCC32XX.c.obj (.rodata.pinTable)
                  20012f5d    00000021     smartthermostat.o (.rodata.str1.135027229659780795501)
                  20012f7e    00000001     ti_drivers_config.o (.rodata.UART2_count)
                  20012f7f    00000001     --HOLE-- [fill = 0]
                  20012f80    00000020     smartthermostat.o (.rodata.str1.75679321182462139824)
                  20012fa0    0000001b     smartthermostat.o (.rodata.str1.66697961092163904314)
                  20012fbb    00000001     --HOLE-- [fill = 0]
                  20012fbc    0000001a     smartthermostat.o (.rodata.str1.81056029716749925654)
                  20012fd6    00000002     --HOLE-- [fill = 0]
                  20012fd8    00000019     smartthermostat.o (.rodata.str1.165080297297956088404)
                  20012ff1    00000003     --HOLE-- [fill = 0]
                  20012ff4    00000018     driverlib.a : interrupt.obj (.rodata.g_pulDisRegs)
                  2001300c    00000018                 : interrupt.obj (.rodata.g_pulEnRegs)
                  20013024    00000018                 : interrupt.obj (.rodata.g_pulPendRegs)
                  2001303c    00000018                 : interrupt.obj (.rodata.g_pulUnpendRegs)
                  20013054    00000018     smartthermostat.o (.rodata.sensors)
                  2001306c    00000016     smartthermostat.o (.rodata.str1.80771931927520895411)
                  20013082    00000002     --HOLE-- [fill = 0]
                  20013084    00000014     ti_drivers_config.o (.rodata.i2cCC32XXHWAttrs)
                  20013098    00000013     smartthermostat.o (.rodata.str1.167689562500309159854)
                  200130ab    00000011     libc.a : _printfi.c.obj (.rodata.str1.11645776875810915891)
                  200130bc    00000011            : _printfi.c.obj (.rodata.str1.44690500295887128011)
                  200130cd    00000003     --HOLE-- [fill = 0]
                  200130d0    00000010     ti_drivers_config.o (.rodata.GPIO_config)
                  200130e0    00000010     drivers_cc32xx.a : I2CCC32XX.c.obj (.rodata.cst16)
                  200130f0    00000010     ti_drivers_config.o (.rodata.timerCC32XXHWAttrs)
                  20013100    0000000d     smartthermostat.o (.rodata.str1.110659221519297329704)
                  2001310d    0000000d     smartthermostat.o (.rodata.str1.46039676269145211141)
                  2001311a    00000002     --HOLE-- [fill = 0]
                  2001311c    0000000d     smartthermostat.o (.rodata.str1.8365960380701271994)
                  20013129    00000003     --HOLE-- [fill = 0]
                  2001312c    0000000c     drivers_cc32xx.a : Timer.c.obj (.rodata.defaultParams)
                  20013138    0000000c                      : TimerCC32XX.c.obj (.rodata.defaultParams)
                  20013144    0000000c     ti_drivers_config.o (.rodata.udmaCC3220SHWAttrs)
                  20013150    00000008     ti_drivers_config.o (.rodata.I2C_config)
                  20013158    00000008     ti_drivers_config.o (.rodata.Timer_config)
                  20013160    00000008     ti_drivers_config.o (.rodata.UART2_config)
                  20013168    00000008     ti_drivers_config.o (.rodata.UDMACC32XX_config)
                  20013170    00000005     drivers_cc32xx.a : UART2CC32XX.c.obj (.rodata.parityType)
                  20013175    00000004                      : UART2CC32XX.c.obj (.rodata.cst4)
                  20013179    00000004     smartthermostat.o (.rodata.str1.145060774282561655511)
                  2001317d    00000004     smartthermostat.o (.rodata.str1.29269096644506088281)
                  20013181    00000004     smartthermostat.o (.rodata.str1.77706029913758031481)

.init_array 
*          0    20004000    00000000     UNINITIALIZED

.bss       0    20012000    00000a43     UNINITIALIZED
                  20012000    00000400     ti_drivers_config.o (.bss.dmaControlTable)
                  20012400    00000178     (.common:uart2CC32XXObjects0)
                  20012578    0000012c     (.common:PowerCC32XX_contextSave)
                  200126a4    000000fc     (.common:i2cCC32XXObjects)
                  200127a0    00000084     (.common:gpioCallbackFunctions)
                  20012824    00000084     (.common:gpioUserArgs)
                  200128a8    00000084     (.common:timerCC32XXObjects)
                  2001292c    00000040     (.common:output)
                  2001296c    00000030     (.common:tasks)
                  2001299c    00000020     ti_drivers_config.o (.bss.uart2RxRingBuffer0)
                  200129bc    00000020     ti_drivers_config.o (.bss.uart2TxRingBuffer0)
                  200129dc    00000020     (.common:i2cTransaction)
                  200129fc    00000014     drivers_cc32xx.a : UDMACC32XX.c.obj (.bss.postNotifyObj)
                  20012a10    00000010     (.common:ClockP_ctrl)
                  20012a20    00000008     (.common:udmaCC3220SObject)
                  20012a28    00000004     nortos_cc32xx.a : ClockPSysTick_nortos.c.obj (.bss.sysTickPeriod)
                  20012a2c    00000004     libc.a : memory.c.obj (.bss.sys_free)
                  20012a30    00000004     drivers_cc32xx.a : TimerCC32XX.c.obj (.bss.timerState.0)
                  20012a34    00000004     (.common:i2c)
                  20012a38    00000004     (.common:timer0)
                  20012a3c    00000004     (.common:uart)
                  20012a40    00000002     (.common:rxBuffer)
                  20012a42    00000001     (.common:txBuffer)

.data      0    20013188    00000699     UNINITIALIZED
                  20013188    0000030c     nortos_cc32xx.a : HwiPCC32XX_nortos.c.obj (.data.HwiP_dispatchTable)
                  20013494    0000016c     drivers_cc32xx.a : PowerCC32XX.c.obj (.data.PowerCC32XX_module)
                  20013600    000000f8     ti_drivers_config.o (.data.parkInfo)
                  200136f8    00000084     ti_drivers_config.o (.data.gpioPinConfigs)
                  2001377c    0000004c     nortos_cc32xx.a : SwiP_nortos.c.obj (.data..L_MergedGlobals)
                  200137c8    00000018     drivers_cc32xx.a : GPIOCC32XX.c.obj (.data..L_MergedGlobals)
                  200137e0    00000010     nortos_cc32xx.a : SemaphoreP_nortos.c.obj (.data..L_MergedGlobals)
                  200137f0    0000000c     smartthermostat.o (.data..L_MergedGlobals)
                  200137fc    00000008     drivers_cc32xx.a : UDMACC32XX.c.obj (.data..L_MergedGlobals)
                  20013804    00000008     nortos_cc32xx.a : ClockPSysTick_nortos.c.obj (.data..L_MergedGlobals)
                  2001380c    00000004                     : HwiPCC32XX_nortos.c.obj (.data.HwiP_swiPIntNum)
                  20013810    00000004     libc.a : aeabi_portable.c.obj (.data.__aeabi_errno)
                  20013814    00000004            : _lock.c.obj (.data._lock)
                  20013818    00000004            : _lock.c.obj (.data._unlock)
                  2001381c    00000001     smartthermostat.o (.data.TimerFlag)
                  2001381d    00000001     drivers_cc32xx.a : GPIOCC32XX.c.obj (.data.initCalled)
                  2001381e    00000001                      : GPIOCC32XX.c.obj (.data.portHwiCreatedBitMask)
                  2001381f    00000001     --HOLE--
                  20013820    00000001     libc.a : memory.c.obj (.data.memory_is_initialized)

.log_data 
*          0    90000000    00000000     COPY SECTION

.log_ptr   0    94000008    00000000     COPY SECTION

__llvm_prf_cnts 
*          0    20004000    00000000     UNINITIALIZED

__llvm_prf_bits 
*          0    20004000    00000000     UNINITIALIZED

MODULE SUMMARY

       Module                         code    ro data   rw data
       ------                         ----    -------   -------
    .\
       smartthermostat.o              1212    421       172    
       main_nortos.o                  16      0         0      
    +--+------------------------------+-------+---------+---------+
       Total:                         1228    421       172    
                                                               
    .\syscfg\
       ti_drivers_config.o            34      224       2500   
    +--+------------------------------+-------+---------+---------+
       Total:                         34      224       2500   
                                                               
    C:/ti/simplelink_cc32xx_sdk_7_10_00_13/kernel/nortos/lib/ticlang/m4/nortos_cc32xx.a
       HwiPCC32XX_nortos.c.obj        308     0         784    
       startup_cc32xx_ticlang.c.obj   88      64        780    
       ClockPSysTick_nortos.c.obj     524     0         28     
       SemaphoreP_nortos.c.obj        392     0         16     
       PowerCC32XX_nortos.c.obj       404     0         0      
       SwiP_nortos.c.obj              84      0         76     
       NoRTOS.c.obj                   4       0         0      
    +--+------------------------------+-------+---------+---------+
       Total:                         1804    64        1684   
                                                               
    C:/ti/simplelink_cc32xx_sdk_7_10_00_13/source/ti/devices/cc32xx/driverlib/ticlang/Release/driverlib.a
       prcm.obj                       2564    168       0      
       interrupt.obj                  868     308       0      
       pin.obj                        750     256       0      
       udma.obj                       806     0         0      
       i2c.obj                        658     0         0      
       uart.obj                       490     0         0      
       gpio.obj                       388     0         0      
       timer.obj                      278     0         0      
       flash.obj                      92      0         0      
       systick.obj                    76      0         0      
       cpu.obj                        62      0         0      
       utils.obj                      8       0         0      
    +--+------------------------------+-------+---------+---------+
       Total:                         7040    732       0      
                                                               
    C:/ti/simplelink_cc32xx_sdk_7_10_00_13/source/ti/drivers/lib/ticlang/m4/drivers_cc32xx.a
       PowerCC32XX.c.obj              2052    0         664    
       UART2CC32XX.c.obj              2198    11        0      
       I2CCC32XX.c.obj                1242    16        0      
       GPIOCC32XX.c.obj               960     73        26     
       TimerCC32XX.c.obj              880     12        4      
       UART2.c.obj                    762     36        0      
       I2C.c.obj                      366     0         0      
       RingBuf.c.obj                  272     0         0      
       UDMACC32XX.c.obj               242     0         28     
       Timer.c.obj                    150     12        0      
       PowerCC32XX_ticlang.asm.obj    150     0         0      
       List.c.obj                     76      0         0      
       GPIO.c.obj                     28      0         0      
    +--+------------------------------+-------+---------+---------+
       Total:                         9378    160       722    
                                                               
    C:\ti\ccs1281\ccs\tools\compiler\ti-cgt-armllvm_3.2.2.LTS\lib\armv7em-ti-none-eabi/c/libc.a
       _printfi.c.obj                 2170    34        0      
       memory.c.obj                   712     0         5      
       aeabi_ctype.S.obj              0       257       0      
       snprintf.c.obj                 140     0         0      
       copy_decompress_lzss.c.obj     112     0         0      
       atoi.c.obj                     64      0         0      
       autoinit.c.obj                 56      0         0      
       boot_cortex_m.c.obj            36      0         0      
       memccpy.c.obj                  30      0         0      
       memcpy_t2.S.obj                18      0         0      
       copy_zero_init.c.obj           16      0         0      
       wcslen.c.obj                   16      0         0      
       copy_decompress_none.c.obj     14      0         0      
       memset_t2.S.obj                14      0         0      
       aeabi_portable.c.obj           8       0         4      
       _lock.c.obj                    2       0         8      
       exit.c.obj                     4       0         0      
       pre_init.c.obj                 4       0         0      
    +--+------------------------------+-------+---------+---------+
       Total:                         3416    291       17     
                                                               
    C:\ti\ccs1281\ccs\tools\compiler\ti-cgt-armllvm_3.2.2.LTS\lib\clang/15.0.7/lib/armv7em-ti-none-eabi/libclang_rt.builtins.a
       muldf3.S.obj                   252     0         0      
       udivmoddi4.S.obj               176     0         0      
       fixdfsi.S.obj                  72      0         0      
       floatsidf.S.obj                46      0         0      
       aeabi_uldivmod.S.obj           20      0         0      
       aeabi_memset.S.obj             18      0         0      
       aeabi_memcpy.S.obj             4       0         0      
       aeabi_div0.c.obj               2       0         0      
    +--+------------------------------+-------+---------+---------+
       Total:                         590     0         0      
                                                               
       Heap:                          0       0         32768  
       Stack:                         0       0         4096   
       Linker Generated:              0       249       0      
    +--+------------------------------+-------+---------+---------+
       Grand Total:                   23490   2141      41959  


LINKER GENERATED COPY TABLES

__TI_cinit_table @ 20011cf8 records: 2, size/record: 8, table size: 16
	.data: load addr=20011c0c, load size=000000d5 bytes, run addr=20013188, run size=00000699 bytes, compression=lzss
	.bss: load addr=20011cf0, load size=00000008 bytes, run addr=20012000, run size=00000a43 bytes, compression=zero_init


LINKER GENERATED HANDLER TABLE

__TI_handler_table @ 20011ce4 records: 3, size/record: 4, table size: 12
	index: 0, handler: __TI_decompress_lzss
	index: 1, handler: __TI_decompress_none
	index: 2, handler: __TI_zero_init


GLOBAL SYMBOLS: SORTED ALPHABETICALLY BY Name 

address   name                             
-------   ----                             
200115e3  Board_init                       
2000d36b  Board_initHook                   
20010b71  ButtonCheck                      
20011c08  C$$EXIT                          
200116d5  CPUcpsid                         
200116e9  CPUcpsie                         
20011b31  CPUprimask                       
20011a65  CPUwfi                           
200117ed  ClockP_add                       
20012a10  ClockP_ctrl                      
200107dd  ClockP_destruct                  
2000ef7d  ClockP_doTick                    
200118c5  ClockP_getCpuFreq                
200118d5  ClockP_getSystemTicks            
20010ba1  ClockP_getTicksUntilInterrupt    
20011b3b  ClockP_isActive                  
200118e5  ClockP_setTicks                  
200109d1  ClockP_start                     
2000fbc9  ClockP_startup                   
20010729  ClockP_stop                      
200100c9  ClockP_sysTickHandler            
20013808  ClockP_tickPeriod                
2000f9fd  FlashDisable                     
20010303  GPIODirModeSet                   
200117ff  GPIOIntClear                     
200114e5  GPIOIntDisable                   
2001159b  GPIOIntEnable                    
20010d21  GPIOIntStatus                    
2000eb19  GPIOIntTypeSet                   
200111e1  GPIOPinWrite                     
200130d0  GPIO_config                      
20010349  GPIO_disableInt                  
2001038d  GPIO_enableInt                   
2000fd79  GPIO_hwiIntFxn                   
2000f0a9  GPIO_init                        
20012b53  GPIO_pinUpperBound               
2001143d  GPIO_setCallback                 
2000dabd  GPIO_setConfig                   
2000feb9  GPIO_setInterruptConfig          
2000f93d  GPIO_write                       
20011811  HwiP_Params_init                 
20011bdb  HwiP_clearInterrupt              
2000f345  HwiP_construct                   
20010e8d  HwiP_create                      
20011823  HwiP_delete                      
200116fd  HwiP_destruct                    
20011b81  HwiP_disable                     
20011bdf  HwiP_disableInterrupt            
20011459  HwiP_dispatch                    
20011be3  HwiP_enable                      
20011be7  HwiP_enableInterrupt             
200118f5  HwiP_inISR                       
200119f5  HwiP_interruptsEnabled           
20011beb  HwiP_post                        
20011b89  HwiP_restore                     
2001380c  HwiP_swiPIntNum                  
20010bd1  I2CFIFODataGetNonBlocking        
20010a05  I2CFIFODataPutNonBlocking        
20011a03  I2CFIFOStatus                    
200115f9  I2CMasterBurstLengthSet          
20010f35  I2CMasterBusBusy                 
20011905  I2CMasterControl                 
20011835  I2CMasterDisable                 
20011847  I2CMasterEnable                  
2000ee4b  I2CMasterInitExpClk              
20011915  I2CMasterIntClearEx              
2001160f  I2CMasterIntDisableEx            
20011711  I2CMasterIntEnableEx             
20010e07  I2CMasterIntStatusEx             
20010f5d  I2CMasterSlaveAddrSet            
20011925  I2CMasterTimeoutSet              
2001109d  I2CRxFIFOConfigSet               
20011625  I2CRxFIFOFlush                   
20011b99  I2CSupport_controllerFinish      
20011bc9  I2CSupport_powerRelConstraint    
20011bcf  I2CSupport_powerSetConstraint    
2000fa59  I2CSupport_primeTransfer         
20010f85  I2CTxFIFOConfigSet               
2001163b  I2CTxFIFOFlush                   
20011a7d  I2C_Params_init                  
20010fad  I2C_cancel                       
20013150  I2C_config                       
20012ec6  I2C_count                        
2000df87  I2C_init                         
2000e4c1  I2C_open                         
20011859  I2C_transfer                     
2000de61  I2C_transferTimeout              
UNDEFED   ITM_flush                        
UNDEFED   ITM_restore                      
2000e75d  IntDisable                       
2000e825  IntEnable                        
20011b45  IntMasterDisable                 
20011b4f  IntMasterEnable                  
2000f86d  IntPendClear                     
2000ebc5  IntPendSet                       
2000fc21  IntPrioritySet                   
20011269  IntRegister                      
200110c1  IntUnregister                    
20011725  IntVTableBaseSet                 
20011289  LEDUpdate                        
200110e5  List_put                         
20010fd5  List_remove                      
20011bf3  NoRTOS_start                     
2000c8ad  PRCMCC3200MCUInit                
200114ff  PRCMHIBRegRead                   
20011519  PRCMHIBRegWrite                  
2000f3b9  PRCMHibernateWakeUpGPIOSelect    
2000fab5  PRCMHibernateWakeupSourceDisable 
2000fdc9  PRCMHibernateWakeupSourceEnable  
20010111  PRCMIntEnable                    
2000fc79  PRCMLPDSEnter                    
20010277  PRCMLPDSEnterKeepDebugIf         
20010c01  PRCMLPDSIntervalSet              
2000ff05  PRCMLPDSRestoreInfoSet           
20010eb7  PRCMLPDSWakeUpGPIOSelect         
20011aad  PRCMLPDSWakeupCauseGet           
20011533  PRCMLPDSWakeupSourceDisable      
20011109  PRCMLPDSWakeupSourceEnable       
20010ee1  PRCMPeripheralClkDisable         
2000fb6d  PRCMPeripheralClkEnable          
2000f799  PRCMPeripheralReset              
20010159  PRCMPeripheralStatusGet          
20010ffd  PRCMSRAMRetentionEnable          
20011ba1  PRCMSleepEnter                   
20010c31  PRCMSlowClkCtrFastGet            
2000f139  PRCMSysResetCauseGet             
200101a1  PinConfigGet                     
2000ed0d  PinConfigSet                     
20010a39  PinDirModeGet                    
200106e9  PinDirModeSet                    
2001092d  PinLock                          
2000f511  PinLockLevelSet                  
20010a6d  PinModeGet                       
200104e1  PinModeSet                       
2001154d  PinToPadGet                      
200112a9  PinTypeI2C                       
20011369  PinTypeUART                      
20011203  PinUnlock                        
20012e18  PowerCC32XX_config               
2000f1c9  PowerCC32XX_configureWakeup      
20012578  PowerCC32XX_contextSave          
2000ef81  PowerCC32XX_enterLPDS            
20011025  PowerCC32XX_getParkState         
2000eee3  PowerCC32XX_initPolicy           
20013494  PowerCC32XX_module               
20010aa1  PowerCC32XX_parkPin              
200112c9  PowerCC32XX_reset                
2001112d  PowerCC32XX_restoreParkState     
20011151  PowerCC32XX_restoreParkedPin     
2000efc5  PowerCC32XX_resumeLPDS           
2000fcd1  PowerCC32XX_setParkState         
2000d825  PowerCC32XX_sleepPolicy          
20011739  Power_disablePolicy              
20011935  Power_enablePolicy               
20011ab9  Power_getConstraintMask          
2001174d  Power_getTransitionLatency       
20011761  Power_idleFunc                   
2000f2cd  Power_init                       
20011175  Power_registerNotify             
200103d1  Power_releaseConstraint          
2000fd25  Power_releaseDependency          
20010815  Power_setConstraint              
2000f57d  Power_setDependency              
2000cd65  Power_sleep                      
200112e9  Power_unregisterNotify           
20011945  RingBuf_construct                
20010d4f  RingBuf_getConsume               
20011bf7  RingBuf_getCount                 
20011225  RingBuf_getPointer               
200102bd  RingBuf_put                      
2001084d  RingBuf_putAdvance               
20010d7d  RingBuf_putPointer               
2000fe19  SemaphoreP_construct             
20011309  SemaphoreP_constructBinary       
200115b3  SemaphoreP_create                
20011329  SemaphoreP_createBinary          
200137e8  SemaphoreP_defaultParams         
20011bfb  SemaphoreP_delete                
2000f1c7  SemaphoreP_destruct              
2000eee5  SemaphoreP_pend                  
200105e9  SemaphoreP_post                  
20011475  SwiP_disable                     
20010885  SwiP_restore                     
2001186b  SysTickEnable                    
2001187d  SysTickIntDisable                
2001188f  SysTickIntEnable                 
20011651  SysTickPeriodSet                 
200118b3  TI_memcpy_small                  
20011a49  TI_memset_small                  
20011955  TempUpdate                       
2000fb11  TimerCC32XX_allocateTimerResource
20010ad5  TimerCC32XX_freeTimerResource    
20010523  TimerControlStall                
20011349  TimerDisable                     
20011567  TimerEnable                      
2001381c  TimerFlag                        
20011965  TimerIntClear                    
20011667  TimerIntDisable                  
20011775  TimerIntEnable                   
20010c61  TimerLoadSet                     
20010c91  TimerPrescaleSet                 
2001104d  TimerSupport_timerDisable        
200107a1  TimerSupport_timerEnable         
20011975  Timer_Params_init                
20010565  Timer_close                      
20013158  Timer_config                     
20012ec7  Timer_count                      
2000f2cb  Timer_init                       
2000d975  Timer_open                       
20010415  Timer_start                      
20010629  Timer_stop                       
20011199  UART2Support_disableRx           
20011ad1  UART2Support_disableTx           
2000e691  UART2Support_dmaStartRx          
2000e9b1  UART2Support_dmaStartTx          
2000ffe9  UART2Support_dmaStopRx           
2000f99d  UART2Support_dmaStopTx           
20011add  UART2Support_enableTx            
20011bd5  UART2Support_powerRelConstraint  
20011247  UART2Support_sendData            
20011985  UART2Support_txDone              
20011ae9  UART2_Params_init                
2000e5a9  UART2_close                      
20013160  UART2_config                     
20012f7e  UART2_count                      
20012f18  UART2_defaultParams              
2000d36d  UART2_open                       
20010b09  UART2_rxDisable                  
20011a11  UART2_write                      
20011387  UART2_writeTimeout               
2000d6b1  UART2_writeTimeoutBlocking       
2000e0a9  UART2_writeTimeoutNonblocking    
20011995  UARTBusy                         
20010999  UARTCharPutNonBlocking           
2001167d  UARTCharsAvail                   
2000f42d  UARTConfigSetExpClk              
20011693  UARTDMADisable                   
20011789  UARTDMAEnable                    
20010dab  UARTDisable                      
200113a5  UARTEnable                       
200116a9  UARTFIFOLevelSet                 
20011581  UARTFlowControlSet               
200119a5  UARTIntClear                     
200116bf  UARTIntDisable                   
2001179d  UARTIntEnable                    
20010f0b  UARTIntStatus                    
200119b5  UARTRxErrorGet                   
2000ff51  UARTUpdate                       
200108bd  UDMACC32XX_close                 
20013168  UDMACC32XX_config                
20010765  UDMACC32XX_init                  
2000f5e9  UDMACC32XX_open                  
20011ba9  UtilsDelay                       
20004000  __STACK_END                      
00001000  __STACK_SIZE                     
00008000  __SYSMEM_SIZE                    
00000000  __TI_ATRegion0_region_sz         
00000000  __TI_ATRegion0_src_addr          
00000000  __TI_ATRegion0_trg_addr          
00000000  __TI_ATRegion1_region_sz         
00000000  __TI_ATRegion1_src_addr          
00000000  __TI_ATRegion1_trg_addr          
00000000  __TI_ATRegion2_region_sz         
00000000  __TI_ATRegion2_src_addr          
00000000  __TI_ATRegion2_trg_addr          
20011cf8  __TI_CINIT_Base                  
20011d08  __TI_CINIT_Limit                 
20011d08  __TI_CINIT_Warm                  
20011ce4  __TI_Handler_Table_Base          
20011cf0  __TI_Handler_Table_Limit         
200108f5  __TI_auto_init_nobinit_nopinit   
2000f4a1  __TI_decompress_lzss             
20011a57  __TI_decompress_none             
ffffffff  __TI_pprof_out_hndl              
2000c041  __TI_printfi_nofloat             
ffffffff  __TI_prof_data_size              
ffffffff  __TI_prof_data_start             
20011c0c  __TI_static_base__               
200119e5  __TI_zero_init                   
20012a50  __aeabi_ctype_table_             
20012a50  __aeabi_ctype_table_C            
200101e9  __aeabi_d2iz                     
2000e2d5  __aeabi_dmul                     
20013810  __aeabi_errno                    
20011bb1  __aeabi_errno_addr               
20010dd9  __aeabi_i2d                      
2000f93b  __aeabi_ldiv0                    
20011bb9  __aeabi_memclr                   
20011bb9  __aeabi_memclr4                  
20011bb9  __aeabi_memclr8                  
20011c01  __aeabi_memcpy                   
20011c01  __aeabi_memcpy4                  
20011c01  __aeabi_memcpy8                  
20011b6d  __aeabi_memset                   
20011b6d  __aeabi_memset4                  
20011b6d  __aeabi_memset8                  
200117b1  __aeabi_uldivmod                 
ffffffff  __binit__                        
200101e9  __fixdfsi                        
20010dd9  __floatsidf                      
UNDEFED   __mpu_init                       
2000e2d5  __muldf3                         
20003000  __stack                          
20004000  __start___llvm_prf_bits          
20004000  __start___llvm_prf_cnts          
20004000  __stop___llvm_prf_bits           
20004000  __stop___llvm_prf_cnts           
2000ea69  __udivmoddi4                     
200111bd  _c_int00_noargs                  
20013814  _lock                            
2000fbc7  _nop                             
20004040  _sys_memory                      
UNDEFED   _system_post_cinit               
20011c05  _system_pre_init                 
20013818  _unlock                          
20011c09  abort                            
2000df89  aligned_alloc                    
20010669  atoi                             
ffffffff  binit                            
2000feb7  clkFxn                           
200137f1  decreaseTempFlag                 
2000e3d1  free                             
20011af5  gpioButtonFxn0                   
20011b01  gpioButtonFxn1                   
200127a0  gpioCallbackFunctions            
200136f8  gpioPinConfigs                   
20012824  gpioUserArgs                     
200137f0  heat                             
20012a34  i2c                              
20013084  i2cCC32XXHWAttrs                 
200126a4  i2cCC32XXObjects                 
200129dc  i2cTransaction                   
200137f2  increaseTempFlag                 
2000d539  initI2C                          
2000f655  initTimer                        
20010e61  initUART                         
20010b3d  initVectors                      
200119c5  main                             
2000dd35  mainThread                       
20011bc1  malloc                           
2000df89  memalign                         
200113c3  memccpy                          
2001292c  output                           
20013600  parkInfo                         
2000ec69  readTemp                         
200114c9  resetISR                         
20012a40  rxBuffer                         
200137f8  seconds                          
200137f6  setpoint                         
2001049d  snprintf                         
2001296c  tasks                            
200137f4  temperature                      
20012a38  timer0                           
200130f0  timerCC32XXHWAttrs               
200128a8  timerCC32XXObjects               
20011b19  timerCallback                    
20012a42  txBuffer                         
2000fe69  uDMAChannelAssign                
2000f017  uDMAChannelAttributeDisable      
200106a9  uDMAChannelControlSet            
200113e1  uDMAChannelDisable               
200113ff  uDMAChannelEnable                
2001141d  uDMAChannelIsEnabled             
2001007d  uDMAChannelSizeGet               
2000e1c3  uDMAChannelTransferSet           
200117c5  uDMAControlBaseSet               
20011a2d  uDMAEnable                       
20011a3b  uDMAErrorStatusClear             
20011b25  uDMAErrorStatusGet               
200117d9  uDMAIntClear                     
20012a3c  uart                             
20012400  uart2CC32XXObjects0              
20013144  udmaCC3220SHWAttrs               
20012a20  udmaCC3220SObject                
200119d5  wcslen                           


GLOBAL SYMBOLS: SORTED BY Symbol Address 

address   name                             
-------   ----                             
00000000  __TI_ATRegion0_region_sz         
00000000  __TI_ATRegion0_src_addr          
00000000  __TI_ATRegion0_trg_addr          
00000000  __TI_ATRegion1_region_sz         
00000000  __TI_ATRegion1_src_addr          
00000000  __TI_ATRegion1_trg_addr          
00000000  __TI_ATRegion2_region_sz         
00000000  __TI_ATRegion2_src_addr          
00000000  __TI_ATRegion2_trg_addr          
00001000  __STACK_SIZE                     
00008000  __SYSMEM_SIZE                    
20003000  __stack                          
20004000  __STACK_END                      
20004000  __start___llvm_prf_bits          
20004000  __start___llvm_prf_cnts          
20004000  __stop___llvm_prf_bits           
20004000  __stop___llvm_prf_cnts           
20004040  _sys_memory                      
2000c041  __TI_printfi_nofloat             
2000c8ad  PRCMCC3200MCUInit                
2000cd65  Power_sleep                      
2000d36b  Board_initHook                   
2000d36d  UART2_open                       
2000d539  initI2C                          
2000d6b1  UART2_writeTimeoutBlocking       
2000d825  PowerCC32XX_sleepPolicy          
2000d975  Timer_open                       
2000dabd  GPIO_setConfig                   
2000dd35  mainThread                       
2000de61  I2C_transferTimeout              
2000df87  I2C_init                         
2000df89  aligned_alloc                    
2000df89  memalign                         
2000e0a9  UART2_writeTimeoutNonblocking    
2000e1c3  uDMAChannelTransferSet           
2000e2d5  __aeabi_dmul                     
2000e2d5  __muldf3                         
2000e3d1  free                             
2000e4c1  I2C_open                         
2000e5a9  UART2_close                      
2000e691  UART2Support_dmaStartRx          
2000e75d  IntDisable                       
2000e825  IntEnable                        
2000e9b1  UART2Support_dmaStartTx          
2000ea69  __udivmoddi4                     
2000eb19  GPIOIntTypeSet                   
2000ebc5  IntPendSet                       
2000ec69  readTemp                         
2000ed0d  PinConfigSet                     
2000ee4b  I2CMasterInitExpClk              
2000eee3  PowerCC32XX_initPolicy           
2000eee5  SemaphoreP_pend                  
2000ef7d  ClockP_doTick                    
2000ef81  PowerCC32XX_enterLPDS            
2000efc5  PowerCC32XX_resumeLPDS           
2000f017  uDMAChannelAttributeDisable      
2000f0a9  GPIO_init                        
2000f139  PRCMSysResetCauseGet             
2000f1c7  SemaphoreP_destruct              
2000f1c9  PowerCC32XX_configureWakeup      
2000f2cb  Timer_init                       
2000f2cd  Power_init                       
2000f345  HwiP_construct                   
2000f3b9  PRCMHibernateWakeUpGPIOSelect    
2000f42d  UARTConfigSetExpClk              
2000f4a1  __TI_decompress_lzss             
2000f511  PinLockLevelSet                  
2000f57d  Power_setDependency              
2000f5e9  UDMACC32XX_open                  
2000f655  initTimer                        
2000f799  PRCMPeripheralReset              
2000f86d  IntPendClear                     
2000f93b  __aeabi_ldiv0                    
2000f93d  GPIO_write                       
2000f99d  UART2Support_dmaStopTx           
2000f9fd  FlashDisable                     
2000fa59  I2CSupport_primeTransfer         
2000fab5  PRCMHibernateWakeupSourceDisable 
2000fb11  TimerCC32XX_allocateTimerResource
2000fb6d  PRCMPeripheralClkEnable          
2000fbc7  _nop                             
2000fbc9  ClockP_startup                   
2000fc21  IntPrioritySet                   
2000fc79  PRCMLPDSEnter                    
2000fcd1  PowerCC32XX_setParkState         
2000fd25  Power_releaseDependency          
2000fd79  GPIO_hwiIntFxn                   
2000fdc9  PRCMHibernateWakeupSourceEnable  
2000fe19  SemaphoreP_construct             
2000fe69  uDMAChannelAssign                
2000feb7  clkFxn                           
2000feb9  GPIO_setInterruptConfig          
2000ff05  PRCMLPDSRestoreInfoSet           
2000ff51  UARTUpdate                       
2000ffe9  UART2Support_dmaStopRx           
2001007d  uDMAChannelSizeGet               
200100c9  ClockP_sysTickHandler            
20010111  PRCMIntEnable                    
20010159  PRCMPeripheralStatusGet          
200101a1  PinConfigGet                     
200101e9  __aeabi_d2iz                     
200101e9  __fixdfsi                        
20010277  PRCMLPDSEnterKeepDebugIf         
200102bd  RingBuf_put                      
20010303  GPIODirModeSet                   
20010349  GPIO_disableInt                  
2001038d  GPIO_enableInt                   
200103d1  Power_releaseConstraint          
20010415  Timer_start                      
2001049d  snprintf                         
200104e1  PinModeSet                       
20010523  TimerControlStall                
20010565  Timer_close                      
200105e9  SemaphoreP_post                  
20010629  Timer_stop                       
20010669  atoi                             
200106a9  uDMAChannelControlSet            
200106e9  PinDirModeSet                    
20010729  ClockP_stop                      
20010765  UDMACC32XX_init                  
200107a1  TimerSupport_timerEnable         
200107dd  ClockP_destruct                  
20010815  Power_setConstraint              
2001084d  RingBuf_putAdvance               
20010885  SwiP_restore                     
200108bd  UDMACC32XX_close                 
200108f5  __TI_auto_init_nobinit_nopinit   
2001092d  PinLock                          
20010999  UARTCharPutNonBlocking           
200109d1  ClockP_start                     
20010a05  I2CFIFODataPutNonBlocking        
20010a39  PinDirModeGet                    
20010a6d  PinModeGet                       
20010aa1  PowerCC32XX_parkPin              
20010ad5  TimerCC32XX_freeTimerResource    
20010b09  UART2_rxDisable                  
20010b3d  initVectors                      
20010b71  ButtonCheck                      
20010ba1  ClockP_getTicksUntilInterrupt    
20010bd1  I2CFIFODataGetNonBlocking        
20010c01  PRCMLPDSIntervalSet              
20010c31  PRCMSlowClkCtrFastGet            
20010c61  TimerLoadSet                     
20010c91  TimerPrescaleSet                 
20010d21  GPIOIntStatus                    
20010d4f  RingBuf_getConsume               
20010d7d  RingBuf_putPointer               
20010dab  UARTDisable                      
20010dd9  __aeabi_i2d                      
20010dd9  __floatsidf                      
20010e07  I2CMasterIntStatusEx             
20010e61  initUART                         
20010e8d  HwiP_create                      
20010eb7  PRCMLPDSWakeUpGPIOSelect         
20010ee1  PRCMPeripheralClkDisable         
20010f0b  UARTIntStatus                    
20010f35  I2CMasterBusBusy                 
20010f5d  I2CMasterSlaveAddrSet            
20010f85  I2CTxFIFOConfigSet               
20010fad  I2C_cancel                       
20010fd5  List_remove                      
20010ffd  PRCMSRAMRetentionEnable          
20011025  PowerCC32XX_getParkState         
2001104d  TimerSupport_timerDisable        
2001109d  I2CRxFIFOConfigSet               
200110c1  IntUnregister                    
200110e5  List_put                         
20011109  PRCMLPDSWakeupSourceEnable       
2001112d  PowerCC32XX_restoreParkState     
20011151  PowerCC32XX_restoreParkedPin     
20011175  Power_registerNotify             
20011199  UART2Support_disableRx           
200111bd  _c_int00_noargs                  
200111e1  GPIOPinWrite                     
20011203  PinUnlock                        
20011225  RingBuf_getPointer               
20011247  UART2Support_sendData            
20011269  IntRegister                      
20011289  LEDUpdate                        
200112a9  PinTypeI2C                       
200112c9  PowerCC32XX_reset                
200112e9  Power_unregisterNotify           
20011309  SemaphoreP_constructBinary       
20011329  SemaphoreP_createBinary          
20011349  TimerDisable                     
20011369  PinTypeUART                      
20011387  UART2_writeTimeout               
200113a5  UARTEnable                       
200113c3  memccpy                          
200113e1  uDMAChannelDisable               
200113ff  uDMAChannelEnable                
2001141d  uDMAChannelIsEnabled             
2001143d  GPIO_setCallback                 
20011459  HwiP_dispatch                    
20011475  SwiP_disable                     
200114c9  resetISR                         
200114e5  GPIOIntDisable                   
200114ff  PRCMHIBRegRead                   
20011519  PRCMHIBRegWrite                  
20011533  PRCMLPDSWakeupSourceDisable      
2001154d  PinToPadGet                      
20011567  TimerEnable                      
20011581  UARTFlowControlSet               
2001159b  GPIOIntEnable                    
200115b3  SemaphoreP_create                
200115e3  Board_init                       
200115f9  I2CMasterBurstLengthSet          
2001160f  I2CMasterIntDisableEx            
20011625  I2CRxFIFOFlush                   
2001163b  I2CTxFIFOFlush                   
20011651  SysTickPeriodSet                 
20011667  TimerIntDisable                  
2001167d  UARTCharsAvail                   
20011693  UARTDMADisable                   
200116a9  UARTFIFOLevelSet                 
200116bf  UARTIntDisable                   
200116d5  CPUcpsid                         
200116e9  CPUcpsie                         
200116fd  HwiP_destruct                    
20011711  I2CMasterIntEnableEx             
20011725  IntVTableBaseSet                 
20011739  Power_disablePolicy              
2001174d  Power_getTransitionLatency       
20011761  Power_idleFunc                   
20011775  TimerIntEnable                   
20011789  UARTDMAEnable                    
2001179d  UARTIntEnable                    
200117b1  __aeabi_uldivmod                 
200117c5  uDMAControlBaseSet               
200117d9  uDMAIntClear                     
200117ed  ClockP_add                       
200117ff  GPIOIntClear                     
20011811  HwiP_Params_init                 
20011823  HwiP_delete                      
20011835  I2CMasterDisable                 
20011847  I2CMasterEnable                  
20011859  I2C_transfer                     
2001186b  SysTickEnable                    
2001187d  SysTickIntDisable                
2001188f  SysTickIntEnable                 
200118b3  TI_memcpy_small                  
200118c5  ClockP_getCpuFreq                
200118d5  ClockP_getSystemTicks            
200118e5  ClockP_setTicks                  
200118f5  HwiP_inISR                       
20011905  I2CMasterControl                 
20011915  I2CMasterIntClearEx              
20011925  I2CMasterTimeoutSet              
20011935  Power_enablePolicy               
20011945  RingBuf_construct                
20011955  TempUpdate                       
20011965  TimerIntClear                    
20011975  Timer_Params_init                
20011985  UART2Support_txDone              
20011995  UARTBusy                         
200119a5  UARTIntClear                     
200119b5  UARTRxErrorGet                   
200119c5  main                             
200119d5  wcslen                           
200119e5  __TI_zero_init                   
200119f5  HwiP_interruptsEnabled           
20011a03  I2CFIFOStatus                    
20011a11  UART2_write                      
20011a2d  uDMAEnable                       
20011a3b  uDMAErrorStatusClear             
20011a49  TI_memset_small                  
20011a57  __TI_decompress_none             
20011a65  CPUwfi                           
20011a7d  I2C_Params_init                  
20011aad  PRCMLPDSWakeupCauseGet           
20011ab9  Power_getConstraintMask          
20011ad1  UART2Support_disableTx           
20011add  UART2Support_enableTx            
20011ae9  UART2_Params_init                
20011af5  gpioButtonFxn0                   
20011b01  gpioButtonFxn1                   
20011b19  timerCallback                    
20011b25  uDMAErrorStatusGet               
20011b31  CPUprimask                       
20011b3b  ClockP_isActive                  
20011b45  IntMasterDisable                 
20011b4f  IntMasterEnable                  
20011b6d  __aeabi_memset                   
20011b6d  __aeabi_memset4                  
20011b6d  __aeabi_memset8                  
20011b81  HwiP_disable                     
20011b89  HwiP_restore                     
20011b99  I2CSupport_controllerFinish      
20011ba1  PRCMSleepEnter                   
20011ba9  UtilsDelay                       
20011bb1  __aeabi_errno_addr               
20011bb9  __aeabi_memclr                   
20011bb9  __aeabi_memclr4                  
20011bb9  __aeabi_memclr8                  
20011bc1  malloc                           
20011bc9  I2CSupport_powerRelConstraint    
20011bcf  I2CSupport_powerSetConstraint    
20011bd5  UART2Support_powerRelConstraint  
20011bdb  HwiP_clearInterrupt              
20011bdf  HwiP_disableInterrupt            
20011be3  HwiP_enable                      
20011be7  HwiP_enableInterrupt             
20011beb  HwiP_post                        
20011bf3  NoRTOS_start                     
20011bf7  RingBuf_getCount                 
20011bfb  SemaphoreP_delete                
20011c01  __aeabi_memcpy                   
20011c01  __aeabi_memcpy4                  
20011c01  __aeabi_memcpy8                  
20011c05  _system_pre_init                 
20011c08  C$$EXIT                          
20011c09  abort                            
20011c0c  __TI_static_base__               
20011ce4  __TI_Handler_Table_Base          
20011cf0  __TI_Handler_Table_Limit         
20011cf8  __TI_CINIT_Base                  
20011d08  __TI_CINIT_Limit                 
20011d08  __TI_CINIT_Warm                  
20012400  uart2CC32XXObjects0              
20012578  PowerCC32XX_contextSave          
200126a4  i2cCC32XXObjects                 
200127a0  gpioCallbackFunctions            
20012824  gpioUserArgs                     
200128a8  timerCC32XXObjects               
2001292c  output                           
2001296c  tasks                            
200129dc  i2cTransaction                   
20012a10  ClockP_ctrl                      
20012a20  udmaCC3220SObject                
20012a34  i2c                              
20012a38  timer0                           
20012a3c  uart                             
20012a40  rxBuffer                         
20012a42  txBuffer                         
20012a50  __aeabi_ctype_table_             
20012a50  __aeabi_ctype_table_C            
20012b53  GPIO_pinUpperBound               
20012e18  PowerCC32XX_config               
20012ec6  I2C_count                        
20012ec7  Timer_count                      
20012f18  UART2_defaultParams              
20012f7e  UART2_count                      
20013084  i2cCC32XXHWAttrs                 
200130d0  GPIO_config                      
200130f0  timerCC32XXHWAttrs               
20013144  udmaCC3220SHWAttrs               
20013150  I2C_config                       
20013158  Timer_config                     
20013160  UART2_config                     
20013168  UDMACC32XX_config                
20013494  PowerCC32XX_module               
20013600  parkInfo                         
200136f8  gpioPinConfigs                   
200137e8  SemaphoreP_defaultParams         
200137f0  heat                             
200137f1  decreaseTempFlag                 
200137f2  increaseTempFlag                 
200137f4  temperature                      
200137f6  setpoint                         
200137f8  seconds                          
20013808  ClockP_tickPeriod                
2001380c  HwiP_swiPIntNum                  
20013810  __aeabi_errno                    
20013814  _lock                            
20013818  _unlock                          
2001381c  TimerFlag                        
ffffffff  __TI_pprof_out_hndl              
ffffffff  __TI_prof_data_size              
ffffffff  __TI_prof_data_start             
ffffffff  __binit__                        
ffffffff  binit                            
UNDEFED   ITM_flush                        
UNDEFED   ITM_restore                      
UNDEFED   __mpu_init                       
UNDEFED   _system_post_cinit               

[375 symbols]
